<!doctype html public "-//w3c//dtd html 4.0 transitional//en">
<html><head>
<title>Static Call Graph - [.\Objects\SIHAN_LPC824_LOCK.axf]</title></head>
<body><HR>
<H1>Static Call Graph for image .\Objects\SIHAN_LPC824_LOCK.axf</H1><HR>
<BR><P>#&#060CALLGRAPH&#062# ARM Linker, 5050041: Last Updated: Sun Apr 09 20:19:30 2017
<BR><P>
<H3>Maximum Stack Usage =        368 bytes + Unknown(Functions without stacksize, Cycles, Untraceable Function Pointers)</H3><H3>
Call chain for Maximum Stack Depth:</H3>
_printf_fp_dec_real &rArr; _fp_digits &rArr; _btod_etento &rArr; _btod_emul &rArr; btod_internal_mul &rArr; __ARM_common_ll_muluu
<P>
<H3>
Functions with no stack information
</H3><UL>
 <LI><a href="#[31]">__user_initial_stackheap</a>
</UL>
</UL>
<P>
<H3>
Mutually Recursive functions
</H3> <LI><a href="#[8]">HardFault_Handler</a>&nbsp;&nbsp;&nbsp;&rArr;&nbsp;&nbsp;&nbsp;<a href="#[8]">HardFault_Handler</a><BR>
 <LI><a href="#[9]">SVC_Handler</a>&nbsp;&nbsp;&nbsp;&rArr;&nbsp;&nbsp;&nbsp;<a href="#[9]">SVC_Handler</a><BR>
 <LI><a href="#[a]">PendSV_Handler</a>&nbsp;&nbsp;&nbsp;&rArr;&nbsp;&nbsp;&nbsp;<a href="#[a]">PendSV_Handler</a><BR>
 <LI><a href="#[b]">SysTick_Handler</a>&nbsp;&nbsp;&nbsp;&rArr;&nbsp;&nbsp;&nbsp;<a href="#[b]">SysTick_Handler</a><BR>
 <LI><a href="#[1d]">ADC_OVR_IRQHandler</a>&nbsp;&nbsp;&nbsp;&rArr;&nbsp;&nbsp;&nbsp;<a href="#[1d]">ADC_OVR_IRQHandler</a><BR>
</UL>
<P>
<H3>
Function Pointers
</H3><UL>
 <LI><a href="#[1d]">ADC_OVR_IRQHandler</a> from startup_lpc82x.o(.text) referenced from startup_lpc82x.o(RESET)
 <LI><a href="#[1a]">ADC_SEQA_IRQHandler</a> from startup_lpc82x.o(.text) referenced from startup_lpc82x.o(RESET)
 <LI><a href="#[1b]">ADC_SEQB_IRQHanlder</a> from startup_lpc82x.o(.text) referenced from startup_lpc82x.o(RESET)
 <LI><a href="#[1c]">ADC_THCMP_IRQHandler</a> from startup_lpc82x.o(.text) referenced from startup_lpc82x.o(RESET)
 <LI><a href="#[17]">BOD_IRQHandler</a> from startup_lpc82x.o(.text) referenced from startup_lpc82x.o(RESET)
 <LI><a href="#[15]">CMP_IRQHandler</a> from startup_lpc82x.o(.text) referenced from startup_lpc82x.o(RESET)
 <LI><a href="#[1e]">DMA_IRQHandler</a> from startup_lpc82x.o(.text) referenced from startup_lpc82x.o(RESET)
 <LI><a href="#[18]">FLASH_IRQHandler</a> from startup_lpc82x.o(.text) referenced from startup_lpc82x.o(RESET)
 <LI><a href="#[8]">HardFault_Handler</a> from startup_lpc82x.o(.text) referenced from startup_lpc82x.o(RESET)
 <LI><a href="#[12]">I2C0_IRQHandler</a> from startup_lpc82x.o(.text) referenced from startup_lpc82x.o(RESET)
 <LI><a href="#[11]">I2C1_IRQHandler</a> from startup_lpc82x.o(.text) referenced from startup_lpc82x.o(RESET)
 <LI><a href="#[1f]">I2C2_IRQHandler</a> from startup_lpc82x.o(.text) referenced from startup_lpc82x.o(RESET)
 <LI><a href="#[20]">I2C3_IRQHandler</a> from startup_lpc82x.o(.text) referenced from startup_lpc82x.o(RESET)
 <LI><a href="#[14]">MRT_IRQHandler</a> from startup_lpc82x.o(.text) referenced from startup_lpc82x.o(RESET)
 <LI><a href="#[7]">NMI_Handler</a> from startup_lpc82x.o(.text) referenced from startup_lpc82x.o(RESET)
 <LI><a href="#[21]">PIN_INT0_IRQHandler</a> from startup_lpc82x.o(.text) referenced from startup_lpc82x.o(RESET)
 <LI><a href="#[22]">PIN_INT1_IRQHandler</a> from startup_lpc82x.o(.text) referenced from startup_lpc82x.o(RESET)
 <LI><a href="#[23]">PIN_INT2_IRQHandler</a> from startup_lpc82x.o(.text) referenced from startup_lpc82x.o(RESET)
 <LI><a href="#[24]">PIN_INT3_IRQHandler</a> from startup_lpc82x.o(.text) referenced from startup_lpc82x.o(RESET)
 <LI><a href="#[25]">PIN_INT4_IRQHandler</a> from startup_lpc82x.o(.text) referenced from startup_lpc82x.o(RESET)
 <LI><a href="#[26]">PIN_INT5_IRQHandler</a> from startup_lpc82x.o(.text) referenced from startup_lpc82x.o(RESET)
 <LI><a href="#[27]">PIN_INT6_IRQHandler</a> from startup_lpc82x.o(.text) referenced from startup_lpc82x.o(RESET)
 <LI><a href="#[28]">PIN_INT7_IRQHandler</a> from startup_lpc82x.o(.text) referenced from startup_lpc82x.o(RESET)
 <LI><a href="#[a]">PendSV_Handler</a> from startup_lpc82x.o(.text) referenced from startup_lpc82x.o(RESET)
 <LI><a href="#[2f]">Reset_Handler</a> from startup_lpc82x.o(.text) referenced from startup_lpc82x.o(RESET)
 <LI><a href="#[13]">SCT_IRQHandler</a> from startup_lpc82x.o(.text) referenced from startup_lpc82x.o(RESET)
 <LI><a href="#[c]">SPI0_IRQHandler</a> from startup_lpc82x.o(.text) referenced from startup_lpc82x.o(RESET)
 <LI><a href="#[d]">SPI1_IRQHandler</a> from startup_lpc82x.o(.text) referenced from startup_lpc82x.o(RESET)
 <LI><a href="#[9]">SVC_Handler</a> from startup_lpc82x.o(.text) referenced from startup_lpc82x.o(RESET)
 <LI><a href="#[b]">SysTick_Handler</a> from startup_lpc82x.o(.text) referenced from startup_lpc82x.o(RESET)
 <LI><a href="#[29]">SystemInit</a> from system_lpc8xx.o(.text) referenced from startup_lpc82x.o(.text)
 <LI><a href="#[e]">UART0_IRQHandler</a> from lpc8xx_uart.o(.text) referenced from startup_lpc82x.o(RESET)
 <LI><a href="#[f]">UART1_IRQHandler</a> from startup_lpc82x.o(.text) referenced from startup_lpc82x.o(RESET)
 <LI><a href="#[10]">UART2_IRQHandler</a> from startup_lpc82x.o(.text) referenced from startup_lpc82x.o(RESET)
 <LI><a href="#[16]">WDT_IRQHandler</a> from startup_lpc82x.o(.text) referenced from startup_lpc82x.o(RESET)
 <LI><a href="#[19]">WKT_IRQHandler</a> from startup_lpc82x.o(.text) referenced from startup_lpc82x.o(RESET)
 <LI><a href="#[30]">__main</a> from __main.o(!!!main) referenced from startup_lpc82x.o(.text)
 <LI><a href="#[2d]">_get_lc_ctype</a> from lc_ctype_c.o(locale$$code) referenced from rt_ctype_table.o(.text)
 <LI><a href="#[2e]">_printf_fp_dec_real</a> from _printf_fp_dec.o(.text) referenced from printf1.o(x$fpl$printf1)
 <LI><a href="#[2c]">_printf_input_char</a> from _printf_char_common.o(.text) referenced from _printf_char_common.o(.text)
 <LI><a href="#[2b]">_sputc</a> from _sputc.o(.text) referenced from c89vsprintf.o(.text)
</UL>
<P>
<H3>
Global Symbols
</H3>
<P><STRONG><a name="[30]"></a>__main</STRONG> (Thumb, 8 bytes, Stack size 0 bytes, __main.o(!!!main))
<BR><BR>[Calls]<UL><LI><a href="#[33]">&gt;&gt;</a>&nbsp;&nbsp;&nbsp;__rt_entry
<LI><a href="#[32]">&gt;&gt;</a>&nbsp;&nbsp;&nbsp;__scatterload
</UL>

<P><STRONG><a name="[32]"></a>__scatterload</STRONG> (Thumb, 0 bytes, Stack size unknown bytes, __scatter.o(!!!scatter))
<BR><BR>[Called By]<UL><LI><a href="#[30]">&gt;&gt;</a>&nbsp;&nbsp;&nbsp;__main
</UL>

<P><STRONG><a name="[34]"></a>__scatterload_rt2</STRONG> (Thumb, 52 bytes, Stack size unknown bytes, __scatter.o(!!!scatter), UNUSED)
<BR><BR>[Calls]<UL><LI><a href="#[33]">&gt;&gt;</a>&nbsp;&nbsp;&nbsp;__rt_entry
</UL>

<P><STRONG><a name="[e2]"></a>__scatterload_rt2_thumb_only</STRONG> (Thumb, 0 bytes, Stack size unknown bytes, __scatter.o(!!!scatter), UNUSED)

<P><STRONG><a name="[e3]"></a>__scatterload_null</STRONG> (Thumb, 0 bytes, Stack size unknown bytes, __scatter.o(!!!scatter), UNUSED)

<P><STRONG><a name="[35]"></a>__scatterload_copy</STRONG> (Thumb, 26 bytes, Stack size unknown bytes, __scatter_copy.o(!!handler_copy), UNUSED)
<BR><BR>[Calls]<UL><LI><a href="#[35]">&gt;&gt;</a>&nbsp;&nbsp;&nbsp;__scatterload_copy
</UL>
<BR>[Called By]<UL><LI><a href="#[35]">&gt;&gt;</a>&nbsp;&nbsp;&nbsp;__scatterload_copy
</UL>

<P><STRONG><a name="[e4]"></a>__scatterload_zeroinit</STRONG> (Thumb, 28 bytes, Stack size unknown bytes, __scatter_zi.o(!!handler_zi), UNUSED)

<P><STRONG><a name="[cb]"></a>_printf_percent</STRONG> (Thumb, 0 bytes, Stack size unknown bytes, _printf_percent.o(.ARM.Collect$$_printf_percent$$00000000))
<BR><BR>[Called By]<UL><LI><a href="#[c4]">&gt;&gt;</a>&nbsp;&nbsp;&nbsp;__printf
</UL>

<P><STRONG><a name="[36]"></a>_printf_n</STRONG> (Thumb, 0 bytes, Stack size unknown bytes, _printf_n.o(.ARM.Collect$$_printf_percent$$00000001))
<BR><BR>[Stack]<UL><LI>Max Depth = 96 + Unknown Stack Size
<LI>Call Chain = _printf_n &rArr; _printf_p &rArr; _printf_f &rArr; _printf_e &rArr; _printf_g &rArr; _printf_a &rArr; _printf_ll &rArr; _printf_i &rArr; _printf_d &rArr; _printf_u &rArr; _printf_o &rArr; _printf_x &rArr; _printf_int_hex &rArr; _printf_longlong_hex &rArr; _printf_int_common &rArr; _printf_post_padding
</UL>
<BR>[Calls]<UL><LI><a href="#[37]">&gt;&gt;</a>&nbsp;&nbsp;&nbsp;_printf_p
<LI><a href="#[38]">&gt;&gt;</a>&nbsp;&nbsp;&nbsp;_printf_charcount
</UL>

<P><STRONG><a name="[37]"></a>_printf_p</STRONG> (Thumb, 0 bytes, Stack size unknown bytes, _printf_p.o(.ARM.Collect$$_printf_percent$$00000002))
<BR><BR>[Stack]<UL><LI>Max Depth = 96 + Unknown Stack Size
<LI>Call Chain = _printf_p &rArr; _printf_f &rArr; _printf_e &rArr; _printf_g &rArr; _printf_a &rArr; _printf_ll &rArr; _printf_i &rArr; _printf_d &rArr; _printf_u &rArr; _printf_o &rArr; _printf_x &rArr; _printf_int_hex &rArr; _printf_longlong_hex &rArr; _printf_int_common &rArr; _printf_post_padding
</UL>
<BR>[Calls]<UL><LI><a href="#[39]">&gt;&gt;</a>&nbsp;&nbsp;&nbsp;_printf_f
<LI><a href="#[3a]">&gt;&gt;</a>&nbsp;&nbsp;&nbsp;_printf_hex_ptr
</UL>
<BR>[Called By]<UL><LI><a href="#[36]">&gt;&gt;</a>&nbsp;&nbsp;&nbsp;_printf_n
</UL>

<P><STRONG><a name="[39]"></a>_printf_f</STRONG> (Thumb, 0 bytes, Stack size unknown bytes, _printf_f.o(.ARM.Collect$$_printf_percent$$00000003))
<BR><BR>[Stack]<UL><LI>Max Depth = 96 + Unknown Stack Size
<LI>Call Chain = _printf_f &rArr; _printf_e &rArr; _printf_g &rArr; _printf_a &rArr; _printf_ll &rArr; _printf_i &rArr; _printf_d &rArr; _printf_u &rArr; _printf_o &rArr; _printf_x &rArr; _printf_int_hex &rArr; _printf_longlong_hex &rArr; _printf_int_common &rArr; _printf_post_padding
</UL>
<BR>[Calls]<UL><LI><a href="#[3c]">&gt;&gt;</a>&nbsp;&nbsp;&nbsp;_printf_fp_dec
<LI><a href="#[3b]">&gt;&gt;</a>&nbsp;&nbsp;&nbsp;_printf_e
</UL>
<BR>[Called By]<UL><LI><a href="#[37]">&gt;&gt;</a>&nbsp;&nbsp;&nbsp;_printf_p
</UL>

<P><STRONG><a name="[3b]"></a>_printf_e</STRONG> (Thumb, 0 bytes, Stack size unknown bytes, _printf_e.o(.ARM.Collect$$_printf_percent$$00000004))
<BR><BR>[Stack]<UL><LI>Max Depth = 96 + Unknown Stack Size
<LI>Call Chain = _printf_e &rArr; _printf_g &rArr; _printf_a &rArr; _printf_ll &rArr; _printf_i &rArr; _printf_d &rArr; _printf_u &rArr; _printf_o &rArr; _printf_x &rArr; _printf_int_hex &rArr; _printf_longlong_hex &rArr; _printf_int_common &rArr; _printf_post_padding
</UL>
<BR>[Calls]<UL><LI><a href="#[3c]">&gt;&gt;</a>&nbsp;&nbsp;&nbsp;_printf_fp_dec
<LI><a href="#[3d]">&gt;&gt;</a>&nbsp;&nbsp;&nbsp;_printf_g
</UL>
<BR>[Called By]<UL><LI><a href="#[39]">&gt;&gt;</a>&nbsp;&nbsp;&nbsp;_printf_f
</UL>

<P><STRONG><a name="[3d]"></a>_printf_g</STRONG> (Thumb, 0 bytes, Stack size unknown bytes, _printf_g.o(.ARM.Collect$$_printf_percent$$00000005))
<BR><BR>[Stack]<UL><LI>Max Depth = 96 + Unknown Stack Size
<LI>Call Chain = _printf_g &rArr; _printf_a &rArr; _printf_ll &rArr; _printf_i &rArr; _printf_d &rArr; _printf_u &rArr; _printf_o &rArr; _printf_x &rArr; _printf_int_hex &rArr; _printf_longlong_hex &rArr; _printf_int_common &rArr; _printf_post_padding
</UL>
<BR>[Calls]<UL><LI><a href="#[3c]">&gt;&gt;</a>&nbsp;&nbsp;&nbsp;_printf_fp_dec
<LI><a href="#[3e]">&gt;&gt;</a>&nbsp;&nbsp;&nbsp;_printf_a
</UL>
<BR>[Called By]<UL><LI><a href="#[3b]">&gt;&gt;</a>&nbsp;&nbsp;&nbsp;_printf_e
</UL>

<P><STRONG><a name="[3e]"></a>_printf_a</STRONG> (Thumb, 0 bytes, Stack size unknown bytes, _printf_a.o(.ARM.Collect$$_printf_percent$$00000006))
<BR><BR>[Stack]<UL><LI>Max Depth = 96 + Unknown Stack Size
<LI>Call Chain = _printf_a &rArr; _printf_ll &rArr; _printf_i &rArr; _printf_d &rArr; _printf_u &rArr; _printf_o &rArr; _printf_x &rArr; _printf_int_hex &rArr; _printf_longlong_hex &rArr; _printf_int_common &rArr; _printf_post_padding
</UL>
<BR>[Calls]<UL><LI><a href="#[3f]">&gt;&gt;</a>&nbsp;&nbsp;&nbsp;_printf_ll
<LI><a href="#[40]">&gt;&gt;</a>&nbsp;&nbsp;&nbsp;_printf_fp_hex (Weak Reference)
</UL>
<BR>[Called By]<UL><LI><a href="#[3d]">&gt;&gt;</a>&nbsp;&nbsp;&nbsp;_printf_g
</UL>

<P><STRONG><a name="[3f]"></a>_printf_ll</STRONG> (Thumb, 0 bytes, Stack size unknown bytes, _printf_ll.o(.ARM.Collect$$_printf_percent$$00000007))
<BR><BR>[Stack]<UL><LI>Max Depth = 96 + Unknown Stack Size
<LI>Call Chain = _printf_ll &rArr; _printf_i &rArr; _printf_d &rArr; _printf_u &rArr; _printf_o &rArr; _printf_x &rArr; _printf_int_hex &rArr; _printf_longlong_hex &rArr; _printf_int_common &rArr; _printf_post_padding
</UL>
<BR>[Calls]<UL><LI><a href="#[41]">&gt;&gt;</a>&nbsp;&nbsp;&nbsp;_printf_i
</UL>
<BR>[Called By]<UL><LI><a href="#[3e]">&gt;&gt;</a>&nbsp;&nbsp;&nbsp;_printf_a
</UL>

<P><STRONG><a name="[41]"></a>_printf_i</STRONG> (Thumb, 0 bytes, Stack size unknown bytes, _printf_i.o(.ARM.Collect$$_printf_percent$$00000008))
<BR><BR>[Stack]<UL><LI>Max Depth = 96 + Unknown Stack Size
<LI>Call Chain = _printf_i &rArr; _printf_d &rArr; _printf_u &rArr; _printf_o &rArr; _printf_x &rArr; _printf_int_hex &rArr; _printf_longlong_hex &rArr; _printf_int_common &rArr; _printf_post_padding
</UL>
<BR>[Calls]<UL><LI><a href="#[42]">&gt;&gt;</a>&nbsp;&nbsp;&nbsp;_printf_d
<LI><a href="#[43]">&gt;&gt;</a>&nbsp;&nbsp;&nbsp;_printf_int_dec
</UL>
<BR>[Called By]<UL><LI><a href="#[3f]">&gt;&gt;</a>&nbsp;&nbsp;&nbsp;_printf_ll
</UL>

<P><STRONG><a name="[42]"></a>_printf_d</STRONG> (Thumb, 0 bytes, Stack size unknown bytes, _printf_d.o(.ARM.Collect$$_printf_percent$$00000009))
<BR><BR>[Stack]<UL><LI>Max Depth = 96 + Unknown Stack Size
<LI>Call Chain = _printf_d &rArr; _printf_u &rArr; _printf_o &rArr; _printf_x &rArr; _printf_int_hex &rArr; _printf_longlong_hex &rArr; _printf_int_common &rArr; _printf_post_padding
</UL>
<BR>[Calls]<UL><LI><a href="#[44]">&gt;&gt;</a>&nbsp;&nbsp;&nbsp;_printf_u
<LI><a href="#[43]">&gt;&gt;</a>&nbsp;&nbsp;&nbsp;_printf_int_dec
</UL>
<BR>[Called By]<UL><LI><a href="#[41]">&gt;&gt;</a>&nbsp;&nbsp;&nbsp;_printf_i
</UL>

<P><STRONG><a name="[44]"></a>_printf_u</STRONG> (Thumb, 0 bytes, Stack size unknown bytes, _printf_u.o(.ARM.Collect$$_printf_percent$$0000000A))
<BR><BR>[Stack]<UL><LI>Max Depth = 96 + Unknown Stack Size
<LI>Call Chain = _printf_u &rArr; _printf_o &rArr; _printf_x &rArr; _printf_int_hex &rArr; _printf_longlong_hex &rArr; _printf_int_common &rArr; _printf_post_padding
</UL>
<BR>[Calls]<UL><LI><a href="#[45]">&gt;&gt;</a>&nbsp;&nbsp;&nbsp;_printf_o
<LI><a href="#[43]">&gt;&gt;</a>&nbsp;&nbsp;&nbsp;_printf_int_dec
</UL>
<BR>[Called By]<UL><LI><a href="#[42]">&gt;&gt;</a>&nbsp;&nbsp;&nbsp;_printf_d
</UL>

<P><STRONG><a name="[45]"></a>_printf_o</STRONG> (Thumb, 0 bytes, Stack size unknown bytes, _printf_o.o(.ARM.Collect$$_printf_percent$$0000000B))
<BR><BR>[Stack]<UL><LI>Max Depth = 96 + Unknown Stack Size
<LI>Call Chain = _printf_o &rArr; _printf_x &rArr; _printf_int_hex &rArr; _printf_longlong_hex &rArr; _printf_int_common &rArr; _printf_post_padding
</UL>
<BR>[Calls]<UL><LI><a href="#[46]">&gt;&gt;</a>&nbsp;&nbsp;&nbsp;_printf_x
<LI><a href="#[47]">&gt;&gt;</a>&nbsp;&nbsp;&nbsp;_printf_int_oct
</UL>
<BR>[Called By]<UL><LI><a href="#[44]">&gt;&gt;</a>&nbsp;&nbsp;&nbsp;_printf_u
</UL>

<P><STRONG><a name="[46]"></a>_printf_x</STRONG> (Thumb, 0 bytes, Stack size unknown bytes, _printf_x.o(.ARM.Collect$$_printf_percent$$0000000C))
<BR><BR>[Stack]<UL><LI>Max Depth = 96 + Unknown Stack Size
<LI>Call Chain = _printf_x &rArr; _printf_int_hex &rArr; _printf_longlong_hex &rArr; _printf_int_common &rArr; _printf_post_padding
</UL>
<BR>[Calls]<UL><LI><a href="#[48]">&gt;&gt;</a>&nbsp;&nbsp;&nbsp;_printf_lli
<LI><a href="#[49]">&gt;&gt;</a>&nbsp;&nbsp;&nbsp;_printf_int_hex
</UL>
<BR>[Called By]<UL><LI><a href="#[45]">&gt;&gt;</a>&nbsp;&nbsp;&nbsp;_printf_o
</UL>

<P><STRONG><a name="[48]"></a>_printf_lli</STRONG> (Thumb, 0 bytes, Stack size unknown bytes, _printf_lli.o(.ARM.Collect$$_printf_percent$$0000000D))
<BR><BR>[Stack]<UL><LI>Max Depth = 88 + Unknown Stack Size
<LI>Call Chain = _printf_lli &rArr; _printf_lld &rArr; _printf_llu &rArr; _printf_llo &rArr; _printf_llx &rArr; _printf_l &rArr; _printf_c &rArr; _printf_s &rArr; _printf_lc &rArr; _printf_ls &rArr; _printf_wstring &rArr; _printf_lcs_common &rArr; _printf_wctomb &rArr; _wcrtomb &rArr; __rt_ctype_table
</UL>
<BR>[Calls]<UL><LI><a href="#[4a]">&gt;&gt;</a>&nbsp;&nbsp;&nbsp;_printf_lld
<LI><a href="#[4b]">&gt;&gt;</a>&nbsp;&nbsp;&nbsp;_printf_longlong_dec
</UL>
<BR>[Called By]<UL><LI><a href="#[46]">&gt;&gt;</a>&nbsp;&nbsp;&nbsp;_printf_x
</UL>

<P><STRONG><a name="[4a]"></a>_printf_lld</STRONG> (Thumb, 0 bytes, Stack size unknown bytes, _printf_lld.o(.ARM.Collect$$_printf_percent$$0000000E))
<BR><BR>[Stack]<UL><LI>Max Depth = 88 + Unknown Stack Size
<LI>Call Chain = _printf_lld &rArr; _printf_llu &rArr; _printf_llo &rArr; _printf_llx &rArr; _printf_l &rArr; _printf_c &rArr; _printf_s &rArr; _printf_lc &rArr; _printf_ls &rArr; _printf_wstring &rArr; _printf_lcs_common &rArr; _printf_wctomb &rArr; _wcrtomb &rArr; __rt_ctype_table
</UL>
<BR>[Calls]<UL><LI><a href="#[4c]">&gt;&gt;</a>&nbsp;&nbsp;&nbsp;_printf_llu
<LI><a href="#[4b]">&gt;&gt;</a>&nbsp;&nbsp;&nbsp;_printf_longlong_dec
</UL>
<BR>[Called By]<UL><LI><a href="#[48]">&gt;&gt;</a>&nbsp;&nbsp;&nbsp;_printf_lli
</UL>

<P><STRONG><a name="[4c]"></a>_printf_llu</STRONG> (Thumb, 0 bytes, Stack size unknown bytes, _printf_llu.o(.ARM.Collect$$_printf_percent$$0000000F))
<BR><BR>[Stack]<UL><LI>Max Depth = 88 + Unknown Stack Size
<LI>Call Chain = _printf_llu &rArr; _printf_llo &rArr; _printf_llx &rArr; _printf_l &rArr; _printf_c &rArr; _printf_s &rArr; _printf_lc &rArr; _printf_ls &rArr; _printf_wstring &rArr; _printf_lcs_common &rArr; _printf_wctomb &rArr; _wcrtomb &rArr; __rt_ctype_table
</UL>
<BR>[Calls]<UL><LI><a href="#[4d]">&gt;&gt;</a>&nbsp;&nbsp;&nbsp;_printf_llo
<LI><a href="#[4b]">&gt;&gt;</a>&nbsp;&nbsp;&nbsp;_printf_longlong_dec
</UL>
<BR>[Called By]<UL><LI><a href="#[4a]">&gt;&gt;</a>&nbsp;&nbsp;&nbsp;_printf_lld
</UL>

<P><STRONG><a name="[4d]"></a>_printf_llo</STRONG> (Thumb, 0 bytes, Stack size unknown bytes, _printf_llo.o(.ARM.Collect$$_printf_percent$$00000010))
<BR><BR>[Stack]<UL><LI>Max Depth = 88 + Unknown Stack Size
<LI>Call Chain = _printf_llo &rArr; _printf_llx &rArr; _printf_l &rArr; _printf_c &rArr; _printf_s &rArr; _printf_lc &rArr; _printf_ls &rArr; _printf_wstring &rArr; _printf_lcs_common &rArr; _printf_wctomb &rArr; _wcrtomb &rArr; __rt_ctype_table
</UL>
<BR>[Calls]<UL><LI><a href="#[4e]">&gt;&gt;</a>&nbsp;&nbsp;&nbsp;_printf_llx
<LI><a href="#[4f]">&gt;&gt;</a>&nbsp;&nbsp;&nbsp;_printf_ll_oct
</UL>
<BR>[Called By]<UL><LI><a href="#[4c]">&gt;&gt;</a>&nbsp;&nbsp;&nbsp;_printf_llu
</UL>

<P><STRONG><a name="[4e]"></a>_printf_llx</STRONG> (Thumb, 0 bytes, Stack size unknown bytes, _printf_llx.o(.ARM.Collect$$_printf_percent$$00000011))
<BR><BR>[Stack]<UL><LI>Max Depth = 88 + Unknown Stack Size
<LI>Call Chain = _printf_llx &rArr; _printf_l &rArr; _printf_c &rArr; _printf_s &rArr; _printf_lc &rArr; _printf_ls &rArr; _printf_wstring &rArr; _printf_lcs_common &rArr; _printf_wctomb &rArr; _wcrtomb &rArr; __rt_ctype_table
</UL>
<BR>[Calls]<UL><LI><a href="#[50]">&gt;&gt;</a>&nbsp;&nbsp;&nbsp;_printf_l
<LI><a href="#[51]">&gt;&gt;</a>&nbsp;&nbsp;&nbsp;_printf_ll_hex
</UL>
<BR>[Called By]<UL><LI><a href="#[4d]">&gt;&gt;</a>&nbsp;&nbsp;&nbsp;_printf_llo
</UL>

<P><STRONG><a name="[50]"></a>_printf_l</STRONG> (Thumb, 0 bytes, Stack size unknown bytes, _printf_l.o(.ARM.Collect$$_printf_percent$$00000012))
<BR><BR>[Stack]<UL><LI>Max Depth = 88 + Unknown Stack Size
<LI>Call Chain = _printf_l &rArr; _printf_c &rArr; _printf_s &rArr; _printf_lc &rArr; _printf_ls &rArr; _printf_wstring &rArr; _printf_lcs_common &rArr; _printf_wctomb &rArr; _wcrtomb &rArr; __rt_ctype_table
</UL>
<BR>[Calls]<UL><LI><a href="#[52]">&gt;&gt;</a>&nbsp;&nbsp;&nbsp;_printf_c
</UL>
<BR>[Called By]<UL><LI><a href="#[4e]">&gt;&gt;</a>&nbsp;&nbsp;&nbsp;_printf_llx
</UL>

<P><STRONG><a name="[52]"></a>_printf_c</STRONG> (Thumb, 0 bytes, Stack size unknown bytes, _printf_c.o(.ARM.Collect$$_printf_percent$$00000013))
<BR><BR>[Stack]<UL><LI>Max Depth = 88 + Unknown Stack Size
<LI>Call Chain = _printf_c &rArr; _printf_s &rArr; _printf_lc &rArr; _printf_ls &rArr; _printf_wstring &rArr; _printf_lcs_common &rArr; _printf_wctomb &rArr; _wcrtomb &rArr; __rt_ctype_table
</UL>
<BR>[Calls]<UL><LI><a href="#[53]">&gt;&gt;</a>&nbsp;&nbsp;&nbsp;_printf_s
<LI><a href="#[54]">&gt;&gt;</a>&nbsp;&nbsp;&nbsp;_printf_char
</UL>
<BR>[Called By]<UL><LI><a href="#[50]">&gt;&gt;</a>&nbsp;&nbsp;&nbsp;_printf_l
</UL>

<P><STRONG><a name="[53]"></a>_printf_s</STRONG> (Thumb, 0 bytes, Stack size unknown bytes, _printf_s.o(.ARM.Collect$$_printf_percent$$00000014))
<BR><BR>[Stack]<UL><LI>Max Depth = 88 + Unknown Stack Size
<LI>Call Chain = _printf_s &rArr; _printf_lc &rArr; _printf_ls &rArr; _printf_wstring &rArr; _printf_lcs_common &rArr; _printf_wctomb &rArr; _wcrtomb &rArr; __rt_ctype_table
</UL>
<BR>[Calls]<UL><LI><a href="#[55]">&gt;&gt;</a>&nbsp;&nbsp;&nbsp;_printf_lc
<LI><a href="#[56]">&gt;&gt;</a>&nbsp;&nbsp;&nbsp;_printf_string
</UL>
<BR>[Called By]<UL><LI><a href="#[52]">&gt;&gt;</a>&nbsp;&nbsp;&nbsp;_printf_c
</UL>

<P><STRONG><a name="[55]"></a>_printf_lc</STRONG> (Thumb, 0 bytes, Stack size unknown bytes, _printf_lc.o(.ARM.Collect$$_printf_percent$$00000015))
<BR><BR>[Stack]<UL><LI>Max Depth = 88 + Unknown Stack Size
<LI>Call Chain = _printf_lc &rArr; _printf_ls &rArr; _printf_wstring &rArr; _printf_lcs_common &rArr; _printf_wctomb &rArr; _wcrtomb &rArr; __rt_ctype_table
</UL>
<BR>[Calls]<UL><LI><a href="#[57]">&gt;&gt;</a>&nbsp;&nbsp;&nbsp;_printf_ls
<LI><a href="#[58]">&gt;&gt;</a>&nbsp;&nbsp;&nbsp;_printf_wchar
</UL>
<BR>[Called By]<UL><LI><a href="#[53]">&gt;&gt;</a>&nbsp;&nbsp;&nbsp;_printf_s
</UL>

<P><STRONG><a name="[57]"></a>_printf_ls</STRONG> (Thumb, 0 bytes, Stack size unknown bytes, _printf_ls.o(.ARM.Collect$$_printf_percent$$00000016))
<BR><BR>[Stack]<UL><LI>Max Depth = 88 + Unknown Stack Size
<LI>Call Chain = _printf_ls &rArr; _printf_wstring &rArr; _printf_lcs_common &rArr; _printf_wctomb &rArr; _wcrtomb &rArr; __rt_ctype_table
</UL>
<BR>[Calls]<UL><LI><a href="#[59]">&gt;&gt;</a>&nbsp;&nbsp;&nbsp;_printf_percent_end
<LI><a href="#[5a]">&gt;&gt;</a>&nbsp;&nbsp;&nbsp;_printf_wstring
</UL>
<BR>[Called By]<UL><LI><a href="#[55]">&gt;&gt;</a>&nbsp;&nbsp;&nbsp;_printf_lc
</UL>

<P><STRONG><a name="[59]"></a>_printf_percent_end</STRONG> (Thumb, 0 bytes, Stack size unknown bytes, _printf_percent_end.o(.ARM.Collect$$_printf_percent$$00000017))
<BR><BR>[Called By]<UL><LI><a href="#[57]">&gt;&gt;</a>&nbsp;&nbsp;&nbsp;_printf_ls
</UL>

<P><STRONG><a name="[63]"></a>__rt_lib_init</STRONG> (Thumb, 0 bytes, Stack size unknown bytes, libinit.o(.ARM.Collect$$libinit$$00000000))
<BR><BR>[Called By]<UL><LI><a href="#[62]">&gt;&gt;</a>&nbsp;&nbsp;&nbsp;__rt_entry_li
</UL>

<P><STRONG><a name="[e5]"></a>__rt_lib_init_fp_1</STRONG> (Thumb, 0 bytes, Stack size unknown bytes, libinit2.o(.ARM.Collect$$libinit$$00000002))

<P><STRONG><a name="[e6]"></a>__rt_lib_init_heap_1</STRONG> (Thumb, 0 bytes, Stack size unknown bytes, libinit2.o(.ARM.Collect$$libinit$$0000000A))

<P><STRONG><a name="[5b]"></a>__rt_lib_init_lc_common</STRONG> (Thumb, 0 bytes, Stack size unknown bytes, libinit2.o(.ARM.Collect$$libinit$$0000000F))
<BR><BR>[Calls]<UL><LI><a href="#[5c]">&gt;&gt;</a>&nbsp;&nbsp;&nbsp;__rt_locale
</UL>

<P><STRONG><a name="[e7]"></a>__rt_lib_init_preinit_1</STRONG> (Thumb, 0 bytes, Stack size unknown bytes, libinit2.o(.ARM.Collect$$libinit$$00000004))

<P><STRONG><a name="[e8]"></a>__rt_lib_init_rand_1</STRONG> (Thumb, 0 bytes, Stack size unknown bytes, libinit2.o(.ARM.Collect$$libinit$$0000000E))

<P><STRONG><a name="[e9]"></a>__rt_lib_init_user_alloc_1</STRONG> (Thumb, 0 bytes, Stack size unknown bytes, libinit2.o(.ARM.Collect$$libinit$$0000000C))

<P><STRONG><a name="[ea]"></a>__rt_lib_init_lc_collate_1</STRONG> (Thumb, 0 bytes, Stack size unknown bytes, libinit2.o(.ARM.Collect$$libinit$$00000011))

<P><STRONG><a name="[5d]"></a>__rt_lib_init_lc_ctype_2</STRONG> (Thumb, 0 bytes, Stack size unknown bytes, libinit2.o(.ARM.Collect$$libinit$$00000012))
<BR><BR>[Stack]<UL><LI>Max Depth = 24 + Unknown Stack Size
<LI>Call Chain = __rt_lib_init_lc_ctype_2 &rArr; _get_lc_ctype &rArr; strcmp
</UL>
<BR>[Calls]<UL><LI><a href="#[2d]">&gt;&gt;</a>&nbsp;&nbsp;&nbsp;_get_lc_ctype
</UL>

<P><STRONG><a name="[eb]"></a>__rt_lib_init_lc_ctype_1</STRONG> (Thumb, 0 bytes, Stack size unknown bytes, libinit2.o(.ARM.Collect$$libinit$$00000013))

<P><STRONG><a name="[ec]"></a>__rt_lib_init_lc_monetary_1</STRONG> (Thumb, 0 bytes, Stack size unknown bytes, libinit2.o(.ARM.Collect$$libinit$$00000015))

<P><STRONG><a name="[5e]"></a>__rt_lib_init_lc_numeric_2</STRONG> (Thumb, 0 bytes, Stack size unknown bytes, libinit2.o(.ARM.Collect$$libinit$$00000016))
<BR><BR>[Stack]<UL><LI>Max Depth = 24 + Unknown Stack Size
<LI>Call Chain = __rt_lib_init_lc_numeric_2 &rArr; _get_lc_numeric &rArr; strcmp
</UL>
<BR>[Calls]<UL><LI><a href="#[5f]">&gt;&gt;</a>&nbsp;&nbsp;&nbsp;_get_lc_numeric
</UL>

<P><STRONG><a name="[ed]"></a>__rt_lib_init_alloca_1</STRONG> (Thumb, 0 bytes, Stack size unknown bytes, libinit2.o(.ARM.Collect$$libinit$$0000002E))

<P><STRONG><a name="[ee]"></a>__rt_lib_init_argv_1</STRONG> (Thumb, 0 bytes, Stack size unknown bytes, libinit2.o(.ARM.Collect$$libinit$$0000002C))

<P><STRONG><a name="[ef]"></a>__rt_lib_init_atexit_1</STRONG> (Thumb, 0 bytes, Stack size unknown bytes, libinit2.o(.ARM.Collect$$libinit$$0000001B))

<P><STRONG><a name="[f0]"></a>__rt_lib_init_clock_1</STRONG> (Thumb, 0 bytes, Stack size unknown bytes, libinit2.o(.ARM.Collect$$libinit$$00000021))

<P><STRONG><a name="[f1]"></a>__rt_lib_init_cpp_1</STRONG> (Thumb, 0 bytes, Stack size unknown bytes, libinit2.o(.ARM.Collect$$libinit$$00000032))

<P><STRONG><a name="[f2]"></a>__rt_lib_init_exceptions_1</STRONG> (Thumb, 0 bytes, Stack size unknown bytes, libinit2.o(.ARM.Collect$$libinit$$00000030))

<P><STRONG><a name="[f3]"></a>__rt_lib_init_fp_trap_1</STRONG> (Thumb, 0 bytes, Stack size unknown bytes, libinit2.o(.ARM.Collect$$libinit$$0000001F))

<P><STRONG><a name="[f4]"></a>__rt_lib_init_getenv_1</STRONG> (Thumb, 0 bytes, Stack size unknown bytes, libinit2.o(.ARM.Collect$$libinit$$00000023))

<P><STRONG><a name="[f5]"></a>__rt_lib_init_lc_numeric_1</STRONG> (Thumb, 0 bytes, Stack size unknown bytes, libinit2.o(.ARM.Collect$$libinit$$00000017))

<P><STRONG><a name="[f6]"></a>__rt_lib_init_lc_time_1</STRONG> (Thumb, 0 bytes, Stack size unknown bytes, libinit2.o(.ARM.Collect$$libinit$$00000019))

<P><STRONG><a name="[f7]"></a>__rt_lib_init_return</STRONG> (Thumb, 0 bytes, Stack size unknown bytes, libinit2.o(.ARM.Collect$$libinit$$00000033))

<P><STRONG><a name="[f8]"></a>__rt_lib_init_signal_1</STRONG> (Thumb, 0 bytes, Stack size unknown bytes, libinit2.o(.ARM.Collect$$libinit$$0000001D))

<P><STRONG><a name="[f9]"></a>__rt_lib_init_stdio_1</STRONG> (Thumb, 0 bytes, Stack size unknown bytes, libinit2.o(.ARM.Collect$$libinit$$00000025))

<P><STRONG><a name="[68]"></a>__rt_lib_shutdown</STRONG> (Thumb, 0 bytes, Stack size unknown bytes, libshutdown.o(.ARM.Collect$$libshutdown$$00000000))
<BR><BR>[Called By]<UL><LI><a href="#[67]">&gt;&gt;</a>&nbsp;&nbsp;&nbsp;__rt_exit_ls
</UL>

<P><STRONG><a name="[fa]"></a>__rt_lib_shutdown_fp_trap_1</STRONG> (Thumb, 0 bytes, Stack size unknown bytes, libshutdown2.o(.ARM.Collect$$libshutdown$$00000006))

<P><STRONG><a name="[fb]"></a>__rt_lib_shutdown_heap_1</STRONG> (Thumb, 0 bytes, Stack size unknown bytes, libshutdown2.o(.ARM.Collect$$libshutdown$$0000000E))

<P><STRONG><a name="[fc]"></a>__rt_lib_shutdown_return</STRONG> (Thumb, 0 bytes, Stack size unknown bytes, libshutdown2.o(.ARM.Collect$$libshutdown$$0000000F))

<P><STRONG><a name="[fd]"></a>__rt_lib_shutdown_signal_1</STRONG> (Thumb, 0 bytes, Stack size unknown bytes, libshutdown2.o(.ARM.Collect$$libshutdown$$00000009))

<P><STRONG><a name="[fe]"></a>__rt_lib_shutdown_stdio_1</STRONG> (Thumb, 0 bytes, Stack size unknown bytes, libshutdown2.o(.ARM.Collect$$libshutdown$$00000003))

<P><STRONG><a name="[ff]"></a>__rt_lib_shutdown_user_alloc_1</STRONG> (Thumb, 0 bytes, Stack size unknown bytes, libshutdown2.o(.ARM.Collect$$libshutdown$$0000000B))

<P><STRONG><a name="[33]"></a>__rt_entry</STRONG> (Thumb, 0 bytes, Stack size unknown bytes, __rtentry.o(.ARM.Collect$$rtentry$$00000000))
<BR><BR>[Called By]<UL><LI><a href="#[30]">&gt;&gt;</a>&nbsp;&nbsp;&nbsp;__main
<LI><a href="#[34]">&gt;&gt;</a>&nbsp;&nbsp;&nbsp;__scatterload_rt2
</UL>

<P><STRONG><a name="[100]"></a>__rt_entry_presh_1</STRONG> (Thumb, 0 bytes, Stack size unknown bytes, __rtentry2.o(.ARM.Collect$$rtentry$$00000002))

<P><STRONG><a name="[60]"></a>__rt_entry_sh</STRONG> (Thumb, 0 bytes, Stack size unknown bytes, __rtentry4.o(.ARM.Collect$$rtentry$$00000004))
<BR><BR>[Stack]<UL><LI>Max Depth = 8 + Unknown Stack Size
<LI>Call Chain = __rt_entry_sh &rArr; __user_setup_stackheap
</UL>
<BR>[Calls]<UL><LI><a href="#[61]">&gt;&gt;</a>&nbsp;&nbsp;&nbsp;__user_setup_stackheap
</UL>

<P><STRONG><a name="[62]"></a>__rt_entry_li</STRONG> (Thumb, 0 bytes, Stack size unknown bytes, __rtentry2.o(.ARM.Collect$$rtentry$$0000000A))
<BR><BR>[Calls]<UL><LI><a href="#[63]">&gt;&gt;</a>&nbsp;&nbsp;&nbsp;__rt_lib_init
</UL>

<P><STRONG><a name="[101]"></a>__rt_entry_postsh_1</STRONG> (Thumb, 0 bytes, Stack size unknown bytes, __rtentry2.o(.ARM.Collect$$rtentry$$00000009))

<P><STRONG><a name="[64]"></a>__rt_entry_main</STRONG> (Thumb, 0 bytes, Stack size unknown bytes, __rtentry2.o(.ARM.Collect$$rtentry$$0000000D))
<BR><BR>[Stack]<UL><LI>Max Depth = 304 + Unknown Stack Size
<LI>Call Chain = __rt_entry_main &rArr; main &rArr; TyteA_Test &rArr; uartPrintf &rArr; __c89vsprintf &rArr; _printf_char_common &rArr; __printf
</UL>
<BR>[Calls]<UL><LI><a href="#[65]">&gt;&gt;</a>&nbsp;&nbsp;&nbsp;main
<LI><a href="#[66]">&gt;&gt;</a>&nbsp;&nbsp;&nbsp;exit
</UL>

<P><STRONG><a name="[102]"></a>__rt_entry_postli_1</STRONG> (Thumb, 0 bytes, Stack size unknown bytes, __rtentry2.o(.ARM.Collect$$rtentry$$0000000C))

<P><STRONG><a name="[e0]"></a>__rt_exit</STRONG> (Thumb, 0 bytes, Stack size unknown bytes, rtexit.o(.ARM.Collect$$rtexit$$00000000))
<BR><BR>[Called By]<UL><LI><a href="#[66]">&gt;&gt;</a>&nbsp;&nbsp;&nbsp;exit
</UL>

<P><STRONG><a name="[67]"></a>__rt_exit_ls</STRONG> (Thumb, 0 bytes, Stack size unknown bytes, rtexit2.o(.ARM.Collect$$rtexit$$00000003))
<BR><BR>[Calls]<UL><LI><a href="#[68]">&gt;&gt;</a>&nbsp;&nbsp;&nbsp;__rt_lib_shutdown
</UL>

<P><STRONG><a name="[103]"></a>__rt_exit_prels_1</STRONG> (Thumb, 0 bytes, Stack size unknown bytes, rtexit2.o(.ARM.Collect$$rtexit$$00000002))

<P><STRONG><a name="[69]"></a>__rt_exit_exit</STRONG> (Thumb, 0 bytes, Stack size unknown bytes, rtexit2.o(.ARM.Collect$$rtexit$$00000004))
<BR><BR>[Calls]<UL><LI><a href="#[6a]">&gt;&gt;</a>&nbsp;&nbsp;&nbsp;_sys_exit
</UL>

<P><STRONG><a name="[b9]"></a>__aeabi_memcpy4</STRONG> (Thumb, 56 bytes, Stack size 0 bytes, rt_memcpy.o(.emb_text))
<BR><BR>[Called By]<UL><LI><a href="#[99]">&gt;&gt;</a>&nbsp;&nbsp;&nbsp;__aeabi_memcpy
</UL>

<P><STRONG><a name="[104]"></a>__aeabi_memcpy8</STRONG> (Thumb, 0 bytes, Stack size 0 bytes, rt_memcpy.o(.emb_text), UNUSED)

<P><STRONG><a name="[2f]"></a>Reset_Handler</STRONG> (Thumb, 8 bytes, Stack size 0 bytes, startup_lpc82x.o(.text))

<P><STRONG><a name="[8]"></a>HardFault_Handler</STRONG> (Thumb, 2 bytes, Stack size 0 bytes, startup_lpc82x.o(.text))
<BR><BR>[Calls]<UL><LI><a href="#[8]">&gt;&gt;</a>&nbsp;&nbsp;&nbsp;HardFault_Handler
</UL>
<BR>[Called By]<UL><LI><a href="#[8]">&gt;&gt;</a>&nbsp;&nbsp;&nbsp;HardFault_Handler
</UL>
<BR>[Address Reference Count : 1]<UL><LI> startup_lpc82x.o(RESET)
</UL>
<P><STRONG><a name="[9]"></a>SVC_Handler</STRONG> (Thumb, 2 bytes, Stack size 0 bytes, startup_lpc82x.o(.text))
<BR><BR>[Calls]<UL><LI><a href="#[9]">&gt;&gt;</a>&nbsp;&nbsp;&nbsp;SVC_Handler
</UL>
<BR>[Called By]<UL><LI><a href="#[9]">&gt;&gt;</a>&nbsp;&nbsp;&nbsp;SVC_Handler
</UL>
<BR>[Address Reference Count : 1]<UL><LI> startup_lpc82x.o(RESET)
</UL>
<P><STRONG><a name="[a]"></a>PendSV_Handler</STRONG> (Thumb, 2 bytes, Stack size 0 bytes, startup_lpc82x.o(.text))
<BR><BR>[Calls]<UL><LI><a href="#[a]">&gt;&gt;</a>&nbsp;&nbsp;&nbsp;PendSV_Handler
</UL>
<BR>[Called By]<UL><LI><a href="#[a]">&gt;&gt;</a>&nbsp;&nbsp;&nbsp;PendSV_Handler
</UL>
<BR>[Address Reference Count : 1]<UL><LI> startup_lpc82x.o(RESET)
</UL>
<P><STRONG><a name="[b]"></a>SysTick_Handler</STRONG> (Thumb, 2 bytes, Stack size 0 bytes, startup_lpc82x.o(.text))
<BR><BR>[Calls]<UL><LI><a href="#[b]">&gt;&gt;</a>&nbsp;&nbsp;&nbsp;SysTick_Handler
</UL>
<BR>[Called By]<UL><LI><a href="#[b]">&gt;&gt;</a>&nbsp;&nbsp;&nbsp;SysTick_Handler
</UL>
<BR>[Address Reference Count : 1]<UL><LI> startup_lpc82x.o(RESET)
</UL>
<P><STRONG><a name="[1d]"></a>ADC_OVR_IRQHandler</STRONG> (Thumb, 0 bytes, Stack size 0 bytes, startup_lpc82x.o(.text))
<BR><BR>[Calls]<UL><LI><a href="#[1d]">&gt;&gt;</a>&nbsp;&nbsp;&nbsp;ADC_OVR_IRQHandler
</UL>
<BR>[Called By]<UL><LI><a href="#[1d]">&gt;&gt;</a>&nbsp;&nbsp;&nbsp;ADC_OVR_IRQHandler
</UL>
<BR>[Address Reference Count : 1]<UL><LI> startup_lpc82x.o(RESET)
</UL>
<P><STRONG><a name="[1a]"></a>ADC_SEQA_IRQHandler</STRONG> (Thumb, 0 bytes, Stack size 0 bytes, startup_lpc82x.o(.text))
<BR>[Address Reference Count : 1]<UL><LI> startup_lpc82x.o(RESET)
</UL>
<P><STRONG><a name="[1b]"></a>ADC_SEQB_IRQHanlder</STRONG> (Thumb, 0 bytes, Stack size 0 bytes, startup_lpc82x.o(.text))
<BR>[Address Reference Count : 1]<UL><LI> startup_lpc82x.o(RESET)
</UL>
<P><STRONG><a name="[1c]"></a>ADC_THCMP_IRQHandler</STRONG> (Thumb, 0 bytes, Stack size 0 bytes, startup_lpc82x.o(.text))
<BR>[Address Reference Count : 1]<UL><LI> startup_lpc82x.o(RESET)
</UL>
<P><STRONG><a name="[17]"></a>BOD_IRQHandler</STRONG> (Thumb, 0 bytes, Stack size 0 bytes, startup_lpc82x.o(.text))
<BR>[Address Reference Count : 1]<UL><LI> startup_lpc82x.o(RESET)
</UL>
<P><STRONG><a name="[15]"></a>CMP_IRQHandler</STRONG> (Thumb, 0 bytes, Stack size 0 bytes, startup_lpc82x.o(.text))
<BR>[Address Reference Count : 1]<UL><LI> startup_lpc82x.o(RESET)
</UL>
<P><STRONG><a name="[1e]"></a>DMA_IRQHandler</STRONG> (Thumb, 0 bytes, Stack size 0 bytes, startup_lpc82x.o(.text))
<BR>[Address Reference Count : 1]<UL><LI> startup_lpc82x.o(RESET)
</UL>
<P><STRONG><a name="[18]"></a>FLASH_IRQHandler</STRONG> (Thumb, 0 bytes, Stack size 0 bytes, startup_lpc82x.o(.text))
<BR>[Address Reference Count : 1]<UL><LI> startup_lpc82x.o(RESET)
</UL>
<P><STRONG><a name="[12]"></a>I2C0_IRQHandler</STRONG> (Thumb, 0 bytes, Stack size 0 bytes, startup_lpc82x.o(.text))
<BR>[Address Reference Count : 1]<UL><LI> startup_lpc82x.o(RESET)
</UL>
<P><STRONG><a name="[11]"></a>I2C1_IRQHandler</STRONG> (Thumb, 0 bytes, Stack size 0 bytes, startup_lpc82x.o(.text))
<BR>[Address Reference Count : 1]<UL><LI> startup_lpc82x.o(RESET)
</UL>
<P><STRONG><a name="[1f]"></a>I2C2_IRQHandler</STRONG> (Thumb, 0 bytes, Stack size 0 bytes, startup_lpc82x.o(.text))
<BR>[Address Reference Count : 1]<UL><LI> startup_lpc82x.o(RESET)
</UL>
<P><STRONG><a name="[20]"></a>I2C3_IRQHandler</STRONG> (Thumb, 0 bytes, Stack size 0 bytes, startup_lpc82x.o(.text))
<BR>[Address Reference Count : 1]<UL><LI> startup_lpc82x.o(RESET)
</UL>
<P><STRONG><a name="[14]"></a>MRT_IRQHandler</STRONG> (Thumb, 0 bytes, Stack size 0 bytes, startup_lpc82x.o(.text))
<BR>[Address Reference Count : 1]<UL><LI> startup_lpc82x.o(RESET)
</UL>
<P><STRONG><a name="[7]"></a>NMI_Handler</STRONG> (Thumb, 0 bytes, Stack size 0 bytes, startup_lpc82x.o(.text))
<BR>[Address Reference Count : 1]<UL><LI> startup_lpc82x.o(RESET)
</UL>
<P><STRONG><a name="[21]"></a>PIN_INT0_IRQHandler</STRONG> (Thumb, 0 bytes, Stack size 0 bytes, startup_lpc82x.o(.text))
<BR>[Address Reference Count : 1]<UL><LI> startup_lpc82x.o(RESET)
</UL>
<P><STRONG><a name="[22]"></a>PIN_INT1_IRQHandler</STRONG> (Thumb, 0 bytes, Stack size 0 bytes, startup_lpc82x.o(.text))
<BR>[Address Reference Count : 1]<UL><LI> startup_lpc82x.o(RESET)
</UL>
<P><STRONG><a name="[23]"></a>PIN_INT2_IRQHandler</STRONG> (Thumb, 0 bytes, Stack size 0 bytes, startup_lpc82x.o(.text))
<BR>[Address Reference Count : 1]<UL><LI> startup_lpc82x.o(RESET)
</UL>
<P><STRONG><a name="[24]"></a>PIN_INT3_IRQHandler</STRONG> (Thumb, 0 bytes, Stack size 0 bytes, startup_lpc82x.o(.text))
<BR>[Address Reference Count : 1]<UL><LI> startup_lpc82x.o(RESET)
</UL>
<P><STRONG><a name="[25]"></a>PIN_INT4_IRQHandler</STRONG> (Thumb, 0 bytes, Stack size 0 bytes, startup_lpc82x.o(.text))
<BR>[Address Reference Count : 1]<UL><LI> startup_lpc82x.o(RESET)
</UL>
<P><STRONG><a name="[26]"></a>PIN_INT5_IRQHandler</STRONG> (Thumb, 0 bytes, Stack size 0 bytes, startup_lpc82x.o(.text))
<BR>[Address Reference Count : 1]<UL><LI> startup_lpc82x.o(RESET)
</UL>
<P><STRONG><a name="[27]"></a>PIN_INT6_IRQHandler</STRONG> (Thumb, 0 bytes, Stack size 0 bytes, startup_lpc82x.o(.text))
<BR>[Address Reference Count : 1]<UL><LI> startup_lpc82x.o(RESET)
</UL>
<P><STRONG><a name="[28]"></a>PIN_INT7_IRQHandler</STRONG> (Thumb, 0 bytes, Stack size 0 bytes, startup_lpc82x.o(.text))
<BR>[Address Reference Count : 1]<UL><LI> startup_lpc82x.o(RESET)
</UL>
<P><STRONG><a name="[13]"></a>SCT_IRQHandler</STRONG> (Thumb, 0 bytes, Stack size 0 bytes, startup_lpc82x.o(.text))
<BR>[Address Reference Count : 1]<UL><LI> startup_lpc82x.o(RESET)
</UL>
<P><STRONG><a name="[c]"></a>SPI0_IRQHandler</STRONG> (Thumb, 0 bytes, Stack size 0 bytes, startup_lpc82x.o(.text))
<BR>[Address Reference Count : 1]<UL><LI> startup_lpc82x.o(RESET)
</UL>
<P><STRONG><a name="[d]"></a>SPI1_IRQHandler</STRONG> (Thumb, 0 bytes, Stack size 0 bytes, startup_lpc82x.o(.text))
<BR>[Address Reference Count : 1]<UL><LI> startup_lpc82x.o(RESET)
</UL>
<P><STRONG><a name="[f]"></a>UART1_IRQHandler</STRONG> (Thumb, 0 bytes, Stack size 0 bytes, startup_lpc82x.o(.text))
<BR>[Address Reference Count : 1]<UL><LI> startup_lpc82x.o(RESET)
</UL>
<P><STRONG><a name="[10]"></a>UART2_IRQHandler</STRONG> (Thumb, 0 bytes, Stack size 0 bytes, startup_lpc82x.o(.text))
<BR>[Address Reference Count : 1]<UL><LI> startup_lpc82x.o(RESET)
</UL>
<P><STRONG><a name="[16]"></a>WDT_IRQHandler</STRONG> (Thumb, 0 bytes, Stack size 0 bytes, startup_lpc82x.o(.text))
<BR>[Address Reference Count : 1]<UL><LI> startup_lpc82x.o(RESET)
</UL>
<P><STRONG><a name="[19]"></a>WKT_IRQHandler</STRONG> (Thumb, 0 bytes, Stack size 0 bytes, startup_lpc82x.o(.text))
<BR>[Address Reference Count : 1]<UL><LI> startup_lpc82x.o(RESET)
</UL>
<P><STRONG><a name="[31]"></a>__user_initial_stackheap</STRONG> (Thumb, 0 bytes, Stack size unknown bytes, startup_lpc82x.o(.text))
<BR><BR>[Called By]<UL><LI><a href="#[61]">&gt;&gt;</a>&nbsp;&nbsp;&nbsp;__user_setup_stackheap
</UL>

<P><STRONG><a name="[6b]"></a>__c89vsprintf</STRONG> (Thumb, 32 bytes, Stack size 16 bytes, c89vsprintf.o(.text))
<BR><BR>[Stack]<UL><LI>Max Depth = 112 + Unknown Stack Size
<LI>Call Chain = __c89vsprintf &rArr; _printf_char_common &rArr; __printf
</UL>
<BR>[Calls]<UL><LI><a href="#[2b]">&gt;&gt;</a>&nbsp;&nbsp;&nbsp;_sputc
<LI><a href="#[6c]">&gt;&gt;</a>&nbsp;&nbsp;&nbsp;_printf_char_common
</UL>
<BR>[Called By]<UL><LI><a href="#[7e]">&gt;&gt;</a>&nbsp;&nbsp;&nbsp;uartPrintf
</UL>

<P><STRONG><a name="[105]"></a>__use_two_region_memory</STRONG> (Thumb, 2 bytes, Stack size 0 bytes, heapauxi.o(.text), UNUSED)

<P><STRONG><a name="[106]"></a>__rt_heap_escrow$2region</STRONG> (Thumb, 2 bytes, Stack size 0 bytes, heapauxi.o(.text), UNUSED)

<P><STRONG><a name="[107]"></a>__rt_heap_expand$2region</STRONG> (Thumb, 2 bytes, Stack size 0 bytes, heapauxi.o(.text), UNUSED)

<P><STRONG><a name="[108]"></a>__I$use$semihosting</STRONG> (Thumb, 0 bytes, Stack size 0 bytes, use_no_semi.o(.text), UNUSED)

<P><STRONG><a name="[109]"></a>__use_no_semihosting_swi</STRONG> (Thumb, 2 bytes, Stack size 0 bytes, use_no_semi.o(.text), UNUSED)

<P><STRONG><a name="[10a]"></a>__semihosting_library_function</STRONG> (Thumb, 0 bytes, Stack size unknown bytes, indicate_semi.o(.text), UNUSED)

<P><STRONG><a name="[6d]"></a>gpio_lg9110_init</STRONG> (Thumb, 40 bytes, Stack size 8 bytes, lpc8xx_gpio.o(.text))
<BR><BR>[Stack]<UL><LI>Max Depth = 8<LI>Call Chain = gpio_lg9110_init
</UL>
<BR>[Calls]<UL><LI><a href="#[6e]">&gt;&gt;</a>&nbsp;&nbsp;&nbsp;gpio_dir
<LI><a href="#[6f]">&gt;&gt;</a>&nbsp;&nbsp;&nbsp;gpio_ctrl
</UL>
<BR>[Called By]<UL><LI><a href="#[70]">&gt;&gt;</a>&nbsp;&nbsp;&nbsp;GPIOInit
</UL>

<P><STRONG><a name="[70]"></a>GPIOInit</STRONG> (Thumb, 114 bytes, Stack size 8 bytes, lpc8xx_gpio.o(.text))
<BR><BR>[Stack]<UL><LI>Max Depth = 16<LI>Call Chain = GPIOInit &rArr; gpio_lg9110_init
</UL>
<BR>[Calls]<UL><LI><a href="#[6d]">&gt;&gt;</a>&nbsp;&nbsp;&nbsp;gpio_lg9110_init
</UL>
<BR>[Called By]<UL><LI><a href="#[65]">&gt;&gt;</a>&nbsp;&nbsp;&nbsp;main
</UL>

<P><STRONG><a name="[71]"></a>open_door</STRONG> (Thumb, 102 bytes, Stack size 8 bytes, lpc8xx_gpio.o(.text), UNUSED)
<BR><BR>[Calls]<UL><LI><a href="#[6f]">&gt;&gt;</a>&nbsp;&nbsp;&nbsp;gpio_ctrl
<LI><a href="#[72]">&gt;&gt;</a>&nbsp;&nbsp;&nbsp;Delay100us
</UL>

<P><STRONG><a name="[73]"></a>SPI_Init</STRONG> (Thumb, 162 bytes, Stack size 8 bytes, lpc8xx_spi.o(.text))
<BR><BR>[Stack]<UL><LI>Max Depth = 8<LI>Call Chain = SPI_Init
</UL>
<BR>[Calls]<UL><LI><a href="#[74]">&gt;&gt;</a>&nbsp;&nbsp;&nbsp;__aeabi_uidivmod
</UL>
<BR>[Called By]<UL><LI><a href="#[8b]">&gt;&gt;</a>&nbsp;&nbsp;&nbsp;pcd_Init
</UL>

<P><STRONG><a name="[76]"></a>SPI_SendByte</STRONG> (Thumb, 42 bytes, Stack size 0 bytes, lpc8xx_spi.o(.text))
<BR><BR>[Called By]<UL><LI><a href="#[77]">&gt;&gt;</a>&nbsp;&nbsp;&nbsp;spi_GetReg
<LI><a href="#[75]">&gt;&gt;</a>&nbsp;&nbsp;&nbsp;spi_SetReg
</UL>

<P><STRONG><a name="[75]"></a>spi_SetReg</STRONG> (Thumb, 64 bytes, Stack size 8 bytes, lpc8xx_spi.o(.text))
<BR><BR>[Stack]<UL><LI>Max Depth = 8<LI>Call Chain = spi_SetReg
</UL>
<BR>[Calls]<UL><LI><a href="#[76]">&gt;&gt;</a>&nbsp;&nbsp;&nbsp;SPI_SendByte
</UL>
<BR>[Called By]<UL><LI><a href="#[a3]">&gt;&gt;</a>&nbsp;&nbsp;&nbsp;Set_BitMask
<LI><a href="#[a0]">&gt;&gt;</a>&nbsp;&nbsp;&nbsp;Write_Reg
<LI><a href="#[8c]">&gt;&gt;</a>&nbsp;&nbsp;&nbsp;MCU_TO_PCD_TEST
<LI><a href="#[79]">&gt;&gt;</a>&nbsp;&nbsp;&nbsp;SPIWrite_Sequence
</UL>

<P><STRONG><a name="[77]"></a>spi_GetReg</STRONG> (Thumb, 58 bytes, Stack size 8 bytes, lpc8xx_spi.o(.text))
<BR><BR>[Stack]<UL><LI>Max Depth = 8<LI>Call Chain = spi_GetReg
</UL>
<BR>[Calls]<UL><LI><a href="#[76]">&gt;&gt;</a>&nbsp;&nbsp;&nbsp;SPI_SendByte
</UL>
<BR>[Called By]<UL><LI><a href="#[a4]">&gt;&gt;</a>&nbsp;&nbsp;&nbsp;Clear_FIFO
<LI><a href="#[9f]">&gt;&gt;</a>&nbsp;&nbsp;&nbsp;Read_Reg_All
<LI><a href="#[9e]">&gt;&gt;</a>&nbsp;&nbsp;&nbsp;Read_Reg
<LI><a href="#[8c]">&gt;&gt;</a>&nbsp;&nbsp;&nbsp;MCU_TO_PCD_TEST
<LI><a href="#[78]">&gt;&gt;</a>&nbsp;&nbsp;&nbsp;SPIRead_Sequence
</UL>

<P><STRONG><a name="[78]"></a>SPIRead_Sequence</STRONG> (Thumb, 66 bytes, Stack size 20 bytes, lpc8xx_spi.o(.text), UNUSED)
<BR><BR>[Calls]<UL><LI><a href="#[77]">&gt;&gt;</a>&nbsp;&nbsp;&nbsp;spi_GetReg
</UL>
<BR>[Called By]<UL><LI><a href="#[a1]">&gt;&gt;</a>&nbsp;&nbsp;&nbsp;Read_FIFO
</UL>

<P><STRONG><a name="[79]"></a>SPIWrite_Sequence</STRONG> (Thumb, 52 bytes, Stack size 20 bytes, lpc8xx_spi.o(.text), UNUSED)
<BR><BR>[Calls]<UL><LI><a href="#[75]">&gt;&gt;</a>&nbsp;&nbsp;&nbsp;spi_SetReg
</UL>
<BR>[Called By]<UL><LI><a href="#[a2]">&gt;&gt;</a>&nbsp;&nbsp;&nbsp;Write_FIFO
</UL>

<P><STRONG><a name="[7a]"></a>UARTInit</STRONG> (Thumb, 114 bytes, Stack size 8 bytes, lpc8xx_uart.o(.text))
<BR><BR>[Stack]<UL><LI>Max Depth = 8<LI>Call Chain = UARTInit
</UL>
<BR>[Calls]<UL><LI><a href="#[74]">&gt;&gt;</a>&nbsp;&nbsp;&nbsp;__aeabi_uidivmod
</UL>
<BR>[Called By]<UL><LI><a href="#[65]">&gt;&gt;</a>&nbsp;&nbsp;&nbsp;main
</UL>

<P><STRONG><a name="[e]"></a>UART0_IRQHandler</STRONG> (Thumb, 162 bytes, Stack size 8 bytes, lpc8xx_uart.o(.text))
<BR><BR>[Stack]<UL><LI>Max Depth = 8<LI>Call Chain = UART0_IRQHandler
</UL>
<BR>[Address Reference Count : 1]<UL><LI> startup_lpc82x.o(RESET)
</UL>
<P><STRONG><a name="[7c]"></a>uartSendByte</STRONG> (Thumb, 28 bytes, Stack size 0 bytes, lpc8xx_uart.o(.text))
<BR><BR>[Called By]<UL><LI><a href="#[7e]">&gt;&gt;</a>&nbsp;&nbsp;&nbsp;uartPrintf
<LI><a href="#[7d]">&gt;&gt;</a>&nbsp;&nbsp;&nbsp;uartSendStr
<LI><a href="#[7b]">&gt;&gt;</a>&nbsp;&nbsp;&nbsp;uartSendHex
</UL>

<P><STRONG><a name="[7b]"></a>uartSendHex</STRONG> (Thumb, 82 bytes, Stack size 20 bytes, lpc8xx_uart.o(.text))
<BR><BR>[Stack]<UL><LI>Max Depth = 20<LI>Call Chain = uartSendHex
</UL>
<BR>[Calls]<UL><LI><a href="#[7c]">&gt;&gt;</a>&nbsp;&nbsp;&nbsp;uartSendByte
</UL>
<BR>[Called By]<UL><LI><a href="#[94]">&gt;&gt;</a>&nbsp;&nbsp;&nbsp;TyteB_Test
<LI><a href="#[8e]">&gt;&gt;</a>&nbsp;&nbsp;&nbsp;UartSendUid
<LI><a href="#[82]">&gt;&gt;</a>&nbsp;&nbsp;&nbsp;MifareCard_Test
</UL>

<P><STRONG><a name="[7d]"></a>uartSendStr</STRONG> (Thumb, 26 bytes, Stack size 8 bytes, lpc8xx_uart.o(.text), UNUSED)
<BR><BR>[Calls]<UL><LI><a href="#[7c]">&gt;&gt;</a>&nbsp;&nbsp;&nbsp;uartSendByte
</UL>

<P><STRONG><a name="[7e]"></a>uartPrintf</STRONG> (Thumb, 54 bytes, Stack size 160 bytes, lpc8xx_uart.o(.text))
<BR><BR>[Stack]<UL><LI>Max Depth = 272 + Unknown Stack Size
<LI>Call Chain = uartPrintf &rArr; __c89vsprintf &rArr; _printf_char_common &rArr; __printf
</UL>
<BR>[Calls]<UL><LI><a href="#[6b]">&gt;&gt;</a>&nbsp;&nbsp;&nbsp;__c89vsprintf
<LI><a href="#[7c]">&gt;&gt;</a>&nbsp;&nbsp;&nbsp;uartSendByte
</UL>
<BR>[Called By]<UL><LI><a href="#[94]">&gt;&gt;</a>&nbsp;&nbsp;&nbsp;TyteB_Test
<LI><a href="#[8d]">&gt;&gt;</a>&nbsp;&nbsp;&nbsp;TyteA_Test
<LI><a href="#[82]">&gt;&gt;</a>&nbsp;&nbsp;&nbsp;MifareCard_Test
<LI><a href="#[65]">&gt;&gt;</a>&nbsp;&nbsp;&nbsp;main
</UL>

<P><STRONG><a name="[7f]"></a>SystemCoreClockUpdate</STRONG> (Thumb, 348 bytes, Stack size 8 bytes, system_lpc8xx.o(.text))
<BR><BR>[Stack]<UL><LI>Max Depth = 16<LI>Call Chain = SystemCoreClockUpdate &rArr; __ARM_common_switch8
</UL>
<BR>[Calls]<UL><LI><a href="#[74]">&gt;&gt;</a>&nbsp;&nbsp;&nbsp;__aeabi_uidivmod
<LI><a href="#[80]">&gt;&gt;</a>&nbsp;&nbsp;&nbsp;__ARM_common_switch8
</UL>
<BR>[Called By]<UL><LI><a href="#[29]">&gt;&gt;</a>&nbsp;&nbsp;&nbsp;SystemInit
</UL>

<P><STRONG><a name="[29]"></a>SystemInit</STRONG> (Thumb, 120 bytes, Stack size 8 bytes, system_lpc8xx.o(.text))
<BR><BR>[Stack]<UL><LI>Max Depth = 24<LI>Call Chain = SystemInit &rArr; SystemCoreClockUpdate &rArr; __ARM_common_switch8
</UL>
<BR>[Calls]<UL><LI><a href="#[7f]">&gt;&gt;</a>&nbsp;&nbsp;&nbsp;SystemCoreClockUpdate
</UL>
<BR>[Called By]<UL><LI><a href="#[65]">&gt;&gt;</a>&nbsp;&nbsp;&nbsp;main
</UL>
<BR>[Address Reference Count : 1]<UL><LI> startup_lpc82x.o(.text)
</UL>
<P><STRONG><a name="[81]"></a>UartCommand</STRONG> (Thumb, 34 bytes, Stack size 8 bytes, main.o(.text), UNUSED)
<BR><BR>[Calls]<UL><LI><a href="#[83]">&gt;&gt;</a>&nbsp;&nbsp;&nbsp;__aeabi_memclr
<LI><a href="#[82]">&gt;&gt;</a>&nbsp;&nbsp;&nbsp;MifareCard_Test
</UL>

<P><STRONG><a name="[6f]"></a>gpio_ctrl</STRONG> (Thumb, 30 bytes, Stack size 0 bytes, main.o(.text))
<BR><BR>[Called By]<UL><LI><a href="#[88]">&gt;&gt;</a>&nbsp;&nbsp;&nbsp;hwapi02_led3_ctrl
<LI><a href="#[87]">&gt;&gt;</a>&nbsp;&nbsp;&nbsp;hwapi02_led2_ctrl
<LI><a href="#[86]">&gt;&gt;</a>&nbsp;&nbsp;&nbsp;hwapi02_led1_ctrl
<LI><a href="#[85]">&gt;&gt;</a>&nbsp;&nbsp;&nbsp;gpio_init_led
<LI><a href="#[84]">&gt;&gt;</a>&nbsp;&nbsp;&nbsp;gpio_init_beep
<LI><a href="#[71]">&gt;&gt;</a>&nbsp;&nbsp;&nbsp;open_door
<LI><a href="#[6d]">&gt;&gt;</a>&nbsp;&nbsp;&nbsp;gpio_lg9110_init
</UL>

<P><STRONG><a name="[6e]"></a>gpio_dir</STRONG> (Thumb, 30 bytes, Stack size 0 bytes, main.o(.text))
<BR><BR>[Called By]<UL><LI><a href="#[85]">&gt;&gt;</a>&nbsp;&nbsp;&nbsp;gpio_init_led
<LI><a href="#[84]">&gt;&gt;</a>&nbsp;&nbsp;&nbsp;gpio_init_beep
<LI><a href="#[6d]">&gt;&gt;</a>&nbsp;&nbsp;&nbsp;gpio_lg9110_init
</UL>

<P><STRONG><a name="[84]"></a>gpio_init_beep</STRONG> (Thumb, 22 bytes, Stack size 4 bytes, main.o(.text))
<BR><BR>[Stack]<UL><LI>Max Depth = 4<LI>Call Chain = gpio_init_beep
</UL>
<BR>[Calls]<UL><LI><a href="#[6e]">&gt;&gt;</a>&nbsp;&nbsp;&nbsp;gpio_dir
<LI><a href="#[6f]">&gt;&gt;</a>&nbsp;&nbsp;&nbsp;gpio_ctrl
</UL>
<BR>[Called By]<UL><LI><a href="#[65]">&gt;&gt;</a>&nbsp;&nbsp;&nbsp;main
</UL>

<P><STRONG><a name="[8a]"></a>delay_ms</STRONG> (Thumb, 26 bytes, Stack size 0 bytes, main.o(.text), UNUSED)
<BR><BR>[Called By]<UL><LI><a href="#[89]">&gt;&gt;</a>&nbsp;&nbsp;&nbsp;test_hwapi02_led_ctrl
</UL>

<P><STRONG><a name="[85]"></a>gpio_init_led</STRONG> (Thumb, 72 bytes, Stack size 4 bytes, main.o(.text), UNUSED)
<BR><BR>[Calls]<UL><LI><a href="#[6e]">&gt;&gt;</a>&nbsp;&nbsp;&nbsp;gpio_dir
<LI><a href="#[6f]">&gt;&gt;</a>&nbsp;&nbsp;&nbsp;gpio_ctrl
</UL>

<P><STRONG><a name="[86]"></a>hwapi02_led1_ctrl</STRONG> (Thumb, 30 bytes, Stack size 8 bytes, main.o(.text), UNUSED)
<BR><BR>[Calls]<UL><LI><a href="#[6f]">&gt;&gt;</a>&nbsp;&nbsp;&nbsp;gpio_ctrl
</UL>
<BR>[Called By]<UL><LI><a href="#[89]">&gt;&gt;</a>&nbsp;&nbsp;&nbsp;test_hwapi02_led_ctrl
</UL>

<P><STRONG><a name="[87]"></a>hwapi02_led2_ctrl</STRONG> (Thumb, 30 bytes, Stack size 8 bytes, main.o(.text), UNUSED)
<BR><BR>[Calls]<UL><LI><a href="#[6f]">&gt;&gt;</a>&nbsp;&nbsp;&nbsp;gpio_ctrl
</UL>
<BR>[Called By]<UL><LI><a href="#[89]">&gt;&gt;</a>&nbsp;&nbsp;&nbsp;test_hwapi02_led_ctrl
</UL>

<P><STRONG><a name="[88]"></a>hwapi02_led3_ctrl</STRONG> (Thumb, 30 bytes, Stack size 8 bytes, main.o(.text), UNUSED)
<BR><BR>[Calls]<UL><LI><a href="#[6f]">&gt;&gt;</a>&nbsp;&nbsp;&nbsp;gpio_ctrl
</UL>
<BR>[Called By]<UL><LI><a href="#[89]">&gt;&gt;</a>&nbsp;&nbsp;&nbsp;test_hwapi02_led_ctrl
</UL>

<P><STRONG><a name="[89]"></a>test_hwapi02_led_ctrl</STRONG> (Thumb, 56 bytes, Stack size 4 bytes, main.o(.text), UNUSED)
<BR><BR>[Calls]<UL><LI><a href="#[88]">&gt;&gt;</a>&nbsp;&nbsp;&nbsp;hwapi02_led3_ctrl
<LI><a href="#[87]">&gt;&gt;</a>&nbsp;&nbsp;&nbsp;hwapi02_led2_ctrl
<LI><a href="#[86]">&gt;&gt;</a>&nbsp;&nbsp;&nbsp;hwapi02_led1_ctrl
<LI><a href="#[8a]">&gt;&gt;</a>&nbsp;&nbsp;&nbsp;delay_ms
</UL>

<P><STRONG><a name="[65]"></a>main</STRONG> (Thumb, 114 bytes, Stack size 8 bytes, main.o(.text))
<BR><BR>[Stack]<UL><LI>Max Depth = 304 + Unknown Stack Size
<LI>Call Chain = main &rArr; TyteA_Test &rArr; uartPrintf &rArr; __c89vsprintf &rArr; _printf_char_common &rArr; __printf
</UL>
<BR>[Calls]<UL><LI><a href="#[8b]">&gt;&gt;</a>&nbsp;&nbsp;&nbsp;pcd_Init
<LI><a href="#[8d]">&gt;&gt;</a>&nbsp;&nbsp;&nbsp;TyteA_Test
<LI><a href="#[8c]">&gt;&gt;</a>&nbsp;&nbsp;&nbsp;MCU_TO_PCD_TEST
<LI><a href="#[84]">&gt;&gt;</a>&nbsp;&nbsp;&nbsp;gpio_init_beep
<LI><a href="#[29]">&gt;&gt;</a>&nbsp;&nbsp;&nbsp;SystemInit
<LI><a href="#[7e]">&gt;&gt;</a>&nbsp;&nbsp;&nbsp;uartPrintf
<LI><a href="#[7a]">&gt;&gt;</a>&nbsp;&nbsp;&nbsp;UARTInit
<LI><a href="#[72]">&gt;&gt;</a>&nbsp;&nbsp;&nbsp;Delay100us
<LI><a href="#[70]">&gt;&gt;</a>&nbsp;&nbsp;&nbsp;GPIOInit
</UL>
<BR>[Called By]<UL><LI><a href="#[64]">&gt;&gt;</a>&nbsp;&nbsp;&nbsp;__rt_entry_main
</UL>

<P><STRONG><a name="[8e]"></a>UartSendUid</STRONG> (Thumb, 88 bytes, Stack size 16 bytes, test.o(.text))
<BR><BR>[Stack]<UL><LI>Max Depth = 36<LI>Call Chain = UartSendUid &rArr; uartSendHex
</UL>
<BR>[Calls]<UL><LI><a href="#[7b]">&gt;&gt;</a>&nbsp;&nbsp;&nbsp;uartSendHex
</UL>
<BR>[Called By]<UL><LI><a href="#[8d]">&gt;&gt;</a>&nbsp;&nbsp;&nbsp;TyteA_Test
<LI><a href="#[82]">&gt;&gt;</a>&nbsp;&nbsp;&nbsp;MifareCard_Test
</UL>

<P><STRONG><a name="[8d]"></a>TyteA_Test</STRONG> (Thumb, 122 bytes, Stack size 24 bytes, test.o(.text))
<BR><BR>[Stack]<UL><LI>Max Depth = 296 + Unknown Stack Size
<LI>Call Chain = TyteA_Test &rArr; uartPrintf &rArr; __c89vsprintf &rArr; _printf_char_common &rArr; __printf
</UL>
<BR>[Calls]<UL><LI><a href="#[83]">&gt;&gt;</a>&nbsp;&nbsp;&nbsp;__aeabi_memclr
<LI><a href="#[93]">&gt;&gt;</a>&nbsp;&nbsp;&nbsp;TypeA_Halt
<LI><a href="#[92]">&gt;&gt;</a>&nbsp;&nbsp;&nbsp;TypeA_CardActive
<LI><a href="#[90]">&gt;&gt;</a>&nbsp;&nbsp;&nbsp;Set_Rf
<LI><a href="#[91]">&gt;&gt;</a>&nbsp;&nbsp;&nbsp;Pcd_ConfigISOType
<LI><a href="#[8f]">&gt;&gt;</a>&nbsp;&nbsp;&nbsp;FM175X_SoftReset
<LI><a href="#[8e]">&gt;&gt;</a>&nbsp;&nbsp;&nbsp;UartSendUid
<LI><a href="#[7e]">&gt;&gt;</a>&nbsp;&nbsp;&nbsp;uartPrintf
<LI><a href="#[72]">&gt;&gt;</a>&nbsp;&nbsp;&nbsp;Delay100us
</UL>
<BR>[Called By]<UL><LI><a href="#[65]">&gt;&gt;</a>&nbsp;&nbsp;&nbsp;main
</UL>

<P><STRONG><a name="[94]"></a>TyteB_Test</STRONG> (Thumb, 130 bytes, Stack size 32 bytes, test.o(.text), UNUSED)
<BR><BR>[Calls]<UL><LI><a href="#[95]">&gt;&gt;</a>&nbsp;&nbsp;&nbsp;TypeB_WUP
<LI><a href="#[96]">&gt;&gt;</a>&nbsp;&nbsp;&nbsp;TypeB_Select
<LI><a href="#[97]">&gt;&gt;</a>&nbsp;&nbsp;&nbsp;TypeB_GetUID
<LI><a href="#[90]">&gt;&gt;</a>&nbsp;&nbsp;&nbsp;Set_Rf
<LI><a href="#[91]">&gt;&gt;</a>&nbsp;&nbsp;&nbsp;Pcd_ConfigISOType
<LI><a href="#[8f]">&gt;&gt;</a>&nbsp;&nbsp;&nbsp;FM175X_SoftReset
<LI><a href="#[7e]">&gt;&gt;</a>&nbsp;&nbsp;&nbsp;uartPrintf
<LI><a href="#[7b]">&gt;&gt;</a>&nbsp;&nbsp;&nbsp;uartSendHex
<LI><a href="#[72]">&gt;&gt;</a>&nbsp;&nbsp;&nbsp;Delay100us
</UL>

<P><STRONG><a name="[82]"></a>MifareCard_Test</STRONG> (Thumb, 492 bytes, Stack size 72 bytes, test.o(.text), UNUSED)
<BR><BR>[Calls]<UL><LI><a href="#[98]">&gt;&gt;</a>&nbsp;&nbsp;&nbsp;__aeabi_memset
<LI><a href="#[99]">&gt;&gt;</a>&nbsp;&nbsp;&nbsp;__aeabi_memcpy
<LI><a href="#[95]">&gt;&gt;</a>&nbsp;&nbsp;&nbsp;TypeB_WUP
<LI><a href="#[96]">&gt;&gt;</a>&nbsp;&nbsp;&nbsp;TypeB_Select
<LI><a href="#[97]">&gt;&gt;</a>&nbsp;&nbsp;&nbsp;TypeB_GetUID
<LI><a href="#[93]">&gt;&gt;</a>&nbsp;&nbsp;&nbsp;TypeA_Halt
<LI><a href="#[92]">&gt;&gt;</a>&nbsp;&nbsp;&nbsp;TypeA_CardActive
<LI><a href="#[90]">&gt;&gt;</a>&nbsp;&nbsp;&nbsp;Set_Rf
<LI><a href="#[91]">&gt;&gt;</a>&nbsp;&nbsp;&nbsp;Pcd_ConfigISOType
<LI><a href="#[9c]">&gt;&gt;</a>&nbsp;&nbsp;&nbsp;Mifare_Blockwrite
<LI><a href="#[9b]">&gt;&gt;</a>&nbsp;&nbsp;&nbsp;Mifare_Blockread
<LI><a href="#[9a]">&gt;&gt;</a>&nbsp;&nbsp;&nbsp;Mifare_Auth
<LI><a href="#[8f]">&gt;&gt;</a>&nbsp;&nbsp;&nbsp;FM175X_SoftReset
<LI><a href="#[8e]">&gt;&gt;</a>&nbsp;&nbsp;&nbsp;UartSendUid
<LI><a href="#[80]">&gt;&gt;</a>&nbsp;&nbsp;&nbsp;__ARM_common_switch8
<LI><a href="#[7e]">&gt;&gt;</a>&nbsp;&nbsp;&nbsp;uartPrintf
<LI><a href="#[7b]">&gt;&gt;</a>&nbsp;&nbsp;&nbsp;uartSendHex
</UL>
<BR>[Called By]<UL><LI><a href="#[81]">&gt;&gt;</a>&nbsp;&nbsp;&nbsp;UartCommand
</UL>

<P><STRONG><a name="[10b]"></a>GetByteSum</STRONG> (Thumb, 26 bytes, Stack size 12 bytes, utility.o(.text), UNUSED)

<P><STRONG><a name="[10c]"></a>GetByteBCC</STRONG> (Thumb, 32 bytes, Stack size 12 bytes, utility.o(.text), UNUSED)

<P><STRONG><a name="[72]"></a>Delay100us</STRONG> (Thumb, 20 bytes, Stack size 0 bytes, utility.o(.text))
<BR><BR>[Called By]<UL><LI><a href="#[a8]">&gt;&gt;</a>&nbsp;&nbsp;&nbsp;FM175X_HardReset
<LI><a href="#[9d]">&gt;&gt;</a>&nbsp;&nbsp;&nbsp;pcd_RST
<LI><a href="#[90]">&gt;&gt;</a>&nbsp;&nbsp;&nbsp;Set_Rf
<LI><a href="#[91]">&gt;&gt;</a>&nbsp;&nbsp;&nbsp;Pcd_ConfigISOType
<LI><a href="#[94]">&gt;&gt;</a>&nbsp;&nbsp;&nbsp;TyteB_Test
<LI><a href="#[8d]">&gt;&gt;</a>&nbsp;&nbsp;&nbsp;TyteA_Test
<LI><a href="#[65]">&gt;&gt;</a>&nbsp;&nbsp;&nbsp;main
<LI><a href="#[71]">&gt;&gt;</a>&nbsp;&nbsp;&nbsp;open_door
</UL>

<P><STRONG><a name="[8b]"></a>pcd_Init</STRONG> (Thumb, 22 bytes, Stack size 8 bytes, fm175xx.o(.text))
<BR><BR>[Stack]<UL><LI>Max Depth = 16<LI>Call Chain = pcd_Init &rArr; SPI_Init
</UL>
<BR>[Calls]<UL><LI><a href="#[73]">&gt;&gt;</a>&nbsp;&nbsp;&nbsp;SPI_Init
</UL>
<BR>[Called By]<UL><LI><a href="#[65]">&gt;&gt;</a>&nbsp;&nbsp;&nbsp;main
</UL>

<P><STRONG><a name="[9d]"></a>pcd_RST</STRONG> (Thumb, 64 bytes, Stack size 8 bytes, fm175xx.o(.text))
<BR><BR>[Stack]<UL><LI>Max Depth = 8<LI>Call Chain = pcd_RST
</UL>
<BR>[Calls]<UL><LI><a href="#[72]">&gt;&gt;</a>&nbsp;&nbsp;&nbsp;Delay100us
</UL>
<BR>[Called By]<UL><LI><a href="#[8c]">&gt;&gt;</a>&nbsp;&nbsp;&nbsp;MCU_TO_PCD_TEST
</UL>

<P><STRONG><a name="[8c]"></a>MCU_TO_PCD_TEST</STRONG> (Thumb, 62 bytes, Stack size 8 bytes, fm175xx.o(.text))
<BR><BR>[Stack]<UL><LI>Max Depth = 16<LI>Call Chain = MCU_TO_PCD_TEST &rArr; pcd_RST
</UL>
<BR>[Calls]<UL><LI><a href="#[9d]">&gt;&gt;</a>&nbsp;&nbsp;&nbsp;pcd_RST
<LI><a href="#[77]">&gt;&gt;</a>&nbsp;&nbsp;&nbsp;spi_GetReg
<LI><a href="#[75]">&gt;&gt;</a>&nbsp;&nbsp;&nbsp;spi_SetReg
</UL>
<BR>[Called By]<UL><LI><a href="#[65]">&gt;&gt;</a>&nbsp;&nbsp;&nbsp;main
</UL>

<P><STRONG><a name="[9e]"></a>Read_Reg</STRONG> (Thumb, 16 bytes, Stack size 16 bytes, fm175xx.o(.text))
<BR><BR>[Stack]<UL><LI>Max Depth = 24<LI>Call Chain = Read_Reg &rArr; spi_GetReg
</UL>
<BR>[Calls]<UL><LI><a href="#[77]">&gt;&gt;</a>&nbsp;&nbsp;&nbsp;spi_GetReg
</UL>
<BR>[Called By]<UL><LI><a href="#[aa]">&gt;&gt;</a>&nbsp;&nbsp;&nbsp;Read_Ext_Reg
<LI><a href="#[a9]">&gt;&gt;</a>&nbsp;&nbsp;&nbsp;FM175X_SoftPowerdown
<LI><a href="#[a6]">&gt;&gt;</a>&nbsp;&nbsp;&nbsp;Pcd_Comm
<LI><a href="#[a5]">&gt;&gt;</a>&nbsp;&nbsp;&nbsp;Clear_BitMask
<LI><a href="#[a3]">&gt;&gt;</a>&nbsp;&nbsp;&nbsp;Set_BitMask
<LI><a href="#[90]">&gt;&gt;</a>&nbsp;&nbsp;&nbsp;Set_Rf
<LI><a href="#[9a]">&gt;&gt;</a>&nbsp;&nbsp;&nbsp;Mifare_Auth
</UL>

<P><STRONG><a name="[9f]"></a>Read_Reg_All</STRONG> (Thumb, 28 bytes, Stack size 16 bytes, fm175xx.o(.text), UNUSED)
<BR><BR>[Calls]<UL><LI><a href="#[77]">&gt;&gt;</a>&nbsp;&nbsp;&nbsp;spi_GetReg
</UL>

<P><STRONG><a name="[a0]"></a>Write_Reg</STRONG> (Thumb, 18 bytes, Stack size 16 bytes, fm175xx.o(.text))
<BR><BR>[Stack]<UL><LI>Max Depth = 24<LI>Call Chain = Write_Reg &rArr; spi_SetReg
</UL>
<BR>[Calls]<UL><LI><a href="#[75]">&gt;&gt;</a>&nbsp;&nbsp;&nbsp;spi_SetReg
</UL>
<BR>[Called By]<UL><LI><a href="#[b6]">&gt;&gt;</a>&nbsp;&nbsp;&nbsp;TypeA_Select
<LI><a href="#[b5]">&gt;&gt;</a>&nbsp;&nbsp;&nbsp;TypeA_Anticollision
<LI><a href="#[b4]">&gt;&gt;</a>&nbsp;&nbsp;&nbsp;TypeA_Set_BitFraming
<LI><a href="#[b2]">&gt;&gt;</a>&nbsp;&nbsp;&nbsp;TypeA_WakeUp
<LI><a href="#[b1]">&gt;&gt;</a>&nbsp;&nbsp;&nbsp;TypeA_Request
<LI><a href="#[ab]">&gt;&gt;</a>&nbsp;&nbsp;&nbsp;Write_Ext_Reg
<LI><a href="#[aa]">&gt;&gt;</a>&nbsp;&nbsp;&nbsp;Read_Ext_Reg
<LI><a href="#[a7]">&gt;&gt;</a>&nbsp;&nbsp;&nbsp;Pcd_SetTimer
<LI><a href="#[a6]">&gt;&gt;</a>&nbsp;&nbsp;&nbsp;Pcd_Comm
<LI><a href="#[a5]">&gt;&gt;</a>&nbsp;&nbsp;&nbsp;Clear_BitMask
<LI><a href="#[93]">&gt;&gt;</a>&nbsp;&nbsp;&nbsp;TypeA_Halt
<LI><a href="#[91]">&gt;&gt;</a>&nbsp;&nbsp;&nbsp;Pcd_ConfigISOType
<LI><a href="#[8f]">&gt;&gt;</a>&nbsp;&nbsp;&nbsp;FM175X_SoftReset
</UL>

<P><STRONG><a name="[a1]"></a>Read_FIFO</STRONG> (Thumb, 18 bytes, Stack size 16 bytes, fm175xx.o(.text), UNUSED)
<BR><BR>[Calls]<UL><LI><a href="#[78]">&gt;&gt;</a>&nbsp;&nbsp;&nbsp;SPIRead_Sequence
</UL>

<P><STRONG><a name="[a2]"></a>Write_FIFO</STRONG> (Thumb, 18 bytes, Stack size 16 bytes, fm175xx.o(.text), UNUSED)
<BR><BR>[Calls]<UL><LI><a href="#[79]">&gt;&gt;</a>&nbsp;&nbsp;&nbsp;SPIWrite_Sequence
</UL>

<P><STRONG><a name="[a3]"></a>Set_BitMask</STRONG> (Thumb, 30 bytes, Stack size 24 bytes, fm175xx.o(.text))
<BR><BR>[Stack]<UL><LI>Max Depth = 48<LI>Call Chain = Set_BitMask &rArr; Read_Reg &rArr; spi_GetReg
</UL>
<BR>[Calls]<UL><LI><a href="#[9e]">&gt;&gt;</a>&nbsp;&nbsp;&nbsp;Read_Reg
<LI><a href="#[75]">&gt;&gt;</a>&nbsp;&nbsp;&nbsp;spi_SetReg
</UL>
<BR>[Called By]<UL><LI><a href="#[b6]">&gt;&gt;</a>&nbsp;&nbsp;&nbsp;TypeA_Select
<LI><a href="#[b2]">&gt;&gt;</a>&nbsp;&nbsp;&nbsp;TypeA_WakeUp
<LI><a href="#[b1]">&gt;&gt;</a>&nbsp;&nbsp;&nbsp;TypeA_Request
<LI><a href="#[a9]">&gt;&gt;</a>&nbsp;&nbsp;&nbsp;FM175X_SoftPowerdown
<LI><a href="#[a7]">&gt;&gt;</a>&nbsp;&nbsp;&nbsp;Pcd_SetTimer
<LI><a href="#[a6]">&gt;&gt;</a>&nbsp;&nbsp;&nbsp;Pcd_Comm
<LI><a href="#[a4]">&gt;&gt;</a>&nbsp;&nbsp;&nbsp;Clear_FIFO
<LI><a href="#[93]">&gt;&gt;</a>&nbsp;&nbsp;&nbsp;TypeA_Halt
<LI><a href="#[90]">&gt;&gt;</a>&nbsp;&nbsp;&nbsp;Set_Rf
<LI><a href="#[91]">&gt;&gt;</a>&nbsp;&nbsp;&nbsp;Pcd_ConfigISOType
<LI><a href="#[8f]">&gt;&gt;</a>&nbsp;&nbsp;&nbsp;FM175X_SoftReset
</UL>

<P><STRONG><a name="[a4]"></a>Clear_FIFO</STRONG> (Thumb, 28 bytes, Stack size 8 bytes, fm175xx.o(.text))
<BR><BR>[Stack]<UL><LI>Max Depth = 56<LI>Call Chain = Clear_FIFO &rArr; Set_BitMask &rArr; Read_Reg &rArr; spi_GetReg
</UL>
<BR>[Calls]<UL><LI><a href="#[a3]">&gt;&gt;</a>&nbsp;&nbsp;&nbsp;Set_BitMask
<LI><a href="#[77]">&gt;&gt;</a>&nbsp;&nbsp;&nbsp;spi_GetReg
</UL>
<BR>[Called By]<UL><LI><a href="#[b6]">&gt;&gt;</a>&nbsp;&nbsp;&nbsp;TypeA_Select
<LI><a href="#[b5]">&gt;&gt;</a>&nbsp;&nbsp;&nbsp;TypeA_Anticollision
<LI><a href="#[b2]">&gt;&gt;</a>&nbsp;&nbsp;&nbsp;TypeA_WakeUp
<LI><a href="#[b1]">&gt;&gt;</a>&nbsp;&nbsp;&nbsp;TypeA_Request
<LI><a href="#[b0]">&gt;&gt;</a>&nbsp;&nbsp;&nbsp;Mifare_Restore
<LI><a href="#[af]">&gt;&gt;</a>&nbsp;&nbsp;&nbsp;Mifare_Transfer
<LI><a href="#[ae]">&gt;&gt;</a>&nbsp;&nbsp;&nbsp;Mifare_Blockdec
<LI><a href="#[ad]">&gt;&gt;</a>&nbsp;&nbsp;&nbsp;Mifare_Blockinc
<LI><a href="#[93]">&gt;&gt;</a>&nbsp;&nbsp;&nbsp;TypeA_Halt
<LI><a href="#[9c]">&gt;&gt;</a>&nbsp;&nbsp;&nbsp;Mifare_Blockwrite
<LI><a href="#[9b]">&gt;&gt;</a>&nbsp;&nbsp;&nbsp;Mifare_Blockread
<LI><a href="#[9a]">&gt;&gt;</a>&nbsp;&nbsp;&nbsp;Mifare_Auth
</UL>

<P><STRONG><a name="[a5]"></a>Clear_BitMask</STRONG> (Thumb, 30 bytes, Stack size 24 bytes, fm175xx.o(.text))
<BR><BR>[Stack]<UL><LI>Max Depth = 48<LI>Call Chain = Clear_BitMask &rArr; Write_Reg &rArr; spi_SetReg
</UL>
<BR>[Calls]<UL><LI><a href="#[a0]">&gt;&gt;</a>&nbsp;&nbsp;&nbsp;Write_Reg
<LI><a href="#[9e]">&gt;&gt;</a>&nbsp;&nbsp;&nbsp;Read_Reg
</UL>
<BR>[Called By]<UL><LI><a href="#[b6]">&gt;&gt;</a>&nbsp;&nbsp;&nbsp;TypeA_Select
<LI><a href="#[b5]">&gt;&gt;</a>&nbsp;&nbsp;&nbsp;TypeA_Anticollision
<LI><a href="#[b2]">&gt;&gt;</a>&nbsp;&nbsp;&nbsp;TypeA_WakeUp
<LI><a href="#[b1]">&gt;&gt;</a>&nbsp;&nbsp;&nbsp;TypeA_Request
<LI><a href="#[a9]">&gt;&gt;</a>&nbsp;&nbsp;&nbsp;FM175X_SoftPowerdown
<LI><a href="#[a6]">&gt;&gt;</a>&nbsp;&nbsp;&nbsp;Pcd_Comm
<LI><a href="#[93]">&gt;&gt;</a>&nbsp;&nbsp;&nbsp;TypeA_Halt
<LI><a href="#[90]">&gt;&gt;</a>&nbsp;&nbsp;&nbsp;Set_Rf
</UL>

<P><STRONG><a name="[90]"></a>Set_Rf</STRONG> (Thumb, 90 bytes, Stack size 16 bytes, fm175xx.o(.text))
<BR><BR>[Stack]<UL><LI>Max Depth = 64<LI>Call Chain = Set_Rf &rArr; Clear_BitMask &rArr; Write_Reg &rArr; spi_SetReg
</UL>
<BR>[Calls]<UL><LI><a href="#[a5]">&gt;&gt;</a>&nbsp;&nbsp;&nbsp;Clear_BitMask
<LI><a href="#[a3]">&gt;&gt;</a>&nbsp;&nbsp;&nbsp;Set_BitMask
<LI><a href="#[9e]">&gt;&gt;</a>&nbsp;&nbsp;&nbsp;Read_Reg
<LI><a href="#[72]">&gt;&gt;</a>&nbsp;&nbsp;&nbsp;Delay100us
</UL>
<BR>[Called By]<UL><LI><a href="#[94]">&gt;&gt;</a>&nbsp;&nbsp;&nbsp;TyteB_Test
<LI><a href="#[8d]">&gt;&gt;</a>&nbsp;&nbsp;&nbsp;TyteA_Test
<LI><a href="#[82]">&gt;&gt;</a>&nbsp;&nbsp;&nbsp;MifareCard_Test
</UL>

<P><STRONG><a name="[a6]"></a>Pcd_Comm</STRONG> (Thumb, 310 bytes, Stack size 48 bytes, fm175xx.o(.text))
<BR><BR>[Stack]<UL><LI>Max Depth = 96<LI>Call Chain = Pcd_Comm &rArr; Clear_BitMask &rArr; Write_Reg &rArr; spi_SetReg
</UL>
<BR>[Calls]<UL><LI><a href="#[a5]">&gt;&gt;</a>&nbsp;&nbsp;&nbsp;Clear_BitMask
<LI><a href="#[a3]">&gt;&gt;</a>&nbsp;&nbsp;&nbsp;Set_BitMask
<LI><a href="#[a0]">&gt;&gt;</a>&nbsp;&nbsp;&nbsp;Write_Reg
<LI><a href="#[9e]">&gt;&gt;</a>&nbsp;&nbsp;&nbsp;Read_Reg
</UL>
<BR>[Called By]<UL><LI><a href="#[b8]">&gt;&gt;</a>&nbsp;&nbsp;&nbsp;TypeB_Request
<LI><a href="#[b7]">&gt;&gt;</a>&nbsp;&nbsp;&nbsp;TypeB_Halt
<LI><a href="#[b6]">&gt;&gt;</a>&nbsp;&nbsp;&nbsp;TypeA_Select
<LI><a href="#[b5]">&gt;&gt;</a>&nbsp;&nbsp;&nbsp;TypeA_Anticollision
<LI><a href="#[b2]">&gt;&gt;</a>&nbsp;&nbsp;&nbsp;TypeA_WakeUp
<LI><a href="#[b1]">&gt;&gt;</a>&nbsp;&nbsp;&nbsp;TypeA_Request
<LI><a href="#[b0]">&gt;&gt;</a>&nbsp;&nbsp;&nbsp;Mifare_Restore
<LI><a href="#[af]">&gt;&gt;</a>&nbsp;&nbsp;&nbsp;Mifare_Transfer
<LI><a href="#[ae]">&gt;&gt;</a>&nbsp;&nbsp;&nbsp;Mifare_Blockdec
<LI><a href="#[ad]">&gt;&gt;</a>&nbsp;&nbsp;&nbsp;Mifare_Blockinc
<LI><a href="#[95]">&gt;&gt;</a>&nbsp;&nbsp;&nbsp;TypeB_WUP
<LI><a href="#[96]">&gt;&gt;</a>&nbsp;&nbsp;&nbsp;TypeB_Select
<LI><a href="#[97]">&gt;&gt;</a>&nbsp;&nbsp;&nbsp;TypeB_GetUID
<LI><a href="#[93]">&gt;&gt;</a>&nbsp;&nbsp;&nbsp;TypeA_Halt
<LI><a href="#[9c]">&gt;&gt;</a>&nbsp;&nbsp;&nbsp;Mifare_Blockwrite
<LI><a href="#[9b]">&gt;&gt;</a>&nbsp;&nbsp;&nbsp;Mifare_Blockread
<LI><a href="#[9a]">&gt;&gt;</a>&nbsp;&nbsp;&nbsp;Mifare_Auth
</UL>

<P><STRONG><a name="[a7]"></a>Pcd_SetTimer</STRONG> (Thumb, 86 bytes, Stack size 16 bytes, fm175xx.o(.text))
<BR><BR>[Stack]<UL><LI>Max Depth = 64<LI>Call Chain = Pcd_SetTimer &rArr; Set_BitMask &rArr; Read_Reg &rArr; spi_GetReg
</UL>
<BR>[Calls]<UL><LI><a href="#[74]">&gt;&gt;</a>&nbsp;&nbsp;&nbsp;__aeabi_uidivmod
<LI><a href="#[a3]">&gt;&gt;</a>&nbsp;&nbsp;&nbsp;Set_BitMask
<LI><a href="#[a0]">&gt;&gt;</a>&nbsp;&nbsp;&nbsp;Write_Reg
</UL>
<BR>[Called By]<UL><LI><a href="#[b8]">&gt;&gt;</a>&nbsp;&nbsp;&nbsp;TypeB_Request
<LI><a href="#[b7]">&gt;&gt;</a>&nbsp;&nbsp;&nbsp;TypeB_Halt
<LI><a href="#[b6]">&gt;&gt;</a>&nbsp;&nbsp;&nbsp;TypeA_Select
<LI><a href="#[b5]">&gt;&gt;</a>&nbsp;&nbsp;&nbsp;TypeA_Anticollision
<LI><a href="#[b2]">&gt;&gt;</a>&nbsp;&nbsp;&nbsp;TypeA_WakeUp
<LI><a href="#[b1]">&gt;&gt;</a>&nbsp;&nbsp;&nbsp;TypeA_Request
<LI><a href="#[b0]">&gt;&gt;</a>&nbsp;&nbsp;&nbsp;Mifare_Restore
<LI><a href="#[af]">&gt;&gt;</a>&nbsp;&nbsp;&nbsp;Mifare_Transfer
<LI><a href="#[ae]">&gt;&gt;</a>&nbsp;&nbsp;&nbsp;Mifare_Blockdec
<LI><a href="#[ad]">&gt;&gt;</a>&nbsp;&nbsp;&nbsp;Mifare_Blockinc
<LI><a href="#[95]">&gt;&gt;</a>&nbsp;&nbsp;&nbsp;TypeB_WUP
<LI><a href="#[96]">&gt;&gt;</a>&nbsp;&nbsp;&nbsp;TypeB_Select
<LI><a href="#[97]">&gt;&gt;</a>&nbsp;&nbsp;&nbsp;TypeB_GetUID
<LI><a href="#[93]">&gt;&gt;</a>&nbsp;&nbsp;&nbsp;TypeA_Halt
<LI><a href="#[9c]">&gt;&gt;</a>&nbsp;&nbsp;&nbsp;Mifare_Blockwrite
<LI><a href="#[9b]">&gt;&gt;</a>&nbsp;&nbsp;&nbsp;Mifare_Blockread
<LI><a href="#[9a]">&gt;&gt;</a>&nbsp;&nbsp;&nbsp;Mifare_Auth
</UL>

<P><STRONG><a name="[91]"></a>Pcd_ConfigISOType</STRONG> (Thumb, 142 bytes, Stack size 8 bytes, fm175xx.o(.text))
<BR><BR>[Stack]<UL><LI>Max Depth = 56<LI>Call Chain = Pcd_ConfigISOType &rArr; Set_BitMask &rArr; Read_Reg &rArr; spi_GetReg
</UL>
<BR>[Calls]<UL><LI><a href="#[a3]">&gt;&gt;</a>&nbsp;&nbsp;&nbsp;Set_BitMask
<LI><a href="#[a0]">&gt;&gt;</a>&nbsp;&nbsp;&nbsp;Write_Reg
<LI><a href="#[72]">&gt;&gt;</a>&nbsp;&nbsp;&nbsp;Delay100us
</UL>
<BR>[Called By]<UL><LI><a href="#[94]">&gt;&gt;</a>&nbsp;&nbsp;&nbsp;TyteB_Test
<LI><a href="#[8d]">&gt;&gt;</a>&nbsp;&nbsp;&nbsp;TyteA_Test
<LI><a href="#[82]">&gt;&gt;</a>&nbsp;&nbsp;&nbsp;MifareCard_Test
</UL>

<P><STRONG><a name="[8f]"></a>FM175X_SoftReset</STRONG> (Thumb, 20 bytes, Stack size 8 bytes, fm175xx.o(.text))
<BR><BR>[Stack]<UL><LI>Max Depth = 56<LI>Call Chain = FM175X_SoftReset &rArr; Set_BitMask &rArr; Read_Reg &rArr; spi_GetReg
</UL>
<BR>[Calls]<UL><LI><a href="#[a3]">&gt;&gt;</a>&nbsp;&nbsp;&nbsp;Set_BitMask
<LI><a href="#[a0]">&gt;&gt;</a>&nbsp;&nbsp;&nbsp;Write_Reg
</UL>
<BR>[Called By]<UL><LI><a href="#[94]">&gt;&gt;</a>&nbsp;&nbsp;&nbsp;TyteB_Test
<LI><a href="#[8d]">&gt;&gt;</a>&nbsp;&nbsp;&nbsp;TyteA_Test
<LI><a href="#[82]">&gt;&gt;</a>&nbsp;&nbsp;&nbsp;MifareCard_Test
</UL>

<P><STRONG><a name="[a8]"></a>FM175X_HardReset</STRONG> (Thumb, 74 bytes, Stack size 8 bytes, fm175xx.o(.text), UNUSED)
<BR><BR>[Calls]<UL><LI><a href="#[72]">&gt;&gt;</a>&nbsp;&nbsp;&nbsp;Delay100us
</UL>

<P><STRONG><a name="[a9]"></a>FM175X_SoftPowerdown</STRONG> (Thumb, 38 bytes, Stack size 8 bytes, fm175xx.o(.text), UNUSED)
<BR><BR>[Calls]<UL><LI><a href="#[a5]">&gt;&gt;</a>&nbsp;&nbsp;&nbsp;Clear_BitMask
<LI><a href="#[a3]">&gt;&gt;</a>&nbsp;&nbsp;&nbsp;Set_BitMask
<LI><a href="#[9e]">&gt;&gt;</a>&nbsp;&nbsp;&nbsp;Read_Reg
</UL>

<P><STRONG><a name="[10d]"></a>FM175X_HardPowerdown</STRONG> (Thumb, 4 bytes, Stack size 0 bytes, fm175xx.o(.text), UNUSED)

<P><STRONG><a name="[aa]"></a>Read_Ext_Reg</STRONG> (Thumb, 24 bytes, Stack size 8 bytes, fm175xx.o(.text), UNUSED)
<BR><BR>[Calls]<UL><LI><a href="#[a0]">&gt;&gt;</a>&nbsp;&nbsp;&nbsp;Write_Reg
<LI><a href="#[9e]">&gt;&gt;</a>&nbsp;&nbsp;&nbsp;Read_Reg
</UL>

<P><STRONG><a name="[ab]"></a>Write_Ext_Reg</STRONG> (Thumb, 32 bytes, Stack size 16 bytes, fm175xx.o(.text), UNUSED)
<BR><BR>[Calls]<UL><LI><a href="#[a0]">&gt;&gt;</a>&nbsp;&nbsp;&nbsp;Write_Reg
</UL>

<P><STRONG><a name="[9a]"></a>Mifare_Auth</STRONG> (Thumb, 140 bytes, Stack size 64 bytes, mifare_card.o(.text), UNUSED)
<BR><BR>[Calls]<UL><LI><a href="#[a7]">&gt;&gt;</a>&nbsp;&nbsp;&nbsp;Pcd_SetTimer
<LI><a href="#[a6]">&gt;&gt;</a>&nbsp;&nbsp;&nbsp;Pcd_Comm
<LI><a href="#[a4]">&gt;&gt;</a>&nbsp;&nbsp;&nbsp;Clear_FIFO
<LI><a href="#[9e]">&gt;&gt;</a>&nbsp;&nbsp;&nbsp;Read_Reg
</UL>
<BR>[Called By]<UL><LI><a href="#[82]">&gt;&gt;</a>&nbsp;&nbsp;&nbsp;MifareCard_Test
</UL>

<P><STRONG><a name="[9c]"></a>Mifare_Blockwrite</STRONG> (Thumb, 154 bytes, Stack size 48 bytes, mifare_card.o(.text), UNUSED)
<BR><BR>[Calls]<UL><LI><a href="#[a7]">&gt;&gt;</a>&nbsp;&nbsp;&nbsp;Pcd_SetTimer
<LI><a href="#[a6]">&gt;&gt;</a>&nbsp;&nbsp;&nbsp;Pcd_Comm
<LI><a href="#[a4]">&gt;&gt;</a>&nbsp;&nbsp;&nbsp;Clear_FIFO
</UL>
<BR>[Called By]<UL><LI><a href="#[ac]">&gt;&gt;</a>&nbsp;&nbsp;&nbsp;Mifare_Blockset
<LI><a href="#[82]">&gt;&gt;</a>&nbsp;&nbsp;&nbsp;MifareCard_Test
</UL>

<P><STRONG><a name="[ac]"></a>Mifare_Blockset</STRONG> (Thumb, 116 bytes, Stack size 32 bytes, mifare_card.o(.text), UNUSED)
<BR><BR>[Calls]<UL><LI><a href="#[9c]">&gt;&gt;</a>&nbsp;&nbsp;&nbsp;Mifare_Blockwrite
</UL>

<P><STRONG><a name="[9b]"></a>Mifare_Blockread</STRONG> (Thumb, 78 bytes, Stack size 32 bytes, mifare_card.o(.text), UNUSED)
<BR><BR>[Calls]<UL><LI><a href="#[a7]">&gt;&gt;</a>&nbsp;&nbsp;&nbsp;Pcd_SetTimer
<LI><a href="#[a6]">&gt;&gt;</a>&nbsp;&nbsp;&nbsp;Pcd_Comm
<LI><a href="#[a4]">&gt;&gt;</a>&nbsp;&nbsp;&nbsp;Clear_FIFO
</UL>
<BR>[Called By]<UL><LI><a href="#[82]">&gt;&gt;</a>&nbsp;&nbsp;&nbsp;MifareCard_Test
</UL>

<P><STRONG><a name="[ad]"></a>Mifare_Blockinc</STRONG> (Thumb, 112 bytes, Stack size 32 bytes, mifare_card.o(.text), UNUSED)
<BR><BR>[Calls]<UL><LI><a href="#[a7]">&gt;&gt;</a>&nbsp;&nbsp;&nbsp;Pcd_SetTimer
<LI><a href="#[a6]">&gt;&gt;</a>&nbsp;&nbsp;&nbsp;Pcd_Comm
<LI><a href="#[a4]">&gt;&gt;</a>&nbsp;&nbsp;&nbsp;Clear_FIFO
</UL>

<P><STRONG><a name="[ae]"></a>Mifare_Blockdec</STRONG> (Thumb, 112 bytes, Stack size 32 bytes, mifare_card.o(.text), UNUSED)
<BR><BR>[Calls]<UL><LI><a href="#[a7]">&gt;&gt;</a>&nbsp;&nbsp;&nbsp;Pcd_SetTimer
<LI><a href="#[a6]">&gt;&gt;</a>&nbsp;&nbsp;&nbsp;Pcd_Comm
<LI><a href="#[a4]">&gt;&gt;</a>&nbsp;&nbsp;&nbsp;Clear_FIFO
</UL>

<P><STRONG><a name="[af]"></a>Mifare_Transfer</STRONG> (Thumb, 84 bytes, Stack size 32 bytes, mifare_card.o(.text), UNUSED)
<BR><BR>[Calls]<UL><LI><a href="#[a7]">&gt;&gt;</a>&nbsp;&nbsp;&nbsp;Pcd_SetTimer
<LI><a href="#[a6]">&gt;&gt;</a>&nbsp;&nbsp;&nbsp;Pcd_Comm
<LI><a href="#[a4]">&gt;&gt;</a>&nbsp;&nbsp;&nbsp;Clear_FIFO
</UL>

<P><STRONG><a name="[b0]"></a>Mifare_Restore</STRONG> (Thumb, 122 bytes, Stack size 32 bytes, mifare_card.o(.text), UNUSED)
<BR><BR>[Calls]<UL><LI><a href="#[a7]">&gt;&gt;</a>&nbsp;&nbsp;&nbsp;Pcd_SetTimer
<LI><a href="#[a6]">&gt;&gt;</a>&nbsp;&nbsp;&nbsp;Pcd_Comm
<LI><a href="#[a4]">&gt;&gt;</a>&nbsp;&nbsp;&nbsp;Clear_FIFO
</UL>

<P><STRONG><a name="[b1]"></a>TypeA_Request</STRONG> (Thumb, 104 bytes, Stack size 32 bytes, type_a.o(.text))
<BR><BR>[Stack]<UL><LI>Max Depth = 128<LI>Call Chain = TypeA_Request &rArr; Pcd_Comm &rArr; Clear_BitMask &rArr; Write_Reg &rArr; spi_SetReg
</UL>
<BR>[Calls]<UL><LI><a href="#[a7]">&gt;&gt;</a>&nbsp;&nbsp;&nbsp;Pcd_SetTimer
<LI><a href="#[a6]">&gt;&gt;</a>&nbsp;&nbsp;&nbsp;Pcd_Comm
<LI><a href="#[a5]">&gt;&gt;</a>&nbsp;&nbsp;&nbsp;Clear_BitMask
<LI><a href="#[a4]">&gt;&gt;</a>&nbsp;&nbsp;&nbsp;Clear_FIFO
<LI><a href="#[a3]">&gt;&gt;</a>&nbsp;&nbsp;&nbsp;Set_BitMask
<LI><a href="#[a0]">&gt;&gt;</a>&nbsp;&nbsp;&nbsp;Write_Reg
</UL>
<BR>[Called By]<UL><LI><a href="#[92]">&gt;&gt;</a>&nbsp;&nbsp;&nbsp;TypeA_CardActive
</UL>

<P><STRONG><a name="[b2]"></a>TypeA_WakeUp</STRONG> (Thumb, 104 bytes, Stack size 32 bytes, type_a.o(.text), UNUSED)
<BR><BR>[Calls]<UL><LI><a href="#[a7]">&gt;&gt;</a>&nbsp;&nbsp;&nbsp;Pcd_SetTimer
<LI><a href="#[a6]">&gt;&gt;</a>&nbsp;&nbsp;&nbsp;Pcd_Comm
<LI><a href="#[a5]">&gt;&gt;</a>&nbsp;&nbsp;&nbsp;Clear_BitMask
<LI><a href="#[a4]">&gt;&gt;</a>&nbsp;&nbsp;&nbsp;Clear_FIFO
<LI><a href="#[a3]">&gt;&gt;</a>&nbsp;&nbsp;&nbsp;Set_BitMask
<LI><a href="#[a0]">&gt;&gt;</a>&nbsp;&nbsp;&nbsp;Write_Reg
</UL>

<P><STRONG><a name="[b3]"></a>TypeA_Save_UID</STRONG> (Thumb, 146 bytes, Stack size 36 bytes, type_a.o(.text))
<BR><BR>[Stack]<UL><LI>Max Depth = 44<LI>Call Chain = TypeA_Save_UID &rArr; __ARM_common_switch8
</UL>
<BR>[Calls]<UL><LI><a href="#[80]">&gt;&gt;</a>&nbsp;&nbsp;&nbsp;__ARM_common_switch8
</UL>
<BR>[Called By]<UL><LI><a href="#[b5]">&gt;&gt;</a>&nbsp;&nbsp;&nbsp;TypeA_Anticollision
</UL>

<P><STRONG><a name="[b4]"></a>TypeA_Set_BitFraming</STRONG> (Thumb, 214 bytes, Stack size 16 bytes, type_a.o(.text))
<BR><BR>[Stack]<UL><LI>Max Depth = 40<LI>Call Chain = TypeA_Set_BitFraming &rArr; Write_Reg &rArr; spi_SetReg
</UL>
<BR>[Calls]<UL><LI><a href="#[a0]">&gt;&gt;</a>&nbsp;&nbsp;&nbsp;Write_Reg
<LI><a href="#[80]">&gt;&gt;</a>&nbsp;&nbsp;&nbsp;__ARM_common_switch8
</UL>
<BR>[Called By]<UL><LI><a href="#[b5]">&gt;&gt;</a>&nbsp;&nbsp;&nbsp;TypeA_Anticollision
</UL>

<P><STRONG><a name="[b5]"></a>TypeA_Anticollision</STRONG> (Thumb, 342 bytes, Stack size 80 bytes, type_a.o(.text))
<BR><BR>[Stack]<UL><LI>Max Depth = 176<LI>Call Chain = TypeA_Anticollision &rArr; Pcd_Comm &rArr; Clear_BitMask &rArr; Write_Reg &rArr; spi_SetReg
</UL>
<BR>[Calls]<UL><LI><a href="#[99]">&gt;&gt;</a>&nbsp;&nbsp;&nbsp;__aeabi_memcpy
<LI><a href="#[b4]">&gt;&gt;</a>&nbsp;&nbsp;&nbsp;TypeA_Set_BitFraming
<LI><a href="#[b3]">&gt;&gt;</a>&nbsp;&nbsp;&nbsp;TypeA_Save_UID
<LI><a href="#[a7]">&gt;&gt;</a>&nbsp;&nbsp;&nbsp;Pcd_SetTimer
<LI><a href="#[a6]">&gt;&gt;</a>&nbsp;&nbsp;&nbsp;Pcd_Comm
<LI><a href="#[a5]">&gt;&gt;</a>&nbsp;&nbsp;&nbsp;Clear_BitMask
<LI><a href="#[a4]">&gt;&gt;</a>&nbsp;&nbsp;&nbsp;Clear_FIFO
<LI><a href="#[a0]">&gt;&gt;</a>&nbsp;&nbsp;&nbsp;Write_Reg
</UL>
<BR>[Called By]<UL><LI><a href="#[92]">&gt;&gt;</a>&nbsp;&nbsp;&nbsp;TypeA_CardActive
</UL>

<P><STRONG><a name="[b6]"></a>TypeA_Select</STRONG> (Thumb, 132 bytes, Stack size 56 bytes, type_a.o(.text))
<BR><BR>[Stack]<UL><LI>Max Depth = 152<LI>Call Chain = TypeA_Select &rArr; Pcd_Comm &rArr; Clear_BitMask &rArr; Write_Reg &rArr; spi_SetReg
</UL>
<BR>[Calls]<UL><LI><a href="#[a7]">&gt;&gt;</a>&nbsp;&nbsp;&nbsp;Pcd_SetTimer
<LI><a href="#[a6]">&gt;&gt;</a>&nbsp;&nbsp;&nbsp;Pcd_Comm
<LI><a href="#[a5]">&gt;&gt;</a>&nbsp;&nbsp;&nbsp;Clear_BitMask
<LI><a href="#[a4]">&gt;&gt;</a>&nbsp;&nbsp;&nbsp;Clear_FIFO
<LI><a href="#[a3]">&gt;&gt;</a>&nbsp;&nbsp;&nbsp;Set_BitMask
<LI><a href="#[a0]">&gt;&gt;</a>&nbsp;&nbsp;&nbsp;Write_Reg
</UL>
<BR>[Called By]<UL><LI><a href="#[92]">&gt;&gt;</a>&nbsp;&nbsp;&nbsp;TypeA_CardActive
</UL>

<P><STRONG><a name="[93]"></a>TypeA_Halt</STRONG> (Thumb, 82 bytes, Stack size 32 bytes, type_a.o(.text))
<BR><BR>[Stack]<UL><LI>Max Depth = 128<LI>Call Chain = TypeA_Halt &rArr; Pcd_Comm &rArr; Clear_BitMask &rArr; Write_Reg &rArr; spi_SetReg
</UL>
<BR>[Calls]<UL><LI><a href="#[a7]">&gt;&gt;</a>&nbsp;&nbsp;&nbsp;Pcd_SetTimer
<LI><a href="#[a6]">&gt;&gt;</a>&nbsp;&nbsp;&nbsp;Pcd_Comm
<LI><a href="#[a5]">&gt;&gt;</a>&nbsp;&nbsp;&nbsp;Clear_BitMask
<LI><a href="#[a4]">&gt;&gt;</a>&nbsp;&nbsp;&nbsp;Clear_FIFO
<LI><a href="#[a3]">&gt;&gt;</a>&nbsp;&nbsp;&nbsp;Set_BitMask
<LI><a href="#[a0]">&gt;&gt;</a>&nbsp;&nbsp;&nbsp;Write_Reg
</UL>
<BR>[Called By]<UL><LI><a href="#[8d]">&gt;&gt;</a>&nbsp;&nbsp;&nbsp;TyteA_Test
<LI><a href="#[82]">&gt;&gt;</a>&nbsp;&nbsp;&nbsp;MifareCard_Test
</UL>

<P><STRONG><a name="[92]"></a>TypeA_CardActive</STRONG> (Thumb, 264 bytes, Stack size 24 bytes, type_a.o(.text))
<BR><BR>[Stack]<UL><LI>Max Depth = 200<LI>Call Chain = TypeA_CardActive &rArr; TypeA_Anticollision &rArr; Pcd_Comm &rArr; Clear_BitMask &rArr; Write_Reg &rArr; spi_SetReg
</UL>
<BR>[Calls]<UL><LI><a href="#[b6]">&gt;&gt;</a>&nbsp;&nbsp;&nbsp;TypeA_Select
<LI><a href="#[b5]">&gt;&gt;</a>&nbsp;&nbsp;&nbsp;TypeA_Anticollision
<LI><a href="#[b1]">&gt;&gt;</a>&nbsp;&nbsp;&nbsp;TypeA_Request
</UL>
<BR>[Called By]<UL><LI><a href="#[8d]">&gt;&gt;</a>&nbsp;&nbsp;&nbsp;TyteA_Test
<LI><a href="#[82]">&gt;&gt;</a>&nbsp;&nbsp;&nbsp;MifareCard_Test
</UL>

<P><STRONG><a name="[b7]"></a>TypeB_Halt</STRONG> (Thumb, 60 bytes, Stack size 40 bytes, type_b.o(.text), UNUSED)
<BR><BR>[Calls]<UL><LI><a href="#[a7]">&gt;&gt;</a>&nbsp;&nbsp;&nbsp;Pcd_SetTimer
<LI><a href="#[a6]">&gt;&gt;</a>&nbsp;&nbsp;&nbsp;Pcd_Comm
</UL>

<P><STRONG><a name="[95]"></a>TypeB_WUP</STRONG> (Thumb, 62 bytes, Stack size 32 bytes, type_b.o(.text), UNUSED)
<BR><BR>[Calls]<UL><LI><a href="#[99]">&gt;&gt;</a>&nbsp;&nbsp;&nbsp;__aeabi_memcpy
<LI><a href="#[a7]">&gt;&gt;</a>&nbsp;&nbsp;&nbsp;Pcd_SetTimer
<LI><a href="#[a6]">&gt;&gt;</a>&nbsp;&nbsp;&nbsp;Pcd_Comm
</UL>
<BR>[Called By]<UL><LI><a href="#[94]">&gt;&gt;</a>&nbsp;&nbsp;&nbsp;TyteB_Test
<LI><a href="#[82]">&gt;&gt;</a>&nbsp;&nbsp;&nbsp;MifareCard_Test
</UL>

<P><STRONG><a name="[b8]"></a>TypeB_Request</STRONG> (Thumb, 60 bytes, Stack size 32 bytes, type_b.o(.text), UNUSED)
<BR><BR>[Calls]<UL><LI><a href="#[99]">&gt;&gt;</a>&nbsp;&nbsp;&nbsp;__aeabi_memcpy
<LI><a href="#[a7]">&gt;&gt;</a>&nbsp;&nbsp;&nbsp;Pcd_SetTimer
<LI><a href="#[a6]">&gt;&gt;</a>&nbsp;&nbsp;&nbsp;Pcd_Comm
</UL>

<P><STRONG><a name="[96]"></a>TypeB_Select</STRONG> (Thumb, 78 bytes, Stack size 48 bytes, type_b.o(.text), UNUSED)
<BR><BR>[Calls]<UL><LI><a href="#[a7]">&gt;&gt;</a>&nbsp;&nbsp;&nbsp;Pcd_SetTimer
<LI><a href="#[a6]">&gt;&gt;</a>&nbsp;&nbsp;&nbsp;Pcd_Comm
</UL>
<BR>[Called By]<UL><LI><a href="#[94]">&gt;&gt;</a>&nbsp;&nbsp;&nbsp;TyteB_Test
<LI><a href="#[82]">&gt;&gt;</a>&nbsp;&nbsp;&nbsp;MifareCard_Test
</UL>

<P><STRONG><a name="[97]"></a>TypeB_GetUID</STRONG> (Thumb, 52 bytes, Stack size 32 bytes, type_b.o(.text), UNUSED)
<BR><BR>[Calls]<UL><LI><a href="#[a7]">&gt;&gt;</a>&nbsp;&nbsp;&nbsp;Pcd_SetTimer
<LI><a href="#[a6]">&gt;&gt;</a>&nbsp;&nbsp;&nbsp;Pcd_Comm
</UL>
<BR>[Called By]<UL><LI><a href="#[94]">&gt;&gt;</a>&nbsp;&nbsp;&nbsp;TyteB_Test
<LI><a href="#[82]">&gt;&gt;</a>&nbsp;&nbsp;&nbsp;MifareCard_Test
</UL>

<P><STRONG><a name="[99]"></a>__aeabi_memcpy</STRONG> (Thumb, 130 bytes, Stack size 24 bytes, rt_memcpy.o(.text))
<BR><BR>[Stack]<UL><LI>Max Depth = 24<LI>Call Chain = __aeabi_memcpy
</UL>
<BR>[Calls]<UL><LI><a href="#[b9]">&gt;&gt;</a>&nbsp;&nbsp;&nbsp;__aeabi_memcpy4
</UL>
[...]
</UL>
<BR>[Calls]<UL><LI><a href="#[c3]">&gt;&gt;</a>&nbsp;&nbsp;&nbsp;_printf_int_common
</UL>
<BR>[Called By]<UL><LI><a href="#[4f]">&gt;&gt;</a>&nbsp;&nbsp;&nbsp;_printf_ll_oct
<LI><a href="#[47]">&gt;&gt;</a>&nbsp;&nbsp;&nbsp;_printf_int_oct
</UL>

<P><STRONG><a name="[47]"></a>_printf_int_oct</STRONG> (Thumb, 24 bytes, Stack size 8 bytes, _printf_oct_int_ll.o(.text))
<BR><BR>[Stack]<UL><LI>Max Depth = 80<LI>Call Chain = _printf_int_oct &rArr; _printf_longlong_oct &rArr; _printf_int_common &rArr; _printf_post_padding
</UL>
<BR>[Calls]<UL><LI><a href="#[c8]">&gt;&gt;</a>&nbsp;&nbsp;&nbsp;_printf_longlong_oct
<LI><a href="#[c1]">&gt;&gt;</a>&nbsp;&nbsp;&nbsp;_printf_truncate_unsigned
</UL>
<BR>[Called By]<UL><LI><a href="#[45]">&gt;&gt;</a>&nbsp;&nbsp;&nbsp;_printf_o
</UL>

<P><STRONG><a name="[4f]"></a>_printf_ll_oct</STRONG> (Thumb, 10 bytes, Stack size 0 bytes, _printf_oct_int_ll.o(.text))
<BR><BR>[Stack]<UL><LI>Max Depth = 72<LI>Call Chain = _printf_ll_oct &rArr; _printf_longlong_oct &rArr; _printf_int_common &rArr; _printf_post_padding
</UL>
<BR>[Calls]<UL><LI><a href="#[c8]">&gt;&gt;</a>&nbsp;&nbsp;&nbsp;_printf_longlong_oct
</UL>
<BR>[Called By]<UL><LI><a href="#[4d]">&gt;&gt;</a>&nbsp;&nbsp;&nbsp;_printf_llo
</UL>

<P><STRONG><a name="[c9]"></a>_printf_longlong_hex</STRONG> (Thumb, 88 bytes, Stack size 24 bytes, _printf_hex_int_ll_ptr.o(.text))
<BR><BR>[Stack]<UL><LI>Max Depth = 80<LI>Call Chain = _printf_longlong_hex &rArr; _printf_int_common &rArr; _printf_post_padding
</UL>
<BR>[Calls]<UL><LI><a href="#[c3]">&gt;&gt;</a>&nbsp;&nbsp;&nbsp;_printf_int_common
</UL>
<BR>[Called By]<UL><LI><a href="#[3a]">&gt;&gt;</a>&nbsp;&nbsp;&nbsp;_printf_hex_ptr
<LI><a href="#[51]">&gt;&gt;</a>&nbsp;&nbsp;&nbsp;_printf_ll_hex
<LI><a href="#[49]">&gt;&gt;</a>&nbsp;&nbsp;&nbsp;_printf_int_hex
</UL>

<P><STRONG><a name="[49]"></a>_printf_int_hex</STRONG> (Thumb, 28 bytes, Stack size 16 bytes, _printf_hex_int_ll_ptr.o(.text))
<BR><BR>[Stack]<UL><LI>Max Depth = 96<LI>Call Chain = _printf_int_hex &rArr; _printf_longlong_hex &rArr; _printf_int_common &rArr; _printf_post_padding
</UL>
<BR>[Calls]<UL><LI><a href="#[c9]">&gt;&gt;</a>&nbsp;&nbsp;&nbsp;_printf_longlong_hex
<LI><a href="#[c1]">&gt;&gt;</a>&nbsp;&nbsp;&nbsp;_printf_truncate_unsigned
</UL>
<BR>[Called By]<UL><LI><a href="#[46]">&gt;&gt;</a>&nbsp;&nbsp;&nbsp;_printf_x
</UL>

<P><STRONG><a name="[51]"></a>_printf_ll_hex</STRONG> (Thumb, 10 bytes, Stack size 0 bytes, _printf_hex_int_ll_ptr.o(.text))
<BR><BR>[Stack]<UL><LI>Max Depth = 80<LI>Call Chain = _printf_ll_hex &rArr; _printf_longlong_hex &rArr; _printf_int_common &rArr; _printf_post_padding
</UL>
<BR>[Calls]<UL><LI><a href="#[c9]">&gt;&gt;</a>&nbsp;&nbsp;&nbsp;_printf_longlong_hex
</UL>
<BR>[Called By]<UL><LI><a href="#[4e]">&gt;&gt;</a>&nbsp;&nbsp;&nbsp;_printf_llx
</UL>

<P><STRONG><a name="[3a]"></a>_printf_hex_ptr</STRONG> (Thumb, 22 bytes, Stack size 8 bytes, _printf_hex_int_ll_ptr.o(.text))
<BR><BR>[Stack]<UL><LI>Max Depth = 88<LI>Call Chain = _printf_hex_ptr &rArr; _printf_longlong_hex &rArr; _printf_int_common &rArr; _printf_post_padding
</UL>
<BR>[Calls]<UL><LI><a href="#[c9]">&gt;&gt;</a>&nbsp;&nbsp;&nbsp;_printf_longlong_hex
</UL>
<BR>[Called By]<UL><LI><a href="#[37]">&gt;&gt;</a>&nbsp;&nbsp;&nbsp;_printf_p
</UL>

<P><STRONG><a name="[c4]"></a>__printf</STRONG> (Thumb, 386 bytes, Stack size 32 bytes, __printf_flags_ss_wp.o(.text))
<BR><BR>[Stack]<UL><LI>Max Depth = 32 + Unknown Stack Size
<LI>Call Chain = __printf
</UL>
<BR>[Calls]<UL><LI><a href="#[cb]">&gt;&gt;</a>&nbsp;&nbsp;&nbsp;_printf_percent
<LI><a href="#[ca]">&gt;&gt;</a>&nbsp;&nbsp;&nbsp;_is_digit
</UL>
<BR>[Called By]<UL><LI><a href="#[6c]">&gt;&gt;</a>&nbsp;&nbsp;&nbsp;_printf_char_common
</UL>

<P><STRONG><a name="[c7]"></a>_ll_udiv10</STRONG> (Thumb, 122 bytes, Stack size 16 bytes, lludiv10.o(.text))
<BR><BR>[Stack]<UL><LI>Max Depth = 16<LI>Call Chain = _ll_udiv10
</UL>
<BR>[Called By]<UL><LI><a href="#[4b]">&gt;&gt;</a>&nbsp;&nbsp;&nbsp;_printf_longlong_dec
<LI><a href="#[cc]">&gt;&gt;</a>&nbsp;&nbsp;&nbsp;_fp_digits
</UL>

<P><STRONG><a name="[c3]"></a>_printf_int_common</STRONG> (Thumb, 176 bytes, Stack size 40 bytes, _printf_intcommon.o(.text))
<BR><BR>[Stack]<UL><LI>Max Depth = 56<LI>Call Chain = _printf_int_common &rArr; _printf_post_padding
</UL>
<BR>[Calls]<UL><LI><a href="#[bf]">&gt;&gt;</a>&nbsp;&nbsp;&nbsp;_printf_post_padding
<LI><a href="#[be]">&gt;&gt;</a>&nbsp;&nbsp;&nbsp;_printf_pre_padding
</UL>
<BR>[Called By]<UL><LI><a href="#[c9]">&gt;&gt;</a>&nbsp;&nbsp;&nbsp;_printf_longlong_hex
<LI><a href="#[c8]">&gt;&gt;</a>&nbsp;&nbsp;&nbsp;_printf_longlong_oct
<LI><a href="#[4b]">&gt;&gt;</a>&nbsp;&nbsp;&nbsp;_printf_longlong_dec
<LI><a href="#[43]">&gt;&gt;</a>&nbsp;&nbsp;&nbsp;_printf_int_dec
</UL>

<P><STRONG><a name="[114]"></a>__lib_sel_fp_printf</STRONG> (Thumb, 2 bytes, Stack size 0 bytes, _printf_fp_dec.o(.text), UNUSED)

<P><STRONG><a name="[2e]"></a>_printf_fp_dec_real</STRONG> (Thumb, 620 bytes, Stack size 96 bytes, _printf_fp_dec.o(.text))
<BR><BR>[Stack]<UL><LI>Max Depth = 368<LI>Call Chain = _printf_fp_dec_real &rArr; _fp_digits &rArr; _btod_etento &rArr; _btod_emul &rArr; btod_internal_mul &rArr; __ARM_common_ll_muluu
</UL>
<BR>[Calls]<UL><LI><a href="#[bf]">&gt;&gt;</a>&nbsp;&nbsp;&nbsp;_printf_post_padding
<LI><a href="#[be]">&gt;&gt;</a>&nbsp;&nbsp;&nbsp;_printf_pre_padding
<LI><a href="#[d1]">&gt;&gt;</a>&nbsp;&nbsp;&nbsp;__ARM_fpclassify
<LI><a href="#[d2]">&gt;&gt;</a>&nbsp;&nbsp;&nbsp;_printf_fp_infnan
<LI><a href="#[5c]">&gt;&gt;</a>&nbsp;&nbsp;&nbsp;__rt_locale
<LI><a href="#[c2]">&gt;&gt;</a>&nbsp;&nbsp;&nbsp;__rt_udiv10
<LI><a href="#[cc]">&gt;&gt;</a>&nbsp;&nbsp;&nbsp;_fp_digits
</UL>
<BR>[Address Reference Count : 1]<UL><LI> printf1.o(x$fpl$printf1)
</UL>
<P><STRONG><a name="[d3]"></a>_printf_cs_common</STRONG> (Thumb, 22 bytes, Stack size 8 bytes, _printf_char.o(.text))
<BR><BR>[Stack]<UL><LI>Max Depth = 40<LI>Call Chain = _printf_cs_common &rArr; _printf_str &rArr; _printf_post_padding
</UL>
<BR>[Calls]<UL><LI><a href="#[bd]">&gt;&gt;</a>&nbsp;&nbsp;&nbsp;_printf_str
<LI><a href="#[d4]">&gt;&gt;</a>&nbsp;&nbsp;&nbsp;_printf_mbtowc (Weak Reference)
</UL>
<BR>[Called By]<UL><LI><a href="#[56]">&gt;&gt;</a>&nbsp;&nbsp;&nbsp;_printf_string
<LI><a href="#[54]">&gt;&gt;</a>&nbsp;&nbsp;&nbsp;_printf_char
</UL>

<P><STRONG><a name="[54]"></a>_printf_char</STRONG> (Thumb, 16 bytes, Stack size 0 bytes, _printf_char.o(.text))
<BR><BR>[Stack]<UL><LI>Max Depth = 40<LI>Call Chain = _printf_char &rArr; _printf_cs_common &rArr; _printf_str &rArr; _printf_post_padding
</UL>
<BR>[Calls]<UL><LI><a href="#[d3]">&gt;&gt;</a>&nbsp;&nbsp;&nbsp;_printf_cs_common
</UL>
<BR>[Called By]<UL><LI><a href="#[52]">&gt;&gt;</a>&nbsp;&nbsp;&nbsp;_printf_c
</UL>

<P><STRONG><a name="[56]"></a>_printf_string</STRONG> (Thumb, 8 bytes, Stack size 0 bytes, _printf_char.o(.text))
<BR><BR>[Stack]<UL><LI>Max Depth = 40<LI>Call Chain = _printf_string &rArr; _printf_cs_common &rArr; _printf_str &rArr; _printf_post_padding
</UL>
<BR>[Calls]<UL><LI><a href="#[d3]">&gt;&gt;</a>&nbsp;&nbsp;&nbsp;_printf_cs_common
</UL>
<BR>[Called By]<UL><LI><a href="#[53]">&gt;&gt;</a>&nbsp;&nbsp;&nbsp;_printf_s
</UL>

<P><STRONG><a name="[d5]"></a>_printf_lcs_common</STRONG> (Thumb, 22 bytes, Stack size 8 bytes, _printf_wchar.o(.text))
<BR><BR>[Stack]<UL><LI>Max Depth = 88<LI>Call Chain = _printf_lcs_common &rArr; _printf_wctomb &rArr; _wcrtomb &rArr; __rt_ctype_table
</UL>
<BR>[Calls]<UL><LI><a href="#[c5]">&gt;&gt;</a>&nbsp;&nbsp;&nbsp;_printf_wctomb
<LI><a href="#[d6]">&gt;&gt;</a>&nbsp;&nbsp;&nbsp;_printf_wc (Weak Reference)
</UL>
<BR>[Called By]<UL><LI><a href="#[5a]">&gt;&gt;</a>&nbsp;&nbsp;&nbsp;_printf_wstring
<LI><a href="#[58]">&gt;&gt;</a>&nbsp;&nbsp;&nbsp;_printf_wchar
</UL>

<P><STRONG><a name="[58]"></a>_printf_wchar</STRONG> (Thumb, 16 bytes, Stack size 0 bytes, _printf_wchar.o(.text))
<BR><BR>[Stack]<UL><LI>Max Depth = 88<LI>Call Chain = _printf_wchar &rArr; _printf_lcs_common &rArr; _printf_wctomb &rArr; _wcrtomb &rArr; __rt_ctype_table
</UL>
<BR>[Calls]<UL><LI><a href="#[d5]">&gt;&gt;</a>&nbsp;&nbsp;&nbsp;_printf_lcs_common
</UL>
<BR>[Called By]<UL><LI><a href="#[55]">&gt;&gt;</a>&nbsp;&nbsp;&nbsp;_printf_lc
</UL>

<P><STRONG><a name="[5a]"></a>_printf_wstring</STRONG> (Thumb, 8 bytes, Stack size 0 bytes, _printf_wchar.o(.text))
<BR><BR>[Stack]<UL><LI>Max Depth = 88<LI>Call Chain = _printf_wstring &rArr; _printf_lcs_common &rArr; _printf_wctomb &rArr; _wcrtomb &rArr; __rt_ctype_table
</UL>
<BR>[Calls]<UL><LI><a href="#[d5]">&gt;&gt;</a>&nbsp;&nbsp;&nbsp;_printf_lcs_common
</UL>
<BR>[Called By]<UL><LI><a href="#[57]">&gt;&gt;</a>&nbsp;&nbsp;&nbsp;_printf_ls
</UL>

<P><STRONG><a name="[c6]"></a>_wcrtomb</STRONG> (Thumb, 64 bytes, Stack size 16 bytes, _wcrtomb.o(.text))
<BR><BR>[Stack]<UL><LI>Max Depth = 24<LI>Call Chain = _wcrtomb &rArr; __rt_ctype_table
</UL>
<BR>[Calls]<UL><LI><a href="#[d7]">&gt;&gt;</a>&nbsp;&nbsp;&nbsp;__rt_ctype_table
</UL>
<BR>[Called By]<UL><LI><a href="#[c5]">&gt;&gt;</a>&nbsp;&nbsp;&nbsp;_printf_wctomb
</UL>

<P><STRONG><a name="[c2]"></a>__rt_udiv10</STRONG> (Thumb, 40 bytes, Stack size 0 bytes, rtudiv10.o(.text))
<BR><BR>[Called By]<UL><LI><a href="#[43]">&gt;&gt;</a>&nbsp;&nbsp;&nbsp;_printf_int_dec
<LI><a href="#[2e]">&gt;&gt;</a>&nbsp;&nbsp;&nbsp;_printf_fp_dec_real
</UL>

<P><STRONG><a name="[61]"></a>__user_setup_stackheap</STRONG> (Thumb, 62 bytes, Stack size 8 bytes, sys_stackheap_outer.o(.text))
<BR><BR>[Stack]<UL><LI>Max Depth = 8 + Unknown Stack Size
<LI>Call Chain = __user_setup_stackheap
</UL>
<BR>[Calls]<UL><LI><a href="#[31]">&gt;&gt;</a>&nbsp;&nbsp;&nbsp;__user_initial_stackheap
<LI><a href="#[d8]">&gt;&gt;</a>&nbsp;&nbsp;&nbsp;__user_perproc_libspace
</UL>
<BR>[Called By]<UL><LI><a href="#[60]">&gt;&gt;</a>&nbsp;&nbsp;&nbsp;__rt_entry_sh
</UL>

<P><STRONG><a name="[d7]"></a>__rt_ctype_table</STRONG> (Thumb, 16 bytes, Stack size 8 bytes, rt_ctype_table.o(.text))
<BR><BR>[Stack]<UL><LI>Max Depth = 8<LI>Call Chain = __rt_ctype_table
</UL>
<BR>[Calls]<UL><LI><a href="#[5c]">&gt;&gt;</a>&nbsp;&nbsp;&nbsp;__rt_locale
</UL>
<BR>[Called By]<UL><LI><a href="#[c6]">&gt;&gt;</a>&nbsp;&nbsp;&nbsp;_wcrtomb
</UL>

<P><STRONG><a name="[5c]"></a>__rt_locale</STRONG> (Thumb, 8 bytes, Stack size 0 bytes, rt_locale_intlibspace.o(.text))
<BR><BR>[Called By]<UL><LI><a href="#[5b]">&gt;&gt;</a>&nbsp;&nbsp;&nbsp;__rt_lib_init_lc_common
<LI><a href="#[d7]">&gt;&gt;</a>&nbsp;&nbsp;&nbsp;__rt_ctype_table
<LI><a href="#[2e]">&gt;&gt;</a>&nbsp;&nbsp;&nbsp;_printf_fp_dec_real
</UL>

<P><STRONG><a name="[d2]"></a>_printf_fp_infnan</STRONG> (Thumb, 120 bytes, Stack size 24 bytes, _printf_fp_infnan.o(.text))
<BR><BR>[Stack]<UL><LI>Max Depth = 40<LI>Call Chain = _printf_fp_infnan &rArr; _printf_post_padding
</UL>
<BR>[Calls]<UL><LI><a href="#[bf]">&gt;&gt;</a>&nbsp;&nbsp;&nbsp;_printf_post_padding
<LI><a href="#[be]">&gt;&gt;</a>&nbsp;&nbsp;&nbsp;_printf_pre_padding
</UL>
<BR>[Called By]<UL><LI><a href="#[2e]">&gt;&gt;</a>&nbsp;&nbsp;&nbsp;_printf_fp_dec_real
</UL>

<P><STRONG><a name="[cd]"></a>_btod_etento</STRONG> (Thumb, 196 bytes, Stack size 72 bytes, bigflt0.o(.text))
<BR><BR>[Stack]<UL><LI>Max Depth = 176<LI>Call Chain = _btod_etento &rArr; _btod_emul &rArr; btod_internal_mul &rArr; __ARM_common_ll_muluu
</UL>
<BR>[Calls]<UL><LI><a href="#[d9]">&gt;&gt;</a>&nbsp;&nbsp;&nbsp;__aeabi_idivmod
<LI><a href="#[cf]">&gt;&gt;</a>&nbsp;&nbsp;&nbsp;_btod_ediv
<LI><a href="#[d0]">&gt;&gt;</a>&nbsp;&nbsp;&nbsp;_btod_emul
</UL>
<BR>[Called By]<UL><LI><a href="#[cc]">&gt;&gt;</a>&nbsp;&nbsp;&nbsp;_fp_digits
</UL>

<P><STRONG><a name="[ce]"></a>_btod_d2e</STRONG> (Thumb, 64 bytes, Stack size 8 bytes, btod.o(.text))
<BR><BR>[Stack]<UL><LI>Max Depth = 8<LI>Call Chain = _btod_d2e
</UL>
<BR>[Called By]<UL><LI><a href="#[cc]">&gt;&gt;</a>&nbsp;&nbsp;&nbsp;_fp_digits
</UL>

<P><STRONG><a name="[d0]"></a>_btod_emul</STRONG> (Thumb, 24 bytes, Stack size 24 bytes, btod.o(.text))
<BR><BR>[Stack]<UL><LI>Max Depth = 104<LI>Call Chain = _btod_emul &rArr; btod_internal_mul &rArr; __ARM_common_ll_muluu
</UL>
<BR>[Calls]<UL><LI><a href="#[da]">&gt;&gt;</a>&nbsp;&nbsp;&nbsp;btod_internal_mul
</UL>
<BR>[Called By]<UL><LI><a href="#[cd]">&gt;&gt;</a>&nbsp;&nbsp;&nbsp;_btod_etento
<LI><a href="#[cc]">&gt;&gt;</a>&nbsp;&nbsp;&nbsp;_fp_digits
</UL>

<P><STRONG><a name="[dc]"></a>_btod_emuld</STRONG> (Thumb, 60 bytes, Stack size 24 bytes, btod.o(.text), UNUSED)
<BR><BR>[Calls]<UL><LI><a href="#[da]">&gt;&gt;</a>&nbsp;&nbsp;&nbsp;btod_internal_mul
</UL>

<P><STRONG><a name="[cf]"></a>_btod_ediv</STRONG> (Thumb, 22 bytes, Stack size 24 bytes, btod.o(.text))
<BR><BR>[Stack]<UL><LI>Max Depth = 88<LI>Call Chain = _btod_ediv &rArr; btod_internal_div
</UL>
<BR>[Calls]<UL><LI><a href="#[dd]">&gt;&gt;</a>&nbsp;&nbsp;&nbsp;btod_internal_div
</UL>
<BR>[Called By]<UL><LI><a href="#[cd]">&gt;&gt;</a>&nbsp;&nbsp;&nbsp;_btod_etento
<LI><a href="#[cc]">&gt;&gt;</a>&nbsp;&nbsp;&nbsp;_fp_digits
</UL>

<P><STRONG><a name="[de]"></a>_btod_edivd</STRONG> (Thumb, 60 bytes, Stack size 24 bytes, btod.o(.text), UNUSED)
<BR><BR>[Calls]<UL><LI><a href="#[dd]">&gt;&gt;</a>&nbsp;&nbsp;&nbsp;btod_internal_div
</UL>

<P><STRONG><a name="[66]"></a>exit</STRONG> (Thumb, 12 bytes, Stack size 0 bytes, exit.o(.text))
<BR><BR>[Calls]<UL><LI><a href="#[e0]">&gt;&gt;</a>&nbsp;&nbsp;&nbsp;__rt_exit
<LI><a href="#[df]">&gt;&gt;</a>&nbsp;&nbsp;&nbsp;_call_atexit_fns (Weak Reference)
</UL>
<BR>[Called By]<UL><LI><a href="#[64]">&gt;&gt;</a>&nbsp;&nbsp;&nbsp;__rt_entry_main
</UL>

<P><STRONG><a name="[115]"></a>__user_libspace</STRONG> (Thumb, 8 bytes, Stack size 0 bytes, libspace.o(.text), UNUSED)

<P><STRONG><a name="[d8]"></a>__user_perproc_libspace</STRONG> (Thumb, 0 bytes, Stack size 0 bytes, libspace.o(.text))
<BR><BR>[Called By]<UL><LI><a href="#[61]">&gt;&gt;</a>&nbsp;&nbsp;&nbsp;__user_setup_stackheap
</UL>

<P><STRONG><a name="[116]"></a>__user_perthread_libspace</STRONG> (Thumb, 0 bytes, Stack size 0 bytes, libspace.o(.text), UNUSED)

<P><STRONG><a name="[e1]"></a>strcmp</STRONG> (Thumb, 132 bytes, Stack size 16 bytes, strcmp.o(.text))
<BR><BR>[Stack]<UL><LI>Max Depth = 16<LI>Call Chain = strcmp
</UL>
<BR>[Called By]<UL><LI><a href="#[2d]">&gt;&gt;</a>&nbsp;&nbsp;&nbsp;_get_lc_ctype
<LI><a href="#[5f]">&gt;&gt;</a>&nbsp;&nbsp;&nbsp;_get_lc_numeric
</UL>

<P><STRONG><a name="[6a]"></a>_sys_exit</STRONG> (Thumb, 8 bytes, Stack size 0 bytes, sys_exit.o(.text))
<BR><BR>[Called By]<UL><LI><a href="#[69]">&gt;&gt;</a>&nbsp;&nbsp;&nbsp;__rt_exit_exit
</UL>

<P><STRONG><a name="[db]"></a>__ARM_common_ll_muluu</STRONG> (Thumb, 48 bytes, Stack size 24 bytes, btod.o(i.__ARM_common_ll_muluu))
<BR><BR>[Stack]<UL><LI>Max Depth = 24<LI>Call Chain = __ARM_common_ll_muluu
</UL>
<BR>[Called By]<UL><LI><a href="#[da]">&gt;&gt;</a>&nbsp;&nbsp;&nbsp;btod_internal_mul
</UL>

<P><STRONG><a name="[80]"></a>__ARM_common_switch8</STRONG> (Thumb, 28 bytes, Stack size 8 bytes, system_lpc8xx.o(i.__ARM_common_switch8))
<BR><BR>[Stack]<UL><LI>Max Depth = 8<LI>Call Chain = __ARM_common_switch8
</UL>
<BR>[Called By]<UL><LI><a href="#[b4]">&gt;&gt;</a>&nbsp;&nbsp;&nbsp;TypeA_Set_BitFraming
<LI><a href="#[b3]">&gt;&gt;</a>&nbsp;&nbsp;&nbsp;TypeA_Save_UID
<LI><a href="#[82]">&gt;&gt;</a>&nbsp;&nbsp;&nbsp;MifareCard_Test
<LI><a href="#[7f]">&gt;&gt;</a>&nbsp;&nbsp;&nbsp;SystemCoreClockUpdate
</UL>

<P><STRONG><a name="[d1]"></a>__ARM_fpclassify</STRONG> (Thumb, 40 bytes, Stack size 0 bytes, fpclassify.o(i.__ARM_fpclassify))
<BR><BR>[Called By]<UL><LI><a href="#[2e]">&gt;&gt;</a>&nbsp;&nbsp;&nbsp;_printf_fp_dec_real
</UL>

<P><STRONG><a name="[ca]"></a>_is_digit</STRONG> (Thumb, 14 bytes, Stack size 0 bytes, __printf_wp.o(i._is_digit))
<BR><BR>[Called By]<UL><LI><a href="#[c4]">&gt;&gt;</a>&nbsp;&nbsp;&nbsp;__printf
</UL>

<P><STRONG><a name="[5f]"></a>_get_lc_numeric</STRONG> (Thumb, 44 bytes, Stack size 8 bytes, lc_numeric_c.o(locale$$code))
<BR><BR>[Stack]<UL><LI>Max Depth = 24<LI>Call Chain = _get_lc_numeric &rArr; strcmp
</UL>
<BR>[Calls]<UL><LI><a href="#[e1]">&gt;&gt;</a>&nbsp;&nbsp;&nbsp;strcmp
</UL>
<BR>[Called By]<UL><LI><a href="#[5e]">&gt;&gt;</a>&nbsp;&nbsp;&nbsp;__rt_lib_init_lc_numeric_2
</UL>

<P><STRONG><a name="[2d]"></a>_get_lc_ctype</STRONG> (Thumb, 44 bytes, Stack size 8 bytes, lc_ctype_c.o(locale$$code))
<BR><BR>[Stack]<UL><LI>Max Depth = 24<LI>Call Chain = _get_lc_ctype &rArr; strcmp
</UL>
<BR>[Calls]<UL><LI><a href="#[e1]">&gt;&gt;</a>&nbsp;&nbsp;&nbsp;strcmp
</UL>
<BR>[Called By]<UL><LI><a href="#[5d]">&gt;&gt;</a>&nbsp;&nbsp;&nbsp;__rt_lib_init_lc_ctype_2
</UL>
<BR>[Address Reference Count : 1]<UL><LI> rt_ctype_table.o(.text)
</UL>
<P><STRONG><a name="[3c]"></a>_printf_fp_dec</STRONG> (Thumb, 16 bytes, Stack size 8 bytes, printf1.o(x$fpl$printf1))
<BR><BR>[Stack]<UL><LI>Max Depth = 8<LI>Call Chain = _printf_fp_dec
</UL>
<BR>[Called By]<UL><LI><a href="#[3d]">&gt;&gt;</a>&nbsp;&nbsp;&nbsp;_printf_g
<LI><a href="#[3b]">&gt;&gt;</a>&nbsp;&nbsp;&nbsp;_printf_e
<LI><a href="#[39]">&gt;&gt;</a>&nbsp;&nbsp;&nbsp;_printf_f
</UL>
<P>
<H3>
Local Symbols
</H3>
<P><STRONG><a name="[2c]"></a>_printf_input_char</STRONG> (Thumb, 10 bytes, Stack size 0 bytes, _printf_char_common.o(.text))
<BR>[Address Reference Count : 1]<UL><LI> _printf_char_common.o(.text)
</UL>
<P><STRONG><a name="[cc]"></a>_fp_digits</STRONG> (Thumb, 408 bytes, Stack size 96 bytes, _printf_fp_dec.o(.text))
<BR><BR>[Stack]<UL><LI>Max Depth = 272<LI>Call Chain = _fp_digits &rArr; _btod_etento &rArr; _btod_emul &rArr; btod_internal_mul &rArr; __ARM_common_ll_muluu
</UL>
<BR>[Calls]<UL><LI><a href="#[cf]">&gt;&gt;</a>&nbsp;&nbsp;&nbsp;_btod_ediv
<LI><a href="#[d0]">&gt;&gt;</a>&nbsp;&nbsp;&nbsp;_btod_emul
<LI><a href="#[ce]">&gt;&gt;</a>&nbsp;&nbsp;&nbsp;_btod_d2e
<LI><a href="#[cd]">&gt;&gt;</a>&nbsp;&nbsp;&nbsp;_btod_etento
<LI><a href="#[c7]">&gt;&gt;</a>&nbsp;&nbsp;&nbsp;_ll_udiv10
</UL>
<BR>[Called By]<UL><LI><a href="#[2e]">&gt;&gt;</a>&nbsp;&nbsp;&nbsp;_printf_fp_dec_real
</UL>

<P><STRONG><a name="[da]"></a>btod_internal_mul</STRONG> (Thumb, 456 bytes, Stack size 56 bytes, btod.o(.text))
<BR><BR>[Stack]<UL><LI>Max Depth = 80<LI>Call Chain = btod_internal_mul &rArr; __ARM_common_ll_muluu
</UL>
<BR>[Calls]<UL><LI><a href="#[db]">&gt;&gt;</a>&nbsp;&nbsp;&nbsp;__ARM_common_ll_muluu
</UL>
<BR>[Called By]<UL><LI><a href="#[dc]">&gt;&gt;</a>&nbsp;&nbsp;&nbsp;_btod_emuld
<LI><a href="#[d0]">&gt;&gt;</a>&nbsp;&nbsp;&nbsp;_btod_emul
</UL>

<P><STRONG><a name="[dd]"></a>btod_internal_div</STRONG> (Thumb, 494 bytes, Stack size 64 bytes, btod.o(.text))
<BR><BR>[Stack]<UL><LI>Max Depth = 64<LI>Call Chain = btod_internal_div
</UL>
<BR>[Called By]<UL><LI><a href="#[de]">&gt;&gt;</a>&nbsp;&nbsp;&nbsp;_btod_edivd
<LI><a href="#[cf]">&gt;&gt;</a>&nbsp;&nbsp;&nbsp;_btod_ediv
</UL>
<P>
<H3>
Undefined Global Symbols
</H3>
<P><STRONG><a name="[df]"></a>_call_atexit_fns</STRONG> (ARM, 0 bytes, Stack size 0 bytes, UNDEFINED)
<BR><BR>[Called By]<UL><LI><a href="#[66]">&gt;&gt;</a>&nbsp;&nbsp;&nbsp;exit
</UL>

<P><STRONG><a name="[40]"></a>_printf_fp_hex</STRONG> (Unknown, 0 bytes, Stack size 0 bytes, UNDEFINED)
<BR><BR>[Called By]<UL><LI><a href="#[3e]">&gt;&gt;</a>&nbsp;&nbsp;&nbsp;_printf_a
</UL>

<P><STRONG><a name="[d4]"></a>_printf_mbtowc</STRONG> (ARM, 0 bytes, Stack size 0 bytes, UNDEFINED)
<BR><BR>[Called By]<UL><LI><a href="#[d3]">&gt;&gt;</a>&nbsp;&nbsp;&nbsp;_printf_cs_common
</UL>

<P><STRONG><a name="[d6]"></a>_printf_wc</STRONG> (ARM, 0 bytes, Stack size 0 bytes, UNDEFINED)
<BR><BR>[Called By]<UL><LI><a href="#[d5]">&gt;&gt;</a>&nbsp;&nbsp;&nbsp;_printf_lcs_common
</UL>
<HR></body></html>
