<html>
<body>
<pre>
<h1>µVision Build Log</h1>
<h2>Tool Versions:</h2>
IDE-Version: ¦ÌVision V5.12.0.0
Copyright (C) 2014 ARM Ltd and ARM Germany GmbH. All rights reserved.
License Information: wang jack, nokia, LIC=----
 
Tool Versions:
Toolchain:       MDK-Lite  Version: 5.12.0.0
Toolchain Path:  C:\Keil_v5\ARM\ARMCC\Bin
C Compiler:      Armcc.exe V5.05 (build 41)
Assembler:       Armasm.exe V5.05 (build 41)
Linker/Locator:  ArmLink.exe V5.05 (build 41)
Library Manager: ArmAr.exe V5.05 (build 41)
Hex Converter:   FromElf.exe V5.05 (build 41)
CPU DLL:         SARMCM3.DLL V5.12.0.0
Dialog DLL:      DARMCM1.DLL V1.11.00.0
    Target DLL: Segger\JL2CM3.dll
Dialog DLL:      TARMCM1.DLL V1.08.00.0
 
<h2>Project:</h2>
C:\Users\jack\Desktop\sihan_lock\SIHAN_LPC824_LOCK.uvprojx
Project File Date:  11/27/2016

<h2>Output:</h2>
Rebuild target 'DebugInFlash'
compiling system_LPC8xx.c...
assembling startup_lpc82x.s...
compiling uart.c...
compiling main.c...
linking...
Program Size: Code=2164 RO-data=224 RW-data=4 ZI-data=748  
FromELF: creating hex file...
".\Out\DebugInFlash\SIHAN_LPC824_LOCK.axf" - 0 Error(s), 0 Warning(s).

<h2>Collection of Component include folders:</h2>
  C:\Users\jack\Desktop\sihan_lock\RTE
  C:\Keil_v5\ARM\PACK\Keil\LPC800_DFP\1.1.0\Device\Include

<h2>Collection of Component Files used:</h2>
</pre>
</body>
</html>
 Error(s), 2 Warning(s).

<h2>Collection of Component include folders:</h2>
  C:\Users\jack\Desktop\sihan_lock\RTE
  C:\Keil_v5\ARM\PACK\Keil\LPC800_DFP\1.1.0\Device\Include

<h2>Collection of Component Files used:</h2>
1, GPIO_HIGH);
USER CODE\main.c: 0 warnings, 6 errors
".\Out\DebugInFlash\SIHAN_LPC824_LOCK.axf" - 6 Error(s), 0 Warning(s).

<h2>Collection of Component include folders:</h2>
  C:\Users\jack\Desktop\sihan_lock\RTE
  C:\Keil_v5\ARM\PACK\Keil\LPC800_DFP\1.1.0\Device\Include

<h2>Collection of Component Files used:</h2>
Target not created.
).

<h2>Collection of Component include folders:</h2>
  C:\Users\jack\Desktop\sihan_lock\RTE
  C:\Keil_v5\ARM\PACK\Keil\LPC800_DFP\1.1.0\Device\Include

<h2>Collection of Component Files used:</h2>
Target not created.
