Component: ARM Compiler 5.05 (build 41) Tool: armlink [4d0eb9]

==============================================================================

Section Cross References

    lpc8xx_gpio.o(.text) refers to main.o(.text) for gpio_dir
    lpc8xx_gpio.o(.text) refers to utility.o(.text) for Delay100us
    lpc8xx_spi.o(.text) refers to aeabi_sdiv.o(.text) for __aeabi_uidivmod
    lpc8xx_spi.o(.text) refers to system_lpc8xx.o(.data) for SystemCoreClock
    lpc8xx_uart.o(.text) refers to aeabi_sdiv.o(.text) for __aeabi_uidivmod
    lpc8xx_uart.o(.text) refers to c89vsprintf.o(.text) for __c89vsprintf
    lpc8xx_uart.o(.text) refers to system_lpc8xx.o(.data) for SystemCoreClock
    lpc8xx_uart.o(.text) refers to lpc8xx_uart.o(.data) for GulNum
    lpc8xx_uart.o(.text) refers to lpc8xx_uart.o(.bss) for Recv_Buff
    system_lpc8xx.o(.text) refers to system_lpc8xx.o(i.__ARM_common_switch8) for __ARM_common_switch8
    system_lpc8xx.o(.text) refers to aeabi_sdiv.o(.text) for __aeabi_uidivmod
    system_lpc8xx.o(.text) refers to system_lpc8xx.o(.data) for SystemCoreClock
    startup_lpc82x.o(STACK) refers (Special) to heapauxi.o(.text) for __use_two_region_memory
    startup_lpc82x.o(HEAP) refers (Special) to heapauxi.o(.text) for __use_two_region_memory
    startup_lpc82x.o(RESET) refers (Special) to heapauxi.o(.text) for __use_two_region_memory
    startup_lpc82x.o(RESET) refers to startup_lpc82x.o(STACK) for __initial_sp
    startup_lpc82x.o(RESET) refers to startup_lpc82x.o(.text) for Reset_Handler
    startup_lpc82x.o(RESET) refers to lpc8xx_uart.o(.text) for UART0_IRQHandler
    startup_lpc82x.o(.ARM.__at_0x02FC) refers (Special) to heapauxi.o(.text) for __use_two_region_memory
    startup_lpc82x.o(.text) refers (Special) to heapauxi.o(.text) for __use_two_region_memory
    startup_lpc82x.o(.text) refers to system_lpc8xx.o(.text) for SystemInit
    startup_lpc82x.o(.text) refers to __main.o(!!!main) for __main
    startup_lpc82x.o(.text) refers to startup_lpc82x.o(HEAP) for Heap_Mem
    startup_lpc82x.o(.text) refers to startup_lpc82x.o(STACK) for Stack_Mem
    main.o(.text) refers to test.o(.text) for MifareCard_Test
    main.o(.text) refers to rt_memclr.o(.text) for __aeabi_memclr
    main.o(.text) refers to system_lpc8xx.o(.text) for SystemInit
    main.o(.text) refers to utility.o(.text) for Delay100us
    main.o(.text) refers to lpc8xx_gpio.o(.text) for GPIOInit
    main.o(.text) refers to fm175xx.o(.text) for pcd_Init
    main.o(.text) refers to lpc8xx_uart.o(.text) for UARTInit
    main.o(.text) refers to lpc8xx_uart.o(.data) for GucRcvNew
    main.o(.text) refers to lpc8xx_uart.o(.bss) for Recv_Buff
    test.o(.text) refers to lpc8xx_uart.o(.text) for uartSendHex
    test.o(.text) refers to fm175xx.o(.text) for FM175X_SoftReset
    test.o(.text) refers to type_a.o(.text) for TypeA_CardActive
    test.o(.text) refers to rt_memclr.o(.text) for __aeabi_memclr
    test.o(.text) refers to utility.o(.text) for Delay100us
    test.o(.text) refers to type_b.o(.text) for TypeB_WUP
    test.o(.text) refers to system_lpc8xx.o(i.__ARM_common_switch8) for __ARM_common_switch8
    test.o(.text) refers to aeabi_memset.o(.text) for __aeabi_memset
    test.o(.text) refers to rt_memcpy.o(.text) for __aeabi_memcpy
    test.o(.text) refers to mifare_card.o(.text) for Mifare_Auth
    test.o(.text) refers to test.o(.bss) for picc_uid
    test.o(.text) refers to test.o(.conststring) for .conststring
    test.o(.text) refers to lpc8xx_uart.o(.data) for GulNum
    test.o(.text) refers to lpc8xx_uart.o(.bss) for Recv_Buff
    fm175xx.o(.text) refers to lpc8xx_spi.o(.text) for SPI_Init
    fm175xx.o(.text) refers to utility.o(.text) for Delay100us
    fm175xx.o(.text) refers to aeabi_sdiv.o(.text) for __aeabi_uidivmod
    mifare_card.o(.text) refers to fm175xx.o(.text) for Pcd_SetTimer
    ntag.o(.text) refers to fm175xx.o(.text) for Pcd_SetTimer
    type_a.o(.text) refers to fm175xx.o(.text) for Clear_BitMask
    type_a.o(.text) refers to system_lpc8xx.o(i.__ARM_common_switch8) for __ARM_common_switch8
    type_a.o(.text) refers to rt_memcpy.o(.text) for __aeabi_memcpy
    type_b.o(.text) refers to fm175xx.o(.text) for Pcd_SetTimer
    type_b.o(.text) refers to rt_memcpy.o(.text) for __aeabi_memcpy
    c89vsprintf.o(.text) refers (Special) to _printf_a.o(.ARM.Collect$$_printf_percent$$00000006) for _printf_a
    c89vsprintf.o(.text) refers (Special) to _printf_c.o(.ARM.Collect$$_printf_percent$$00000013) for _printf_c
    c89vsprintf.o(.text) refers (Special) to _printf_charcount.o(.text) for _printf_charcount
    c89vsprintf.o(.text) refers (Special) to _printf_d.o(.ARM.Collect$$_printf_percent$$00000009) for _printf_d
    c89vsprintf.o(.text) refers (Special) to _printf_e.o(.ARM.Collect$$_printf_percent$$00000004) for _printf_e
    c89vsprintf.o(.text) refers (Special) to _printf_f.o(.ARM.Collect$$_printf_percent$$00000003) for _printf_f
[...]
    defsig_pvfn_inner.o(.text) refers to defsig_general.o(.text) for __default_signal_display
    defsig_cppl_inner.o(.text) refers to defsig_general.o(.text) for __default_signal_display
    defsig_segv_inner.o(.text) refers to defsig_general.o(.text) for __default_signal_display
    defsig_other.o(.text) refers to defsig_general.o(.text) for __default_signal_display


==============================================================================

Removing Unused input sections from the image.

    Removing lpc8xx_gpio.o(.rev16_text), (4 bytes).
    Removing lpc8xx_gpio.o(.revsh_text), (4 bytes).
    Removing lpc8xx_spi.o(.rev16_text), (4 bytes).
    Removing lpc8xx_spi.o(.revsh_text), (4 bytes).
    Removing lpc8xx_uart.o(.rev16_text), (4 bytes).
    Removing lpc8xx_uart.o(.revsh_text), (4 bytes).
    Removing system_lpc8xx.o(.rev16_text), (4 bytes).
    Removing system_lpc8xx.o(.revsh_text), (4 bytes).
    Removing uart.o(.rev16_text), (4 bytes).
    Removing uart.o(.revsh_text), (4 bytes).
    Removing main.o(.rev16_text), (4 bytes).
    Removing main.o(.revsh_text), (4 bytes).
    Removing test.o(.rev16_text), (4 bytes).
    Removing test.o(.revsh_text), (4 bytes).
    Removing fm175xx.o(.rev16_text), (4 bytes).
    Removing fm175xx.o(.revsh_text), (4 bytes).
    Removing fm175xx.o(.data), (1 bytes).
    Removing ntag.o(.text), (590 bytes).
    Removing type_a.o(.rev16_text), (4 bytes).
    Removing type_a.o(.revsh_text), (4 bytes).

20 unused section(s) (total 663 bytes) removed from the image.

==============================================================================

Image Symbol Table

    Local Symbols

    Symbol Name                              Value     Ov Type        Size  Object(Section)

    RESET                                    0x00000000   Section      192  startup_lpc82x.o(RESET)
    ../clib/angel/boardlib.s                 0x00000000   Number         0  boardshut.o ABSOLUTE
    ../clib/angel/boardlib.s                 0x00000000   Number         0  boardinit1.o ABSOLUTE
    ../clib/angel/boardlib.s                 0x00000000   Number         0  boardinit2.o ABSOLUTE
    ../clib/angel/boardlib.s                 0x00000000   Number         0  boardinit3.o ABSOLUTE
    ../clib/angel/handlers.s                 0x00000000   Number         0  __scatter_copy.o ABSOLUTE
    ../clib/angel/handlers.s                 0x00000000   Number         0  __scatter_zi.o ABSOLUTE
    ../clib/angel/kernel.s                   0x00000000   Number         0  __rtentry.o ABSOLUTE
    ../clib/angel/kernel.s                   0x00000000   Number         0  rtexit2.o ABSOLUTE
    ../clib/angel/kernel.s                   0x00000000   Number         0  __rtentry4.o ABSOLUTE
    ../clib/angel/kernel.s                   0x00000000   Number         0  __rtentry2.o ABSOLUTE
    ../clib/angel/kernel.s                   0x00000000   Number         0  rtexit.o ABSOLUTE
    ../clib/angel/rt.s                       0x00000000   Number         0  rt_locale_intlibspace.o ABSOLUTE
    ../clib/angel/rt.s                       0x00000000   Number         0  aeabi_idiv0_sigfpe.o ABSOLUTE
    ../clib/angel/rt.s                       0x00000000   Number         0  aeabi_idiv0.o ABSOLUTE
    ../clib/angel/rt.s                       0x00000000   Number         0  rt_locale.o ABSOLUTE
    ../clib/angel/rt.s                       0x00000000   Number         0  rt_ctype_table.o ABSOLUTE
    ../clib/angel/rt.s                       0x00000000   Number         0  rt_div0.o ABSOLUTE
    ../clib/angel/rt.s                       0x00000000   Number         0  rt_raise.o ABSOLUTE
    ../clib/angel/scatterp.s                 0x00000000   Number         0  __scatter.o ABSOLUTE
    ../clib/angel/startup.s                  0x00000000   Number         0  __main.o ABSOLUTE
    ../clib/angel/sys.s                      0x00000000   Number         0  sys_stackheap_outer.o ABSOLUTE
    ../clib/angel/sys.s                      0x00000000   Number         0  use_no_semi.o ABSOLUTE
    ../clib/angel/sys.s                      0x00000000   Number         0  indicate_semi.o ABSOLUTE
    ../clib/angel/sys.s                      0x00000000   Number         0  tempstk.o ABSOLUTE
    ../clib/angel/sys.s                      0x00000000   Number         0  libspace.o ABSOLUTE
    ../clib/angel/sysapp.c                   0x00000000   Number         0  sys_wrch.o ABSOLUTE
    ../clib/angel/sysapp.c                   0x00000000   Number         0  sys_command.o ABSOLUTE
    ../clib/angel/sysapp.c                   0x00000000   Number         0  sys_exit.o ABSOLUTE
    ../clib/armsys.c                         0x00000000   Number         0  argv_veneer.o ABSOLUTE
    ../clib/armsys.c                         0x00000000   Number         0  _get_argv_nomalloc.o ABSOLUTE
    ../clib/armsys.c                         0x00000000   Number         0  no_argv.o ABSOLUTE
    ../clib/bigflt.c                         0x00000000   Number         0  bigflt0.o ABSOLUTE
    ../clib/btod.c                           0x00000000   Number         0  btod.o ABSOLUTE
    ../clib/division.c                       0x00000000   Number         0  rtudiv10.o ABSOLUTE
    ../clib/division.c                       0x00000000   Number         0  lludiv10.o ABSOLUTE
    ../clib/division.s                       0x00000000   Number         0  aeabi_sdiv_div0.o ABSOLUTE
    ../clib/division.s                       0x00000000   Number         0  aeabi_sdiv.o ABSOLUTE
    ../clib/heapalloc.c                      0x00000000   Number         0  hrguard.o ABSOLUTE
    ../clib/heapaux.c                        0x00000000   Number         0  heapauxi.o ABSOLUTE
    ../clib/libinit.s                        0x00000000   Number         0  libinit.o ABSOLUTE
    ../clib/libinit.s                        0x00000000   Number         0  libinit2.o ABSOLUTE
    ../clib/libinit.s                        0x00000000   Number         0  libshutdown.o ABSOLUTE
    ../clib/libinit.s                        0x00000000   Number         0  libshutdown2.o ABSOLUTE
    ../clib/locale.c                         0x00000000   Number         0  _wcrtomb.o ABSOLUTE
    ../clib/locale.s                         0x00000000   Number         0  lc_ctype_c.o ABSOLUTE
    ../clib/locale.s                         0x00000000   Number         0  lc_numeric_c.o ABSOLUTE
    ../clib/memcpset.c                       0x00000000   Number         0  rt_memcpy.o ABSOLUTE
    ../clib/memcpset.c                       0x00000000   Number         0  aeabi_memset.o ABSOLUTE
    ../clib/memcpset.c                       0x00000000   Number         0  rt_memclr.o ABSOLUTE
    ../clib/memcpset.c                       0x00000000   Number         0  rt_memcpy.o ABSOLUTE
    ../clib/misc.s                           0x00000000   Number         0  printf_stubs.o ABSOLUTE
    ../clib/printf.c                         0x00000000   Number         0  __printf.o ABSOLUTE
    ../clib/printf.c                         0x00000000   Number         0  _printf_pad.o ABSOLUTE
    ../clib/printf.c                         0x00000000   Number         0  _printf_truncate.o ABSOLUTE
    ../clib/printf.c                         0x00000000   Number         0  _printf_str.o ABSOLUTE
    ../clib/printf.c                         0x00000000   Number         0  _printf_dec.o ABSOLUTE
    ../clib/printf.c                         0x00000000   Number         0  _printf_wchar.o ABSOLUTE
    ../clib/printf.c                         0x00000000   Number         0  _printf_charcount.o ABSOLUTE
    ../clib/printf.c                         0x00000000   Number         0  _printf_char.o ABSOLUTE
    ../clib/printf.c                         0x00000000   Number         0  _printf_char_common.o ABSOLUTE
    ../clib/printf.c                         0x00000000   Number         0  __printf_nopercent.o ABSOLUTE
    ../clib/printf.c                         0x00000000   Number         0  _printf_fp_dec.o ABSOLUTE
    ../clib/printf.c                         0x00000000   Number         0  _sputc.o ABSOLUTE
    ../clib/printf.c                         0x00000000   Number         0  _printf_intcommon.o ABSOLUTE
    ../clib/printf.c                         0x00000000   Number         0  _printf_wctomb.o ABSOLUTE
    ../clib/printf.c                         0x00000000   Number         0  _printf_longlong_dec.o ABSOLUTE
    ../clib/printf.c                         0x00000000   Number         0  _printf_oct_ll.o ABSOLUTE
    ../clib/printf.c                         0x00000000   Number         0  _printf_oct_int.o ABSOLUTE
    ../clib/printf.c                         0x00000000   Number         0  _printf_oct_int_ll.o ABSOLUTE
    ../clib/printf.c                         0x00000000   Number         0  _printf_hex_ll.o ABSOLUTE
    ../clib/printf.c                         0x00000000   Number         0  _printf_hex_int.o ABSOLUTE
    ../clib/printf.c                         0x00000000   Number         0  _printf_hex_int_ll.o ABSOLUTE
    ../clib/printf.c                         0x00000000   Number         0  _printf_hex_ptr.o ABSOLUTE
    ../clib/printf.c                         0x00000000   Number         0  _printf_hex_int_ptr.o ABSOLUTE
    ../clib/printf.c                         0x00000000   Number         0  _printf_hex_ll_ptr.o ABSOLUTE
    ../clib/printf.c                         0x00000000   Number         0  _printf_hex_int_ll_ptr.o ABSOLUTE
    ../clib/printf.c                         0x00000000   Number         0  __printf_flags.o ABSOLUTE
    ../clib/printf.c                         0x00000000   Number         0  __printf_ss.o ABSOLUTE
    ../clib/printf.c                         0x00000000   Number         0  __printf_flags_ss.o ABSOLUTE
    ../clib/printf.c                         0x00000000   Number         0  __printf_wp.o ABSOLUTE
    ../clib/printf.c                         0x00000000   Number         0  __printf_flags_wp.o ABSOLUTE
    ../clib/printf.c                         0x00000000   Number         0  __printf_ss_wp.o ABSOLUTE
    ../clib/printf.c                         0x00000000   Number         0  __printf_flags_ss_wp.o ABSOLUTE
    ../clib/printf.c                         0x00000000   Number         0  _printf_fp_infnan.o ABSOLUTE
    ../clib/printf.c                         0x00000000   Number         0  c89vsprintf.o ABSOLUTE
    ../clib/printf_percent.s                 0x00000000   Number         0  _printf_llx.o ABSOLUTE
    ../clib/printf_percent.s                 0x00000000   Number         0  _printf_llu.o ABSOLUTE
    ../clib/printf_percent.s                 0x00000000   Number         0  _printf_p.o ABSOLUTE
    ../clib/printf_percent.s                 0x00000000   Number         0  _printf_lld.o ABSOLUTE
    ../clib/printf_percent.s                 0x00000000   Number         0  _printf_ls.o ABSOLUTE
    ../clib/printf_percent.s                 0x00000000   Number         0  _printf_lli.o ABSOLUTE
    ../clib/printf_percent.s                 0x00000000   Number         0  _printf_llo.o ABSOLUTE
    ../clib/printf_percent.s                 0x00000000   Number         0  _printf_percent.o ABSOLUTE
    ../clib/printf_percent.s                 0x00000000   Number         0  _printf_a.o ABSOLUTE
    ../clib/printf_percent.s                 0x00000000   Number         0  _printf_g.o ABSOLUTE
    ../clib/printf_percent.s                 0x00000000   Number         0  _printf_f.o ABSOLUTE
    ../clib/printf_percent.s                 0x00000000   Number         0  _printf_l.o ABSOLUTE
    ../clib/printf_percent.s                 0x00000000   Number         0  _printf_e.o ABSOLUTE
    ../clib/printf_percent.s                 0x00000000   Number         0  _printf_u.o ABSOLUTE
    ../clib/printf_percent.s                 0x00000000   Number         0  _printf_c.o ABSOLUTE
    ../clib/printf_percent.s                 0x00000000   Number         0  _printf_d.o ABSOLUTE
    ../clib/printf_percent.s                 0x00000000   Number         0  _printf_s.o ABSOLUTE
    ../clib/printf_percent.s                 0x00000000   Number         0  _printf_ll.o ABSOLUTE
    ../clib/printf_percent.s                 0x00000000   Number         0  _printf_n.o ABSOLUTE
    ../clib/printf_percent.s                 0x00000000   Number         0  _printf_i.o ABSOLUTE
    ../clib/printf_percent.s                 0x00000000   Number         0  _printf_lc.o ABSOLUTE
    ../clib/printf_percent.s                 0x00000000   Number         0  _printf_x.o ABSOLUTE
    ../clib/printf_percent.s                 0x00000000   Number         0  _printf_percent_end.o ABSOLUTE
    ../clib/printf_percent.s                 0x00000000   Number         0  _printf_o.o ABSOLUTE
    ../clib/signal.c                         0x00000000   Number         0  __raise.o ABSOLUTE
    ../clib/signal.c                         0x00000000   Number         0  defsig_cppl_inner.o ABSOLUTE
    ../clib/signal.c                         0x00000000   Number         0  defsig_segv_inner.o ABSOLUTE
    ../clib/signal.c                         0x00000000   Number         0  defsig_other.o ABSOLUTE
    ../clib/signal.c                         0x00000000   Number         0  defsig_fpe_formal.o ABSOLUTE
    ../clib/signal.c                         0x00000000   Number         0  defsig_fpe_outer.o ABSOLUTE
    ../clib/signal.c                         0x00000000   Number         0  defsig_fpe_inner.o ABSOLUTE
    ../clib/signal.c                         0x00000000   Number         0  defsig_rtmem_inner.o ABSOLUTE
    ../clib/signal.c                         0x00000000   Number         0  defsig_general.o ABSOLUTE
    ../clib/signal.c                         0x00000000   Number         0  defsig_exit.o ABSOLUTE
    ../clib/signal.c                         0x00000000   Number         0  defsig_rtmem_formal.o ABSOLUTE
    ../clib/signal.c                         0x00000000   Number         0  defsig_abrt_inner.o ABSOLUTE
    ../clib/signal.c                         0x00000000   Number         0  defsig_rtred_inner.o ABSOLUTE
    ../clib/signal.c                         0x00000000   Number         0  defsig_rtmem_outer.o ABSOLUTE
    ../clib/signal.c                         0x00000000   Number         0  defsig_stak_inner.o ABSOLUTE
    ../clib/signal.c                         0x00000000   Number         0  defsig_pvfn_inner.o ABSOLUTE
    ../clib/signal.s                         0x00000000   Number         0  defsig.o ABSOLUTE
    ../clib/stdlib.c                         0x00000000   Number         0  exit.o ABSOLUTE
    ../clib/string.c                         0x00000000   Number         0  strcmp.o ABSOLUTE
    ../fplib/cfplib/fpinit.c                 0x00000000   Number         0  fpinit.o ABSOLUTE
    ../fplib/cfplib/ieee_status.c            0x00000000   Number         0  ieee_status.o ABSOLUTE
    ../fplib/printf1.s                       0x00000000   Number         0  printf1.o ABSOLUTE
    ../fplib/usenofp.s                       0x00000000   Number         0  usenofp.o ABSOLUTE
    ../mathlib/fpclassify.c                  0x00000000   Number         0  fpclassify.o ABSOLUTE
    LPC8xx\LPC8xx_Gpio.c                     0x00000000   Number         0  lpc8xx_gpio.o ABSOLUTE
    LPC8xx\LPC8xx_Spi.c                      0x00000000   Number         0  lpc8xx_spi.o ABSOLUTE
    LPC8xx\LPC8xx_Uart.c                     0x00000000   Number         0  lpc8xx_uart.o ABSOLUTE
    LPC8xx\\LPC8xx_Gpio.c                    0x00000000   Number         0  lpc8xx_gpio.o ABSOLUTE
    LPC8xx\\LPC8xx_Spi.c                     0x00000000   Number         0  lpc8xx_spi.o ABSOLUTE
    LPC8xx\\LPC8xx_Uart.c                    0x00000000   Number         0  lpc8xx_uart.o ABSOLUTE
    LPC8xx\\system_LPC8xx.c                  0x00000000   Number         0  system_lpc8xx.o ABSOLUTE
    LPC8xx\\uart.c                           0x00000000   Number         0  uart.o ABSOLUTE
    LPC8xx\startup\startup_lpc82x.s          0x00000000   Number         0  startup_lpc82x.o ABSOLUTE
    LPC8xx\system_LPC8xx.c                   0x00000000   Number         0  system_lpc8xx.o ABSOLUTE
    LPC8xx\uart.c                            0x00000000   Number         0  uart.o ABSOLUTE
    SRC\FM175xx\fm175xx.c                    0x00000000   Number         0  fm175xx.o ABSOLUTE
    SRC\IOS14443\NTAG.c                      0x00000000   Number         0  ntag.o ABSOLUTE
    SRC\IOS14443\mifare_card.c               0x00000000   Number         0  mifare_card.o ABSOLUTE
    SRC\IOS14443\type_a.c                    0x00000000   Number         0  type_a.o ABSOLUTE
    SRC\IOS14443\type_b.c                    0x00000000   Number         0  type_b.o ABSOLUTE
    SRC\Utility\Utility.c                    0x00000000   Number         0  utility.o ABSOLUTE
    SRC\\FM175xx\\fm175xx.c                  0x00000000   Number         0  fm175xx.o ABSOLUTE
    SRC\\IOS14443\\type_a.c                  0x00000000   Number         0  type_a.o ABSOLUTE
    dc.s                                     0x00000000   Number         0  dc.o ABSOLUTE
    user_code\\main.c                        0x00000000   Number         0  main.o ABSOLUTE
    user_code\\test.c                        0x00000000   Number         0  test.o ABSOLUTE
    user_code\main.c                         0x00000000   Number         0  main.o ABSOLUTE
    user_code\test.c                         0x00000000   Number         0  test.o ABSOLUTE
    !!!main                                  0x000000c0   Section        8  __main.o(!!!main)
    !!!scatter                               0x000000c8   Section       60  __scatter.o(!!!scatter)
    !!handler_copy                           0x00000104   Section       26  __scatter_copy.o(!!handler_copy)
    !!handler_zi                             0x00000120   Section       28  __scatter_zi.o(!!handler_zi)
    .ARM.Collect$$_printf_percent$$00000000  0x0000013c   Section        2  _printf_percent.o(.ARM.Collect$$_printf_percent$$00000000)
    .ARM.Collect$$_printf_percent$$00000001  0x0000013e   Section       10  _printf_n.o(.ARM.Collect$$_printf_percent$$00000001)
    .ARM.Collect$$_printf_percent$$00000002  0x00000148   Section       10  _printf_p.o(.ARM.Collect$$_printf_percent$$00000002)
    .ARM.Collect$$_printf_percent$$00000003  0x00000152   Section       10  _printf_f.o(.ARM.Collect$$_printf_percent$$00000003)
    .ARM.Collect$$_printf_percent$$00000004  0x0000015c   Section       10  _printf_e.o(.ARM.Collect$$_printf_percent$$00000004)
    .ARM.Collect$$_printf_percent$$00000005  0x00000166   Section       10  _printf_g.o(.ARM.Collect$$_printf_percent$$00000005)
    .ARM.Collect$$_printf_percent$$00000006  0x00000170   Section       10  _printf_a.o(.ARM.Collect$$_printf_percent$$00000006)
    .ARM.Collect$$_printf_percent$$00000007  0x0000017a   Section       10  _printf_ll.o(.ARM.Collect$$_printf_percent$$00000007)
    .ARM.Collect$$_printf_percent$$00000008  0x00000184   Section       10  _printf_i.o(.ARM.Collect$$_printf_percent$$00000008)
    .ARM.Collect$$_printf_percent$$00000009  0x0000018e   Section       10  _printf_d.o(.ARM.Collect$$_printf_percent$$00000009)
    .ARM.Collect$$_printf_percent$$0000000A  0x00000198   Section       10  _printf_u.o(.ARM.Collect$$_printf_percent$$0000000A)
    .ARM.Collect$$_printf_percent$$0000000B  0x000001a2   Section       10  _printf_o.o(.ARM.Collect$$_printf_percent$$0000000B)
    .ARM.Collect$$_printf_percent$$0000000C  0x000001ac   Section       10  _printf_x.o(.ARM.Collect$$_printf_percent$$0000000C)
    .ARM.Collect$$_printf_percent$$0000000D  0x000001b6   Section       10  _printf_lli.o(.ARM.Collect$$_printf_percent$$0000000D)
    .ARM.Collect$$_printf_percent$$0000000E  0x000001c0   Section       10  _printf_lld.o(.ARM.Collect$$_printf_percent$$0000000E)
    .ARM.Collect$$_printf_percent$$0000000F  0x000001ca   Section       10  _printf_llu.o(.ARM.Collect$$_printf_percent$$0000000F)
    .ARM.Collect$$_printf_percent$$00000010  0x000001d4   Section       10  _printf_llo.o(.ARM.Collect$$_printf_percent$$00000010)
    .ARM.Collect$$_printf_percent$$00000011  0x000001de   Section       10  _printf_llx.o(.ARM.Collect$$_printf_percent$$00000011)
    .ARM.Collect$$_printf_percent$$00000012  0x000001e8   Section       10  _printf_l.o(.ARM.Collect$$_printf_percent$$00000012)
    .ARM.Collect$$_printf_percent$$00000013  0x000001f2   Section       10  _printf_c.o(.ARM.Collect$$_printf_percent$$00000013)
    .ARM.Collect$$_printf_percent$$00000014  0x000001fc   Section       10  _printf_s.o(.ARM.Collect$$_printf_percent$$00000014)
    .ARM.Collect$$_printf_percent$$00000015  0x00000206   Section       10  _printf_lc.o(.ARM.Collect$$_printf_percent$$00000015)
    .ARM.Collect$$_printf_percent$$00000016  0x00000210   Section       10  _printf_ls.o(.ARM.Collect$$_printf_percent$$00000016)
    .ARM.Collect$$_printf_percent$$00000017  0x0000021a   Section        4  _printf_percent_end.o(.ARM.Collect$$_printf_percent$$00000017)
    .ARM.Collect$$libinit$$00000000          0x0000021e   Section        2  libinit.o(.ARM.Collect$$libinit$$00000000)
    .ARM.Collect$$libinit$$00000002          0x00000220   Section        0  libinit2.o(.ARM.Collect$$libinit$$00000002)
    .ARM.Collect$$libinit$$00000004          0x00000220   Section        0  libinit2.o(.ARM.Collect$$libinit$$00000004)
    .ARM.Collect$$libinit$$0000000A          0x00000220   Section        0  libinit2.o(.ARM.Collect$$libinit$$0000000A)
    .ARM.Collect$$libinit$$0000000C          0x00000220   Section        0  libinit2.o(.ARM.Collect$$libinit$$0000000C)
    .ARM.Collect$$libinit$$0000000E          0x00000220   Section        0  libinit2.o(.ARM.Collect$$libinit$$0000000E)
    .ARM.Collect$$libinit$$0000000F          0x00000220   Section        6  libinit2.o(.ARM.Collect$$libinit$$0000000F)
    .ARM.Collect$$libinit$$00000011          0x00000226   Section        0  libinit2.o(.ARM.Collect$$libinit$$00000011)
    .ARM.Collect$$libinit$$00000012          0x00000226   Section       12  libinit2.o(.ARM.Collect$$libinit$$00000012)
    .ARM.Collect$$libinit$$00000013          0x00000232   Section        0  libinit2.o(.ARM.Collect$$libinit$$00000013)
    .ARM.Collect$$libinit$$00000015          0x00000232   Section        0  libinit2.o(.ARM.Collect$$libinit$$00000015)
    .ARM.Collect$$libinit$$00000016          0x00000232   Section       10  libinit2.o(.ARM.Collect$$libinit$$00000016)
    .ARM.Collect$$libinit$$00000017          0x0000023c   Section        0  libinit2.o(.ARM.Collect$$libinit$$00000017)
    .ARM.Collect$$libinit$$00000019          0x0000023c   Section        0  libinit2.o(.ARM.Collect$$libinit$$00000019)
    .ARM.Collect$$libinit$$0000001B          0x0000023c   Section        0  libinit2.o(.ARM.Collect$$libinit$$0000001B)
    .ARM.Collect$$libinit$$0000001D          0x0000023c   Section        0  libinit2.o(.ARM.Collect$$libinit$$0000001D)
    .ARM.Collect$$libinit$$0000001F          0x0000023c   Section        0  libinit2.o(.ARM.Collect$$libinit$$0000001F)
    .ARM.Collect$$libinit$$00000021          0x0000023c   Section        0  libinit2.o(.ARM.Collect$$libinit$$00000021)
    .ARM.Collect$$libinit$$00000023          0x0000023c   Section        0  libinit2.o(.ARM.Collect$$libinit$$00000023)
    .ARM.Collect$$libinit$$00000025          0x0000023c   Section        0  libinit2.o(.ARM.Collect$$libinit$$00000025)
    .ARM.Collect$$libinit$$0000002C          0x0000023c   Section        0  libinit2.o(.ARM.Collect$$libinit$$0000002C)
    .ARM.Collect$$libinit$$0000002E          0x0000023c   Section        0  libinit2.o(.ARM.Collect$$libinit$$0000002E)
    .ARM.Collect$$libinit$$00000030          0x0000023c   Section        0  libinit2.o(.ARM.Collect$$libinit$$00000030)
    .ARM.Collect$$libinit$$00000032          0x0000023c   Section        0  libinit2.o(.ARM.Collect$$libinit$$00000032)
    .ARM.Collect$$libinit$$00000033          0x0000023c   Section        2  libinit2.o(.ARM.Collect$$libinit$$00000033)
    .ARM.Collect$$libshutdown$$00000000      0x0000023e   Section        2  libshutdown.o(.ARM.Collect$$libshutdown$$00000000)
    .ARM.Collect$$libshutdown$$00000003      0x00000240   Section        0  libshutdown2.o(.ARM.Collect$$libshutdown$$00000003)
    .ARM.Collect$$libshutdown$$00000006      0x00000240   Section        0  libshutdown2.o(.ARM.Collect$$libshutdown$$00000006)
    .ARM.Collect$$libshutdown$$00000009      0x00000240   Section        0  libshutdown2.o(.ARM.Collect$$libshutdown$$00000009)
    .ARM.Collect$$libshutdown$$0000000B      0x00000240   Section        0  libshutdown2.o(.ARM.Collect$$libshutdown$$0000000B)
    .ARM.Collect$$libshutdown$$0000000E      0x00000240   Section        0  libshutdown2.o(.ARM.Collect$$libshutdown$$0000000E)
    .ARM.Collect$$libshutdown$$0000000F      0x00000240   Section        2  libshutdown2.o(.ARM.Collect$$libshutdown$$0000000F)
    .ARM.Collect$$rtentry$$00000000          0x00000242   Section        0  __rtentry.o(.ARM.Collect$$rtentry$$00000000)
    .ARM.Collect$$rtentry$$00000002          0x00000242   Section        0  __rtentry2.o(.ARM.Collect$$rtentry$$00000002)
    .ARM.Collect$$rtentry$$00000004          0x00000242   Section        6  __rtentry4.o(.ARM.Collect$$rtentry$$00000004)
    .ARM.Collect$$rtentry$$00000009          0x00000248   Section        0  __rtentry2.o(.ARM.Collect$$rtentry$$00000009)
    .ARM.Collect$$rtentry$$0000000A          0x00000248   Section        4  __rtentry2.o(.ARM.Collect$$rtentry$$0000000A)
    .ARM.Collect$$rtentry$$0000000C          0x0000024c   Section        0  __rtentry2.o(.ARM.Collect$$rtentry$$0000000C)
    .ARM.Collect$$rtentry$$0000000D          0x0000024c   Section        8  __rtentry2.o(.ARM.Collect$$rtentry$$0000000D)
    .ARM.Collect$$rtexit$$00000000           0x00000254   Section        2  rtexit.o(.ARM.Collect$$rtexit$$00000000)
    .ARM.Collect$$rtexit$$00000002           0x00000256   Section        0  rtexit2.o(.ARM.Collect$$rtexit$$00000002)
    .ARM.Collect$$rtexit$$00000003           0x00000256   Section        4  rtexit2.o(.ARM.Collect$$rtexit$$00000003)
    .ARM.Collect$$rtexit$$00000004           0x0000025a   Section        6  rtexit2.o(.ARM.Collect$$rtexit$$00000004)
    .emb_text                                0x00000260   Section       56  rt_memcpy.o(.emb_text)
    .text                                    0x00000298   Section       52  startup_lpc82x.o(.text)
    .text                                    0x000002cc   Section        0  c89vsprintf.o(.text)
    .text                                    0x000002f0   Section        0  heapauxi.o(.text)
    .text                                    0x000002f6   Section        2  use_no_semi.o(.text)
    .text                                    0x000002f8   Section        0  indicate_semi.o(.text)
    x$fpl$usenofp                            0x000002f8   Section        0  usenofp.o(x$fpl$usenofp)
    .ARM.__at_0x02FC                         0x000002fc   Section        4  startup_lpc82x.o(.ARM.__at_0x02FC)
    .text                                    0x00000300   Section        0  lpc8xx_gpio.o(.text)
    .text                                    0x00000418   Section        0  lpc8xx_spi.o(.text)
    .text                                    0x000005f8   Section        0  lpc8xx_uart.o(.text)
    .text                                    0x000007f4   Section        0  system_lpc8xx.o(.text)
    .text                                    0x00000a18   Section        0  main.o(.text)
    .text                                    0x00000c28   Section        0  test.o(.text)
    .text                                    0x0000103c   Section        0  utility.o(.text)
    .text                                    0x0000108c   Section        0  fm175xx.o(.text)
    .text                                    0x0000150e   Section        0  mifare_card.o(.text)
    .text                                    0x000018a4   Section        0  type_a.o(.text)
    .text                                    0x00001e10   Section        0  type_b.o(.text)
    .text                                    0x00001f48   Section        0  rt_memcpy.o(.text)
    .text                                    0x00001fca   Section        0  aeabi_memset.o(.text)
    .text                                    0x00001fdc   Section        0  rt_memclr.o(.text)
    .text                                    0x0000201c   Section      346  aeabi_sdiv.o(.text)
    .text                                    0x00002176   Section        0  _printf_pad.o(.text)
    .text                                    0x000021c4   Section        0  _printf_truncate.o(.text)
    .text                                    0x000021e8   Section        0  _printf_str.o(.text)
    .text                                    0x0000223c   Section        0  _printf_dec.o(.text)
    .text                                    0x000022a8   Section        0  _printf_charcount.o(.text)
    .text                                    0x000022d0   Section        0  _printf_char_common.o(.text)
    _printf_input_char                       0x000022d1   Thumb Code    10  _printf_char_common.o(.text)
    .text                                    0x00002300   Section        0  _sputc.o(.text)
    .text                                    0x0000230c   Section        0  _printf_wctomb.o(.text)
    .text                                    0x000023c8   Section        0  _printf_longlong_dec.o(.text)
    .text                                    0x00002438   Section        0  _printf_oct_int_ll.o(.text)
    _printf_longlong_oct_internal            0x00002439   Thumb Code     0  _printf_oct_int_ll.o(.text)
    .text                                    0x000024a8   Section        0  _printf_hex_int_ll_ptr.o(.text)
    _printf_hex_common                       0x000024a9   Thumb Code     0  _printf_hex_int_ll_ptr.o(.text)
    .text                                    0x00002540   Section        0  __printf_flags_ss_wp.o(.text)
    .text                                    0x000026c8   Section        0  lludiv10.o(.text)
    .text                                    0x00002742   Section        0  _printf_intcommon.o(.text)
    .text                                    0x000027f4   Section        0  _printf_fp_dec.o(.text)
    _fp_digits                               0x000027f7   Thumb Code   408  _printf_fp_dec.o(.text)
    .text                                    0x00002c08   Section        0  _printf_char.o(.text)
    .text                                    0x00002c36   Section        0  _printf_wchar.o(.text)
    .text                                    0x00002c64   Section        0  _wcrtomb.o(.text)
    .text                                    0x00002ca4   Section        0  rtudiv10.o(.text)
    .text                                    0x00002ccc   Section       62  sys_stackheap_outer.o(.text)
    .text                                    0x00002d0c   Section       16  rt_ctype_table.o(.text)
    .text                                    0x00002d1c   Section        8  rt_locale_intlibspace.o(.text)
    .text                                    0x00002d24   Section        0  _printf_fp_infnan.o(.text)
    .text                                    0x00002dac   Section        0  bigflt0.o(.text)
    .text                                    0x00002e74   Section        0  btod.o(.text)
    btod_internal_mul                        0x00002eb5   Thumb Code   456  btod.o(.text)
    btod_internal_div                        0x0000307d   Thumb Code   494  btod.o(.text)
    .text                                    0x0000331c   Section        0  exit.o(.text)
    .text                                    0x00003328   Section        8  libspace.o(.text)
    .text                                    0x00003330   Section        0  strcmp.o(.text)
    .text                                    0x000033b8   Section        0  sys_exit.o(.text)
    i.__ARM_common_ll_muluu                  0x000033c4   Section        0  btod.o(i.__ARM_common_ll_muluu)
    i.__ARM_common_switch8                   0x000033f4   Section        0  system_lpc8xx.o(i.__ARM_common_switch8)
    i.__ARM_fpclassify                       0x00003410   Section        0  fpclassify.o(i.__ARM_fpclassify)
    i._is_digit                              0x0000343c   Section        0  __printf_wp.o(i._is_digit)
    locale$$code                             0x0000344c   Section       44  lc_numeric_c.o(locale$$code)
    locale$$code                             0x00003478   Section       44  lc_ctype_c.o(locale$$code)
    x$fpl$printf1                            0x000034a4   Section       16  printf1.o(x$fpl$printf1)
    .constdata                               0x000034b4   Section        8  _printf_wctomb.o(.constdata)
    initial_mbstate                          0x000034b4   Data           8  _printf_wctomb.o(.constdata)
    .constdata                               0x000034bc   Section       40  _printf_hex_int_ll_ptr.o(.constdata)
    uc_hextab                                0x000034bc   Data          20  _printf_hex_int_ll_ptr.o(.constdata)
    lc_hextab                                0x000034d0   Data          20  _printf_hex_int_ll_ptr.o(.constdata)
    .constdata                               0x000034e4   Section       17  __printf_flags_ss_wp.o(.constdata)
    maptable                                 0x000034e4   Data          17  __printf_flags_ss_wp.o(.constdata)
    .constdata                               0x000034f8   Section      148  bigflt0.o(.constdata)
    tenpwrs_x                                0x000034f8   Data          60  bigflt0.o(.constdata)
    tenpwrs_i                                0x00003534   Data          64  bigflt0.o(.constdata)
    .conststring                             0x0000358c   Section       82  test.o(.conststring)
    locale$$data                             0x00003600   Section       28  lc_numeric_c.o(locale$$data)
    __lcnum_c_name                           0x00003604   Data           2  lc_numeric_c.o(locale$$data)
    __lcnum_c_start                          0x0000360c   Data           0  lc_numeric_c.o(locale$$data)
    __lcnum_c_point                          0x00003618   Data           0  lc_numeric_c.o(locale$$data)
    __lcnum_c_thousands                      0x0000361a   Data           0  lc_numeric_c.o(locale$$data)
    __lcnum_c_grouping                       0x0000361b   Data           0  lc_numeric_c.o(locale$$data)
    locale$$data                             0x0000361c   Section      272  lc_ctype_c.o(locale$$data)
    __lcnum_c_end                            0x0000361c   Data           0  lc_numeric_c.o(locale$$data)
    __lcctype_c_name                         0x00003620   Data           2  lc_ctype_c.o(locale$$data)
    __lcctype_c_start                        0x00003628   Data           0  lc_ctype_c.o(locale$$data)
    __lcctype_c_end                          0x0000372c   Data           0  lc_ctype_c.o(locale$$data)
    .data                                    0x10000000   Section       14  lpc8xx_uart.o(.data)
    .data                                    0x10000010   Section        4  system_lpc8xx.o(.data)
    .bss                                     0x10000014   Section      264  lpc8xx_uart.o(.bss)
    .bss                                     0x1000011c   Section       30  test.o(.bss)
    picc_uid                                 0x1000011c   Data          15  test.o(.bss)
    picc_uid                                 0x1000012b   Data          15  test.o(.bss)
    .bss                                     0x1000013c   Section       96  libspace.o(.bss)
    HEAP                                     0x100001a0   Section        0  startup_lpc82x.o(HEAP)
    STACK                                    0x100001a0   Section      512  startup_lpc82x.o(STACK)
    Heap_Mem                                 0x100001a0   Data           0  startup_lpc82x.o(HEAP)
    Stack_Mem                                0x100001a0   Data         512  startup_lpc82x.o(STACK)
    __initial_sp                             0x100003a0   Data           0  startup_lpc82x.o(STACK)

    Global Symbols

    Symbol Name                              Value     Ov Type        Size  Object(Section)

    BuildAttributes$$THM_ISAv3M$S$PE$A:L22$X:L11$S22$IEEE1$IW$USESV6$~STKCKD$USESV7$~SHL$OTIME$ROPI$IEEEJ$EBA8$UX$STANDARDLIB$REQ8$PRES8$EABIv2 0x00000000   Number         0  anon$$obj.o ABSOLUTE
    __ARM_use_no_argv                        0x00000000   Number         0  main.o ABSOLUTE
    __Vectors                                0x00000000   Data           4  startup_lpc82x.o(RESET)
    _printf_flags                            0x00000000   Number         0  printf_stubs.o ABSOLUTE
    _printf_return_value                     0x00000000   Number         0  printf_stubs.o ABSOLUTE
    _printf_sizespec                         0x00000000   Number         0  printf_stubs.o ABSOLUTE
    _printf_widthprec                        0x00000000   Number         0  printf_stubs.o ABSOLUTE
    __ARM_exceptions_init                     - Undefined Weak Reference
    __alloca_initialize                       - Undefined Weak Reference
    __arm_preinit_                            - Undefined Weak Reference
    __cpp_initialize__aeabi_                  - Undefined Weak Reference
    __cxa_finalize                            - Undefined Weak Reference
    __sigvec_lookup                           - Undefined Weak Reference
    _atexit_init                              - Undefined Weak Reference
    _call_atexit_fns                          - Undefined Weak Reference
    _clock_init                               - Undefined Weak Reference
    _fp_trap_init                             - Undefined Weak Reference
    _fp_trap_shutdown                         - Undefined Weak Reference
    _get_lc_collate                           - Undefined Weak Reference
    _get_lc_monetary                          - Undefined Weak Reference
    _get_lc_time                              - Undefined Weak Reference
    _getenv_init                              - Undefined Weak Reference
    _handle_redirection                       - Undefined Weak Reference
    _init_alloc                               - Undefined Weak Reference
    _init_user_alloc                          - Undefined Weak Reference
    _initio                                   - Undefined Weak Reference
    _printf_fp_hex                            - Undefined Weak Reference
    _printf_mbtowc                            - Undefined Weak Reference
    _printf_wc                                - Undefined Weak Reference
    _rand_init                                - Undefined Weak Reference
    _signal_finish                            - Undefined Weak Reference
    _signal_init                              - Undefined Weak Reference
    _terminate_alloc                          - Undefined Weak Reference
    _terminate_user_alloc                     - Undefined Weak Reference
    _terminateio                              - Undefined Weak Reference
    __main                                   0x000000c1   Thumb Code     8  __main.o(!!!main)
    __scatterload                            0x000000c9   Thumb Code     0  __scatter.o(!!!scatter)
    __scatterload_rt2                        0x000000c9   Thumb Code    52  __scatter.o(!!!scatter)
    __scatterload_rt2_thumb_only             0x000000c9   Thumb Code     0  __scatter.o(!!!scatter)
    __scatterload_null                       0x000000d9   Thumb Code     0  __scatter.o(!!!scatter)
    __scatterload_copy                       0x00000105   Thumb Code    26  __scatter_copy.o(!!handler_copy)
    __scatterload_zeroinit                   0x00000121   Thumb Code    28  __scatter_zi.o(!!handler_zi)
    _printf_percent                          0x0000013d   Thumb Code     0  _printf_percent.o(.ARM.Collect$$_printf_percent$$00000000)
    _printf_n                                0x0000013f   Thumb Code     0  _printf_n.o(.ARM.Collect$$_printf_percent$$00000001)
    _printf_p                                0x00000149   Thumb Code     0  _printf_p.o(.ARM.Collect$$_printf_percent$$00000002)
    _printf_f                                0x00000153   Thumb Code     0  _printf_f.o(.ARM.Collect$$_printf_percent$$00000003)
    _printf_e                                0x0000015d   Thumb Code     0  _printf_e.o(.ARM.Collect$$_printf_percent$$00000004)
    _printf_g                                0x00000167   Thumb Code     0  _printf_g.o(.ARM.Collect$$_printf_percent$$00000005)
    _printf_a                                0x00000171   Thumb Code     0  _printf_a.o(.ARM.Collect$$_printf_percent$$00000006)
    _printf_ll                               0x0000017b   Thumb Code     0  _printf_ll.o(.ARM.Collect$$_printf_percent$$00000007)
    _printf_i                                0x00000185   Thumb Code     0  _printf_i.o(.ARM.Collect$$_printf_percent$$00000008)
    _printf_d                                0x0000018f   Thumb Code     0  _printf_d.o(.ARM.Collect$$_printf_percent$$00000009)
    _printf_u                                0x00000199   Thumb Code     0  _printf_u.o(.ARM.Collect$$_printf_percent$$0000000A)
    _printf_o                                0x000001a3   Thumb Code     0  _printf_o.o(.ARM.Collect$$_printf_percent$$0000000B)
    _printf_x                                0x000001ad   Thumb Code     0  _printf_x.o(.ARM.Collect$$_printf_percent$$0000000C)
    _printf_lli                              0x000001b7   Thumb Code     0  _printf_lli.o(.ARM.Collect$$_printf_percent$$0000000D)
    _printf_lld                              0x000001c1   Thumb Code     0  _printf_lld.o(.ARM.Collect$$_printf_percent$$0000000E)
    _printf_llu                              0x000001cb   Thumb Code     0  _printf_llu.o(.ARM.Collect$$_printf_percent$$0000000F)
    _printf_llo                              0x000001d5   Thumb Code     0  _printf_llo.o(.ARM.Collect$$_printf_percent$$00000010)
    _printf_llx                              0x000001df   Thumb Code     0  _printf_llx.o(.ARM.Collect$$_printf_percent$$00000011)
    _printf_l                                0x000001e9   Thumb Code     0  _printf_l.o(.ARM.Collect$$_printf_percent$$00000012)
    _printf_c                                0x000001f3   Thumb Code     0  _printf_c.o(.ARM.Collect$$_printf_percent$$00000013)
    _printf_s                                0x000001fd   Thumb Code     0  _printf_s.o(.ARM.Collect$$_printf_percent$$00000014)
    _printf_lc                               0x00000207   Thumb Code     0  _printf_lc.o(.ARM.Collect$$_printf_percent$$00000015)
    _printf_ls                               0x00000211   Thumb Code     0  _printf_ls.o(.ARM.Collect$$_printf_percent$$00000016)
    _printf_percent_end                      0x0000021b   Thumb Code     0  _printf_percent_end.o(.ARM.Collect$$_printf_percent$$00000017)
    __rt_lib_init                            0x0000021f   Thumb Code     0  libinit.o(.ARM.Collect$$libinit$$00000000)
    __rt_lib_init_fp_1                       0x00000221   Thumb Code     0  libinit2.o(.ARM.Collect$$libinit$$00000002)
    __rt_lib_init_heap_1                     0x00000221   Thumb Code     0  libinit2.o(.ARM.Collect$$libinit$$0000000A)
    __rt_lib_init_lc_common                  0x00000221   Thumb Code     0  libinit2.o(.ARM.Collect$$libinit$$0000000F)
    __rt_lib_init_preinit_1                  0x00000221   Thumb Code     0  libinit2.o(.ARM.Collect$$libinit$$00000004)
    __rt_lib_init_rand_1                     0x00000221   Thumb Code     0  libinit2.o(.ARM.Collect$$libinit$$0000000E)
    __rt_lib_init_user_alloc_1               0x00000221   Thumb Code     0  libinit2.o(.ARM.Collect$$libinit$$0000000C)
    __rt_lib_init_lc_collate_1               0x00000227   Thumb Code     0  libinit2.o(.ARM.Collect$$libinit$$00000011)
    __rt_lib_init_lc_ctype_2                 0x00000227   Thumb Code     0  libinit2.o(.ARM.Collect$$libinit$$00000012)
    __rt_lib_init_lc_ctype_1                 0x00000233   Thumb Code     0  libinit2.o(.ARM.Collect$$libinit$$00000013)
    __rt_lib_init_lc_monetary_1              0x00000233   Thumb Code     0  libinit2.o(.ARM.Collect$$libinit$$00000015)
    __rt_lib_init_lc_numeric_2               0x00000233   Thumb Code     0  libinit2.o(.ARM.Collect$$libinit$$00000016)
    __rt_lib_init_alloca_1                   0x0000023d   Thumb Code     0  libinit2.o(.ARM.Collect$$libinit$$0000002E)
    __rt_lib_init_argv_1                     0x0000023d   Thumb Code     0  libinit2.o(.ARM.Collect$$libinit$$0000002C)
    __rt_lib_init_atexit_1                   0x0000023d   Thumb Code     0  libinit2.o(.ARM.Collect$$libinit$$0000001B)
    __rt_lib_init_clock_1                    0x0000023d   Thumb Code     0  libinit2.o(.ARM.Collect$$libinit$$00000021)
    __rt_lib_init_cpp_1                      0x0000023d   Thumb Code     0  libinit2.o(.ARM.Collect$$libinit$$00000032)
    __rt_lib_init_exceptions_1               0x0000023d   Thumb Code     0  libinit2.o(.ARM.Collect$$libinit$$00000030)
    __rt_lib_init_fp_trap_1                  0x0000023d   Thumb Code     0  libinit2.o(.ARM.Collect$$libinit$$0000001F)
    __rt_lib_init_getenv_1                   0x0000023d   Thumb Code     0  libinit2.o(.ARM.Collect$$libinit$$00000023)
    __rt_lib_init_lc_numeric_1               0x0000023d   Thumb Code     0  libinit2.o(.ARM.Collect$$libinit$$00000017)
    __rt_lib_init_lc_time_1                  0x0000023d   Thumb Code     0  libinit2.o(.ARM.Collect$$libinit$$00000019)
    __rt_lib_init_return                     0x0000023d   Thumb Code     0  libinit2.o(.ARM.Collect$$libinit$$00000033)
    __rt_lib_init_signal_1                   0x0000023d   Thumb Code     0  libinit2.o(.ARM.Collect$$libinit$$0000001D)
    __rt_lib_init_stdio_1                    0x0000023d   Thumb Code     0  libinit2.o(.ARM.Collect$$libinit$$00000025)
    __rt_lib_shutdown                        0x0000023f   Thumb Code     0  libshutdown.o(.ARM.Collect$$libshutdown$$00000000)
    __rt_lib_shutdown_fp_trap_1              0x00000241   Thumb Code     0  libshutdown2.o(.ARM.Collect$$libshutdown$$00000006)
    __rt_lib_shutdown_heap_1                 0x00000241   Thumb Code     0  libshutdown2.o(.ARM.Collect$$libshutdown$$0000000E)
    __rt_lib_shutdown_return                 0x00000241   Thumb Code     0  libshutdown2.o(.ARM.Collect$$libshutdown$$0000000F)
    __rt_lib_shutdown_signal_1               0x00000241   Thumb Code     0  libshutdown2.o(.ARM.Collect$$libshutdown$$00000009)
    __rt_lib_shutdown_stdio_1                0x00000241   Thumb Code     0  libshutdown2.o(.ARM.Collect$$libshutdown$$00000003)
    __rt_lib_shutdown_user_alloc_1           0x00000241   Thumb Code     0  libshutdown2.o(.ARM.Collect$$libshutdown$$0000000B)
    __rt_entry                               0x00000243   Thumb Code     0  __rtentry.o(.ARM.Collect$$rtentry$$00000000)
    __rt_entry_presh_1                       0x00000243   Thumb Code     0  __rtentry2.o(.ARM.Collect$$rtentry$$00000002)
    __rt_entry_sh                            0x00000243   Thumb Code     0  __rtentry4.o(.ARM.Collect$$rtentry$$00000004)
    __rt_entry_li                            0x00000249   Thumb Code     0  __rtentry2.o(.ARM.Collect$$rtentry$$0000000A)
    __rt_entry_postsh_1                      0x00000249   Thumb Code     0  __rtentry2.o(.ARM.Collect$$rtentry$$00000009)
    __rt_entry_main                          0x0000024d   Thumb Code     0  __rtentry2.o(.ARM.Collect$$rtentry$$0000000D)
    __rt_entry_postli_1                      0x0000024d   Thumb Code     0  __rtentry2.o(.ARM.Collect$$rtentry$$0000000C)
    __rt_exit                                0x00000255   Thumb Code     0  rtexit.o(.ARM.Collect$$rtexit$$00000000)
    __rt_exit_ls                             0x00000257   Thumb Code     0  rtexit2.o(.ARM.Collect$$rtexit$$00000003)
    __rt_exit_prels_1                        0x00000257   Thumb Code     0  rtexit2.o(.ARM.Collect$$rtexit$$00000002)
    __rt_exit_exit                           0x0000025b   Thumb Code     0  rtexit2.o(.ARM.Collect$$rtexit$$00000004)
    __aeabi_memcpy4                          0x00000261   Thumb Code    56  rt_memcpy.o(.emb_text)
    __aeabi_memcpy8                          0x00000261   Thumb Code     0  rt_memcpy.o(.emb_text)
    Reset_Handler                            0x00000299   Thumb Code     8  startup_lpc82x.o(.text)
    HardFault_Handler                        0x000002a1   Thumb Code     2  startup_lpc82x.o(.text)
    SVC_Handler                              0x000002a3   Thumb Code     2  startup_lpc82x.o(.text)
    PendSV_Handler                           0x000002a5   Thumb Code     2  startup_lpc82x.o(.text)
    SysTick_Handler                          0x000002a7   Thumb Code     2  startup_lpc82x.o(.text)
    ADC_OVR_IRQHandler                       0x000002a9   Thumb Code     0  startup_lpc82x.o(.text)
    ADC_SEQA_IRQHandler                      0x000002a9   Thumb Code     0  startup_lpc82x.o(.text)
    ADC_SEQB_IRQHanlder                      0x000002a9   Thumb Code     0  startup_lpc82x.o(.text)
    ADC_THCMP_IRQHandler                     0x000002a9   Thumb Code     0  startup_lpc82x.o(.text)
    BOD_IRQHandler                           0x000002a9   Thumb Code     0  startup_lpc82x.o(.text)
    CMP_IRQHandler                           0x000002a9   Thumb Code     0  startup_lpc82x.o(.text)
    DMA_IRQHandler                           0x000002a9   Thumb Code     0  startup_lpc82x.o(.text)
    FLASH_IRQHandler                         0x000002a9   Thumb Code     0  startup_lpc82x.o(.text)
    I2C0_IRQHandler                          0x000002a9   Thumb Code     0  startup_lpc82x.o(.text)
    I2C1_IRQHandler                          0x000002a9   Thumb Code     0  startup_lpc82x.o(.text)
    I2C2_IRQHandler                          0x000002a9   Thumb Code     0  startup_lpc82x.o(.text)
    I2C3_IRQHandler                          0x000002a9   Thumb Code     0  startup_lpc82x.o(.text)
    MRT_IRQHandler                           0x000002a9   Thumb Code     0  startup_lpc82x.o(.text)
    NMI_Handler                              0x000002a9   Thumb Code     0  startup_lpc82x.o(.text)
    PIN_INT0_IRQHandler                      0x000002a9   Thumb Code     0  startup_lpc82x.o(.text)
    PIN_INT1_IRQHandler                      0x000002a9   Thumb Code     0  startup_lpc82x.o(.text)
    PIN_INT2_IRQHandler                      0x000002a9   Thumb Code     0  startup_lpc82x.o(.text)
    PIN_INT3_IRQHandler                      0x000002a9   Thumb Code     0  startup_lpc82x.o(.text)
    PIN_INT4_IRQHandler                      0x000002a9   Thumb Code     0  startup_lpc82x.o(.text)
    PIN_INT5_IRQHandler                      0x000002a9   Thumb Code     0  startup_lpc82x.o(.text)
    PIN_INT6_IRQHandler                      0x000002a9   Thumb Code     0  startup_lpc82x.o(.text)
    PIN_INT7_IRQHandler                      0x000002a9   Thumb Code     0  startup_lpc82x.o(.text)
    SCT_IRQHandler                           0x000002a9   Thumb Code     0  startup_lpc82x.o(.text)
    SPI0_IRQHandler                          0x000002a9   Thumb Code     0  startup_lpc82x.o(.text)
    SPI1_IRQHandler                          0x000002a9   Thumb Code     0  startup_lpc82x.o(.text)
    UART1_IRQHandler                         0x000002a9   Thumb Code     0  startup_lpc82x.o(.text)
    UART2_IRQHandler                         0x000002a9   Thumb Code     0  startup_lpc82x.o(.text)
    WDT_IRQHandler                           0x000002a9   Thumb Code     0  startup_lpc82x.o(.text)
    WKT_IRQHandler                           0x000002a9   Thumb Code     0  startup_lpc82x.o(.text)
    __user_initial_stackheap                 0x000002ad   Thumb Code     0  startup_lpc82x.o(.text)
    __c89vsprintf                            0x000002cd   Thumb Code    32  c89vsprintf.o(.text)
    __use_two_region_memory                  0x000002f1   Thumb Code     2  heapauxi.o(.text)
    __rt_heap_escrow$2region                 0x000002f3   Thumb Code     2  heapauxi.o(.text)
    __rt_heap_expand$2region                 0x000002f5   Thumb Code     2  heapauxi.o(.text)
    __I$use$semihosting                      0x000002f7   Thumb Code     0  use_no_semi.o(.text)
    __use_no_semihosting_swi                 0x000002f7   Thumb Code     2  use_no_semi.o(.text)
    __I$use$fp                               0x000002f8   Number         0  usenofp.o(x$fpl$usenofp)
    __semihosting_library_function           0x000002f9   Thumb Code     0  indicate_semi.o(.text)
    gpio_lg9110_init                         0x00000301   Thumb Code    40  lpc8xx_gpio.o(.text)
    GPIOInit                                 0x00000329   Thumb Code   114  lpc8xx_gpio.o(.text)
    open_door                                0x0000039b   Thumb Code   102  lpc8xx_gpio.o(.text)
    SPI_Init                                 0x00000419   Thumb Code   162  lpc8xx_spi.o(.text)
    SPI_SendByte                             0x000004bb   Thumb Code    42  lpc8xx_spi.o(.text)
    spi_SetReg                               0x000004e5   Thumb Code    64  lpc8xx_spi.o(.text)
    spi_GetReg                               0x00000525   Thumb Code    58  lpc8xx_spi.o(.text)
    SPIRead_Sequence                         0x0000055f   Thumb Code    66  lpc8xx_spi.o(.text)
    SPIWrite_Sequence                        0x000005a1   Thumb Code    52  lpc8xx_spi.o(.text)
    UARTInit                                 0x000005f9   Thumb Code   114  lpc8xx_uart.o(.text)
    UART0_IRQHandler                         0x0000066b   Thumb Code   162  lpc8xx_uart.o(.text)
    uartSendByte                             0x0000070d   Thumb Code    28  lpc8xx_uart.o(.text)
    uartSendHex                              0x00000729   Thumb Code    82  lpc8xx_uart.o(.text)
    uartSendStr                              0x0000077b   Thumb Code    26  lpc8xx_uart.o(.text)
    uartPrintf                               0x00000795   Thumb Code    54  lpc8xx_uart.o(.text)
    SystemCoreClockUpdate                    0x000007f5   Thumb Code   348  system_lpc8xx.o(.text)
    SystemInit                               0x00000951   Thumb Code   120  system_lpc8xx.o(.text)
    UartCommand                              0x00000a19   Thumb Code    34  main.o(.text)
    gpio_ctrl                                0x00000a3b   Thumb Code    30  main.o(.text)
    gpio_dir                                 0x00000a59   Thumb Code    30  main.o(.text)
    gpio_init_beep                           0x00000a77   Thumb Code    22  main.o(.text)
    delay_ms                                 0x00000a8d   Thumb Code    26  main.o(.text)
    gpio_init_led                            0x00000aa7   Thumb Code    72  main.o(.text)
    hwapi02_led1_ctrl                        0x00000aef   Thumb Code    30  main.o(.text)
    hwapi02_led2_ctrl                        0x00000b0d   Thumb Code    30  main.o(.text)
    hwapi02_led3_ctrl                        0x00000b2b   Thumb Code    30  main.o(.text)
    test_hwapi02_led_ctrl                    0x00000b49   Thumb Code    56  main.o(.text)
    main                                     0x00000b81   Thumb Code   114  main.o(.text)
    UartSendUid                              0x00000c29   Thumb Code    88  test.o(.text)
    TyteA_Test                               0x00000c81   Thumb Code   122  test.o(.text)
    TyteB_Test                               0x00000cfb   Thumb Code   130  test.o(.text)
    MifareCard_Test                          0x00000d7d   Thumb Code   492  test.o(.text)
    GetByteSum                               0x0000103d   Thumb Code    26  utility.o(.text)
    GetByteBCC                               0x00001057   Thumb Code    32  utility.o(.text)
    Delay100us                               0x00001077   Thumb Code    20  utility.o(.text)
    pcd_Init                                 0x0000108d   Thumb Code    22  fm175xx.o(.text)
    pcd_RST                                  0x000010a3   Thumb Code    64  fm175xx.o(.text)
    MCU_TO_PCD_TEST                          0x000010e3   Thumb Code    62  fm175xx.o(.text)
    Read_Reg                                 0x00001121   Thumb Code    16  fm175xx.o(.text)
    Read_Reg_All                             0x00001131   Thumb Code    28  fm175xx.o(.text)
    Write_Reg                                0x0000114d   Thumb Code    18  fm175xx.o(.text)
    Read_FIFO                                0x0000115f   Thumb Code    18  fm175xx.o(.text)
    Write_FIFO                               0x00001171   Thumb Code    18  fm175xx.o(.text)
    Set_BitMask                              0x00001183   Thumb Code    30  fm175xx.o(.text)
    Clear_FIFO                               0x000011a1   Thumb Code    28  fm175xx.o(.text)
    Clear_BitMask                            0x000011bd   Thumb Code    30  fm175xx.o(.text)
    Set_Rf                                   0x000011db   Thumb Code    90  fm175xx.o(.text)
    Pcd_Comm                                 0x00001235   Thumb Code   310  fm175xx.o(.text)
    Pcd_SetTimer                             0x0000136b   Thumb Code    86  fm175xx.o(.text)
    Pcd_ConfigISOType                        0x000013c1   Thumb Code   142  fm175xx.o(.text)
    FM175X_SoftReset                         0x0000144f   Thumb Code    20  fm175xx.o(.text)
    FM175X_HardReset                         0x00001463   Thumb Code    74  fm175xx.o(.text)
    FM175X_SoftPowerdown                     0x000014ad   Thumb Code    38  fm175xx.o(.text)
    FM175X_HardPowerdown                     0x000014d3   Thumb Code     4  fm175xx.o(.text)
    Read_Ext_Reg                             0x000014d7   Thumb Code    24  fm175xx.o(.text)
    Write_Ext_Reg                            0x000014ef   Thumb Code    32  fm175xx.o(.text)
    Mifare_Auth                              0x0000150f   Thumb Code   140  mifare_card.o(.text)
    Mifare_Blockwrite                        0x0000159b   Thumb Code   154  mifare_card.o(.text)
    Mifare_Blockset                          0x00001635   Thumb Code   116  mifare_card.o(.text)
    Mifare_Blockread                         0x000016a9   Thumb Code    78  mifare_card.o(.text)
    Mifare_Blockinc                          0x000016f7   Thumb Code   112  mifare_card.o(.text)
    Mifare_Blockdec                          0x00001767   Thumb Code   112  mifare_card.o(.text)
    Mifare_Transfer                          0x000017d7   Thumb Code    84  mifare_card.o(.text)
    Mifare_Restore                           0x0000182b   Thumb Code   122  mifare_card.o(.text)
    TypeA_Request                            0x000018a5   Thumb Code   104  type_a.o(.text)
    TypeA_WakeUp                             0x0000190d   Thumb Code   104  type_a.o(.text)
    TypeA_Save_UID                           0x00001975   Thumb Code   146  type_a.o(.text)
    TypeA_Set_BitFraming                     0x00001a07   Thumb Code   214  type_a.o(.text)
    TypeA_Anticollision                      0x00001add   Thumb Code   342  type_a.o(.text)
    TypeA_Select                             0x00001c33   Thumb Code   132  type_a.o(.text)
    TypeA_Halt                               0x00001cb7   Thumb Code    82  type_a.o(.text)
    TypeA_CardActive                         0x00001d09   Thumb Code   264  type_a.o(.text)
    TypeB_Halt                               0x00001e11   Thumb Code    60  type_b.o(.text)
    TypeB_WUP                                0x00001e4d   Thumb Code    62  type_b.o(.text)
    TypeB_Request                            0x00001e8b   Thumb Code    60  type_b.o(.text)
    TypeB_Select                             0x00001ec7   Thumb Code    78  type_b.o(.text)
    TypeB_GetUID                             0x00001f15   Thumb Code    52  type_b.o(.text)
    __aeabi_memcpy                           0x00001f49   Thumb Code   130  rt_memcpy.o(.text)
    __rt_memcpy                              0x00001f49   Thumb Code     0  rt_memcpy.o(.text)
    __aeabi_memset                           0x00001fcb   Thumb Code    18  aeabi_memset.o(.text)
    _memset_w                                0x00001fdd   Thumb Code    26  rt_memclr.o(.text)
    _memset                                  0x00001ff7   Thumb Code    30  rt_memclr.o(.text)
    __aeabi_memclr                           0x00002015   Thumb Code     4  rt_memclr.o(.text)
    __rt_memclr                              0x00002015   Thumb Code     0  rt_memclr.o(.text)
    __aeabi_memclr4                          0x00002019   Thumb Code     0  rt_memclr.o(.text)
    __aeabi_memclr8                          0x00002019   Thumb Code     0  rt_memclr.o(.text)
    __rt_memclr_w                            0x00002019   Thumb Code     4  rt_memclr.o(.text)
    __aeabi_uidiv                            0x0000201d   Thumb Code     0  aeabi_sdiv.o(.text)
    __aeabi_uidivmod                         0x0000201d   Thumb Code    20  aeabi_sdiv.o(.text)
    __aeabi_idiv                             0x00002031   Thumb Code     0  aeabi_sdiv.o(.text)
    __aeabi_idivmod                          0x00002031   Thumb Code   326  aeabi_sdiv.o(.text)
    _printf_pre_padding                      0x00002177   Thumb Code    44  _printf_pad.o(.text)
    _printf_post_padding                     0x000021a3   Thumb Code    34  _printf_pad.o(.text)
    _printf_truncate_signed                  0x000021c5   Thumb Code    18  _printf_truncate.o(.text)
    _printf_truncate_unsigned                0x000021d7   Thumb Code    18  _printf_truncate.o(.text)
    _printf_str                              0x000021e9   Thumb Code    82  _printf_str.o(.text)
    _printf_int_dec                          0x0000223d   Thumb Code    90  _printf_dec.o(.text)
    _printf_charcount                        0x000022a9   Thumb Code    38  _printf_charcount.o(.text)
    _printf_char_common                      0x000022db   Thumb Code    32  _printf_char_common.o(.text)
    _sputc                                   0x00002301   Thumb Code    10  _sputc.o(.text)
    _printf_wctomb                           0x0000230d   Thumb Code   182  _printf_wctomb.o(.text)
    _printf_longlong_dec                     0x000023c9   Thumb Code    94  _printf_longlong_dec.o(.text)
    _printf_longlong_oct                     0x00002439   Thumb Code    68  _printf_oct_int_ll.o(.text)
    _printf_int_oct                          0x0000247d   Thumb Code    24  _printf_oct_int_ll.o(.text)
    _printf_ll_oct                           0x00002495   Thumb Code    10  _printf_oct_int_ll.o(.text)
    _printf_longlong_hex                     0x000024a9   Thumb Code    88  _printf_hex_int_ll_ptr.o(.text)
    _printf_int_hex                          0x00002501   Thumb Code    28  _printf_hex_int_ll_ptr.o(.text)
    _printf_ll_hex                           0x0000251d   Thumb Code    10  _printf_hex_int_ll_ptr.o(.text)
    _printf_hex_ptr                          0x00002527   Thumb Code    22  _printf_hex_int_ll_ptr.o(.text)
    __printf                                 0x00002541   Thumb Code   386  __printf_flags_ss_wp.o(.text)
    _ll_udiv10                               0x000026c9   Thumb Code   122  lludiv10.o(.text)
    _printf_int_common                       0x00002743   Thumb Code   176  _printf_intcommon.o(.text)
    __lib_sel_fp_printf                      0x000027f5   Thumb Code     2  _printf_fp_dec.o(.text)
    _printf_fp_dec_real                      0x0000298f   Thumb Code   620  _printf_fp_dec.o(.text)
    _printf_cs_common                        0x00002c09   Thumb Code    22  _printf_char.o(.text)
    _printf_char                             0x00002c1f   Thumb Code    16  _printf_char.o(.text)
    _printf_string                           0x00002c2f   Thumb Code     8  _printf_char.o(.text)
    _printf_lcs_common                       0x00002c37   Thumb Code    22  _printf_wchar.o(.text)
    _printf_wchar                            0x00002c4d   Thumb Code    16  _printf_wchar.o(.text)
    _printf_wstring                          0x00002c5d   Thumb Code     8  _printf_wchar.o(.text)
    _wcrtomb                                 0x00002c65   Thumb Code    64  _wcrtomb.o(.text)
    __rt_udiv10                              0x00002ca5   Thumb Code    40  rtudiv10.o(.text)
    __user_setup_stackheap                   0x00002ccd   Thumb Code    62  sys_stackheap_outer.o(.text)
    __rt_ctype_table                         0x00002d0d   Thumb Code    16  rt_ctype_table.o(.text)
    __rt_locale                              0x00002d1d   Thumb Code     8  rt_locale_intlibspace.o(.text)
    _printf_fp_infnan                        0x00002d25   Thumb Code   120  _printf_fp_infnan.o(.text)
    _btod_etento                             0x00002dad   Thumb Code   196  bigflt0.o(.text)
    _btod_d2e                                0x00002e75   Thumb Code    64  btod.o(.text)
    _btod_emul                               0x0000326b   Thumb Code    24  btod.o(.text)
    _btod_emuld                              0x00003283   Thumb Code    60  btod.o(.text)
    _btod_ediv                               0x000032bf   Thumb Code    22  btod.o(.text)
    _btod_edivd                              0x000032d5   Thumb Code    60  btod.o(.text)
    exit                                     0x0000331d   Thumb Code    12  exit.o(.text)
    __user_libspace                          0x00003329   Thumb Code     8  libspace.o(.text)
    __user_perproc_libspace                  0x00003329   Thumb Code     0  libspace.o(.text)
    __user_perthread_libspace                0x00003329   Thumb Code     0  libspace.o(.text)
    strcmp                                   0x00003331   Thumb Code   132  strcmp.o(.text)
    _sys_exit                                0x000033b9   Thumb Code     8  sys_exit.o(.text)
    __ARM_common_ll_muluu                    0x000033c5   Thumb Code    48  btod.o(i.__ARM_common_ll_muluu)
    __ARM_common_switch8                     0x000033f5   Thumb Code    28  system_lpc8xx.o(i.__ARM_common_switch8)
    __ARM_fpclassify                         0x00003411   Thumb Code    40  fpclassify.o(i.__ARM_fpclassify)
    _is_digit                                0x0000343d   Thumb Code    14  __printf_wp.o(i._is_digit)
    _get_lc_numeric                          0x0000344d   Thumb Code    44  lc_numeric_c.o(locale$$code)
    _get_lc_ctype                            0x00003479   Thumb Code    44  lc_ctype_c.o(locale$$code)
    _printf_fp_dec                           0x000034a5   Thumb Code    16  printf1.o(x$fpl$printf1)
    Region$$Table$$Base                      0x000035e0   Number         0  anon$$obj.o(Region$$Table)
    Region$$Table$$Limit                     0x00003600   Number         0  anon$$obj.o(Region$$Table)
    __ctype                                  0x00003629   Data           0  lc_ctype_c.o(locale$$data)
    GuiIn                                    0x10000000   Data           4  lpc8xx_uart.o(.data)
    GuiOut                                   0x10000004   Data           4  lpc8xx_uart.o(.data)
    GuiNum                                   0x10000008   Data           4  lpc8xx_uart.o(.data)
    GucRcvNew                                0x1000000c   Data           1  lpc8xx_uart.o(.data)
    GulNum                                   0x1000000d   Data           1  lpc8xx_uart.o(.data)
    SystemCoreClock                          0x10000010   Data           4  system_lpc8xx.o(.data)
    GucRcvBuf                                0x10000014   Data          64  lpc8xx_uart.o(.bss)
    Send_Buff                                0x10000054   Data         100  lpc8xx_uart.o(.bss)
    Recv_Buff                                0x100000b8   Data         100  lpc8xx_uart.o(.bss)
    __libspace_start                         0x1000013c   Data          96  libspace.o(.bss)
    __temporary_stack_top$libspace           0x1000019c   Data           0  libspace.o(.bss)



==============================================================================

Memory Map of the image

  Image Entry point : 0x00000299

  Load Region LR_1 (Base: 0x00000000, Size: 0x00003740, Max: 0xffffffff, ABSOLUTE)

    Execution Region ER_RO (Base: 0x00000000, Size: 0x0000372c, Max: 0xffffffff, ABSOLUTE)

    Base Addr    Size         Type   Attr      Idx    E Section Name        Object

    0x00000000   0x000000c0   Data   RO          207    RESET               startup_lpc82x.o
    0x000000c0   0x00000008   Code   RO          387  * !!!main             c_p.l(__main.o)
    0x000000c8   0x0000003c   Code   RO          694    !!!scatter          c_p.l(__scatter.o)
    0x00000104   0x0000001a   Code   RO          696    !!handler_copy      c_p.l(__scatter_copy.o)
    0x0000011e   0x00000002   PAD
    0x00000120   0x0000001c   Code   RO          698    !!handler_zi        c_p.l(__scatter_zi.o)
    0x0000013c   0x00000002   Code   RO          475    .ARM.Collect$$_printf_percent$$00000000  c_p.l(_printf_percent.o)
    0x0000013e   0x0000000a   Code   RO          464    .ARM.Collect$$_printf_percent$$00000001  c_p.l(_printf_n.o)
    0x00000148   0x0000000a   Code   RO          466    .ARM.Collect$$_printf_percent$$00000002  c_p.l(_printf_p.o)
    0x00000152   0x0000000a   Code   RO          471    .ARM.Collect$$_printf_percent$$00000003  c_p.l(_printf_f.o)
    0x0000015c   0x0000000a   Code   RO          472    .ARM.Collect$$_printf_percent$$00000004  c_p.l(_printf_e.o)
    0x00000166   0x0000000a   Code   RO          473    .ARM.Collect$$_printf_percent$$00000005  c_p.l(_printf_g.o)
    0x00000170   0x0000000a   Code   RO          474    .ARM.Collect$$_printf_percent$$00000006  c_p.l(_printf_a.o)
    0x0000017a   0x0000000a   Code   RO          479    .ARM.Collect$$_printf_percent$$00000007  c_p.l(_printf_ll.o)
    0x00000184   0x0000000a   Code   RO          468    .ARM.Collect$$_printf_percent$$00000008  c_p.l(_printf_i.o)
    0x0000018e   0x0000000a   Code   RO          469    .ARM.Collect$$_printf_percent$$00000009  c_p.l(_printf_d.o)
    0x00000198   0x0000000a   Code   RO          470    .ARM.Collect$$_printf_percent$$0000000A  c_p.l(_printf_u.o)
    0x000001a2   0x0000000a   Code   RO          467    .ARM.Collect$$_printf_percent$$0000000B  c_p.l(_printf_o.o)
    0x000001ac   0x0000000a   Code   RO          465    .ARM.Collect$$_printf_percent$$0000000C  c_p.l(_printf_x.o)
    0x000001b6   0x0000000a   Code   RO          476    .ARM.Collect$$_printf_percent$$0000000D  c_p.l(_printf_lli.o)
    0x000001c0   0x0000000a   Code   RO          477    .ARM.Collect$$_printf_percent$$0000000E  c_p.l(_printf_lld.o)
    0x000001ca   0x0000000a   Code   RO          478    .ARM.Collect$$_printf_percent$$0000000F  c_p.l(_printf_llu.o)
    0x000001d4   0x0000000a   Code   RO          483    .ARM.Collect$$_printf_percent$$00000010  c_p.l(_printf_llo.o)
    0x000001de   0x0000000a   Code   RO          484    .ARM.Collect$$_printf_percent$$00000011  c_p.l(_printf_llx.o)
    0x000001e8   0x0000000a   Code   RO          480    .ARM.Collect$$_printf_percent$$00000012  c_p.l(_printf_l.o)
    0x000001f2   0x0000000a   Code   RO          462    .ARM.Collect$$_printf_percent$$00000013  c_p.l(_printf_c.o)
    0x000001fc   0x0000000a   Code   RO          463    .ARM.Collect$$_printf_percent$$00000014  c_p.l(_printf_s.o)
    0x00000206   0x0000000a   Code   RO          481    .ARM.Collect$$_printf_percent$$00000015  c_p.l(_printf_lc.o)
    0x00000210   0x0000000a   Code   RO          482    .ARM.Collect$$_printf_percent$$00000016  c_p.l(_printf_ls.o)
    0x0000021a   0x00000004   Code   RO          516    .ARM.Collect$$_printf_percent$$00000017  c_p.l(_printf_percent_end.o)
    0x0000021e   0x00000002   Code   RO          554    .ARM.Collect$$libinit$$00000000  c_p.l(libinit.o)
    0x00000220   0x00000000   Code   RO          578    .ARM.Collect$$libinit$$00000002  c_p.l(libinit2.o)
    0x00000220   0x00000000   Code   RO          580    .ARM.Collect$$libinit$$00000004  c_p.l(libinit2.o)
    0x00000220   0x00000000   Code   RO          583    .ARM.Collect$$libinit$$0000000A  c_p.l(libinit2.o)
    0x00000220   0x00000000   Code   RO          585    .ARM.Collect$$libinit$$0000000C  c_p.l(libinit2.o)
    0x00000220   0x00000000   Code   RO          587    .ARM.Collect$$libinit$$0000000E  c_p.l(libinit2.o)
    0x00000220   0x00000006   Code   RO          588    .ARM.Collect$$libinit$$0000000F  c_p.l(libinit2.o)
    0x00000226   0x00000000   Code   RO          590    .ARM.Collect$$libinit$$00000011  c_p.l(libinit2.o)
    0x00000226   0x0000000c   Code   RO          591    .ARM.Collect$$libinit$$00000012  c_p.l(libinit2.o)
    0x00000232   0x00000000   Code   RO          592    .ARM.Collect$$libinit$$00000013  c_p.l(libinit2.o)
    0x00000232   0x00000000   Code   RO          594    .ARM.Collect$$libinit$$00000015  c_p.l(libinit2.o)
    0x00000232   0x0000000a   Code   RO          595    .ARM.Collect$$libinit$$00000016  c_p.l(libinit2.o)
    0x0000023c   0x00000000   Code   RO          596    .ARM.Collect$$libinit$$00000017  c_p.l(libinit2.o)
    0x0000023c   0x00000000   Code   RO          598    .ARM.Collect$$libinit$$00000019  c_p.l(libinit2.o)
    0x0000023c   0x00000000   Code   RO          600    .ARM.Collect$$libinit$$0000001B  c_p.l(libinit2.o)
    0x0000023c   0x00000000   Code   RO          602    .ARM.Collect$$libinit$$0000001D  c_p.l(libinit2.o)
    0x0000023c   0x00000000   Code   RO          604    .ARM.Collect$$libinit$$0000001F  c_p.l(libinit2.o)
    0x0000023c   0x00000000   Code   RO          606    .ARM.Collect$$libinit$$00000021  c_p.l(libinit2.o)
    0x0000023c   0x00000000   Code   RO          608    .ARM.Collect$$libinit$$00000023  c_p.l(libinit2.o)
    0x0000023c   0x00000000   Code   RO          610    .ARM.Collect$$libinit$$00000025  c_p.l(libinit2.o)
    0x0000023c   0x00000000   Code   RO          614    .ARM.Collect$$libinit$$0000002C  c_p.l(libinit2.o)
    0x0000023c   0x00000000   Code   RO          616    .ARM.Collect$$libinit$$0000002E  c_p.l(libinit2.o)
    0x0000023c   0x00000000   Code   RO          618    .ARM.Collect$$libinit$$00000030  c_p.l(libinit2.o)
    0x0000023c   0x00000000   Code   RO          620    .ARM.Collect$$libinit$$00000032  c_p.l(libinit2.o)
    0x0000023c   0x00000002   Code   RO          621    .ARM.Collect$$libinit$$00000033  c_p.l(libinit2.o)
    0x0000023e   0x00000002   Code   RO          652    .ARM.Collect$$libshutdown$$00000000  c_p.l(libshutdown.o)
    0x00000240   0x00000000   Code   RO          679    .ARM.Collect$$libshutdown$$00000003  c_p.l(libshutdown2.o)
    0x00000240   0x00000000   Code   RO          682    .ARM.Collect$$libshutdown$$00000006  c_p.l(libshutdown2.o)
    0x00000240   0x00000000   Code   RO          685    .ARM.Collect$$libshutdown$$00000009  c_p.l(libshutdown2.o)
    0x00000240   0x00000000   Code   RO          687    .ARM.Collect$$libshutdown$$0000000B  c_p.l(libshutdown2.o)
    0x00000240   0x00000000   Code   RO          690    .ARM.Collect$$libshutdown$$0000000E  c_p.l(libshutdown2.o)
    0x00000240   0x00000002   Code   RO          691    .ARM.Collect$$libshutdown$$0000000F  c_p.l(libshutdown2.o)
    0x00000242   0x00000000   Code   RO          389    .ARM.Collect$$rtentry$$00000000  c_p.l(__rtentry.o)
    0x00000242   0x00000000   Code   RO          488    .ARM.Collect$$rtentry$$00000002  c_p.l(__rtentry2.o)
    0x00000242   0x00000006   Code   RO          500    .ARM.Collect$$rtentry$$00000004  c_p.l(__rtentry4.o)
    0x00000248   0x00000000   Code   RO          490    .ARM.Collect$$rtentry$$00000009  c_p.l(__rtentry2.o)
    0x00000248   0x00000004   Code   RO          491    .ARM.Collect$$rtentry$$0000000A  c_p.l(__rtentry2.o)
    0x0000024c   0x00000000   Code   RO          493    .ARM.Collect$$rtentry$$0000000C  c_p.l(__rtentry2.o)
    0x0000024c   0x00000008   Code   RO          494    .ARM.Collect$$rtentry$$0000000D  c_p.l(__rtentry2.o)
    0x00000254   0x00000002   Code   RO          564    .ARM.Collect$$rtexit$$00000000  c_p.l(rtexit.o)
    0x00000256   0x00000000   Code   RO          625    .ARM.Collect$$rtexit$$00000002  c_p.l(rtexit2.o)
    0x00000256   0x00000004   Code   RO          626    .ARM.Collect$$rtexit$$00000003  c_p.l(rtexit2.o)
    0x0000025a   0x00000006   Code   RO          627    .ARM.Collect$$rtexit$$00000004  c_p.l(rtexit2.o)
    0x00000260   0x00000038   Code   RO          373    .emb_text           c_p.l(rt_memcpy.o)
    0x00000298   0x00000034   Code   RO          209  * .text               startup_lpc82x.o
    0x000002cc   0x00000024   Code   RO          371    .text               c_p.l(c89vsprintf.o)
    0x000002f0   0x00000006   Code   RO          385    .text               c_p.l(heapauxi.o)
    0x000002f6   0x00000002   Code   RO          641    .text               c_p.l(use_no_semi.o)
    0x000002f8   0x00000000   Code   RO          643    .text               c_p.l(indicate_semi.o)
    0x000002f8   0x00000000   Code   RO          557    x$fpl$usenofp       fz_ps.l(usenofp.o)
    0x000002f8   0x00000004   PAD
    0x000002fc   0x00000004   Code   RO          208    .ARM.__at_0x02FC    startup_lpc82x.o
    0x00000300   0x00000118   Code   RO            3    .text               lpc8xx_gpio.o
    0x00000418   0x000001e0   Code   RO           54    .text               lpc8xx_spi.o
    0x000005f8   0x000001fc   Code   RO           74    .text               lpc8xx_uart.o
    0x000007f4   0x00000224   Code   RO          112    .text               system_lpc8xx.o
    0x00000a18   0x00000210   Code   RO          217    .text               main.o
    0x00000c28   0x00000414   Code   RO          237    .text               test.o
    0x0000103c   0x0000004e   Code   RO          260    .text               utility.o
    0x0000108a   0x00000002   PAD
    0x0000108c   0x00000482   Code   RO          280    .text               fm175xx.o
    0x0000150e   0x00000396   Code   RO          307    .text               mifare_card.o
    0x000018a4   0x0000056c   Code   RO          333    .text               type_a.o
    0x00001e10   0x00000138   Code   RO          353    .text               type_b.o
    0x00001f48   0x00000082   Code   RO          374    .text               c_p.l(rt_memcpy.o)
    0x00001fca   0x00000012   Code   RO          377    .text               c_p.l(aeabi_memset.o)
    0x00001fdc   0x00000040   Code   RO          379    .text               c_p.l(rt_memclr.o)
    0x0000201c   0x0000015a   Code   RO          381    .text               c_p.l(aeabi_sdiv.o)
    0x00002176   0x0000004e   Code   RO          396    .text               c_p.l(_printf_pad.o)
    0x000021c4   0x00000024   Code   RO          398    .text               c_p.l(_printf_truncate.o)
    0x000021e8   0x00000052   Code   RO          400    .text               c_p.l(_printf_str.o)
    0x0000223a   0x00000002   PAD
    0x0000223c   0x0000006c   Code   RO          402    .text               c_p.l(_printf_dec.o)
    0x000022a8   0x00000026   Code   RO          404    .text               c_p.l(_printf_charcount.o)
    0x000022ce   0x00000002   PAD
    0x000022d0   0x00000030   Code   RO          406    .text               c_p.l(_printf_char_common.o)
    0x00002300   0x0000000a   Code   RO          408    .text               c_p.l(_sputc.o)
    0x0000230a   0x00000002   PAD
    0x0000230c   0x000000bc   Code   RO          410    .text               c_p.l(_printf_wctomb.o)
    0x000023c8   0x00000070   Code   RO          413    .text               c_p.l(_printf_longlong_dec.o)
    0x00002438   0x00000070   Code   RO          419    .text               c_p.l(_printf_oct_int_ll.o)
    0x000024a8   0x00000098   Code   RO          439    .text               c_p.l(_printf_hex_int_ll_ptr.o)
    0x00002540   0x00000188   Code   RO          459    .text               c_p.l(__printf_flags_ss_wp.o)
    0x000026c8   0x0000007a   Code   RO          504    .text               c_p.l(lludiv10.o)
    0x00002742   0x000000b0   Code   RO          506    .text               c_p.l(_printf_intcommon.o)
    0x000027f2   0x00000002   PAD
    0x000027f4   0x00000414   Code   RO          508    .text               c_p.l(_printf_fp_dec.o)
    0x00002c08   0x0000002e   Code   RO          512    .text               c_p.l(_printf_char.o)
    0x00002c36   0x0000002e   Code   RO          514    .text               c_p.l(_printf_wchar.o)
    0x00002c64   0x00000040   Code   RO          517    .text               c_p.l(_wcrtomb.o)
    0x00002ca4   0x00000028   Code   RO          519    .text               c_p.l(rtudiv10.o)
    0x00002ccc   0x0000003e   Code   RO          521    .text               c_p.l(sys_stackheap_outer.o)
    0x00002d0a   0x00000002   PAD
    0x00002d0c   0x00000010   Code   RO          524    .text               c_p.l(rt_ctype_table.o)
    0x00002d1c   0x00000008   Code   RO          529    .text               c_p.l(rt_locale_intlibspace.o)
    0x00002d24   0x00000088   Code   RO          531    .text               c_p.l(_printf_fp_infnan.o)
    0x00002dac   0x000000c8   Code   RO          533    .text               c_p.l(bigflt0.o)
    0x00002e74   0x000004a8   Code   RO          536    .text               c_p.l(btod.o)
    0x0000331c   0x0000000c   Code   RO          543    .text               c_p.l(exit.o)
    0x00003328   0x00000008   Code   RO          560    .text               c_p.l(libspace.o)
    0x00003330   0x00000088   Code   RO          575    .text               c_p.l(strcmp.o)
    0x000033b8   0x0000000c   Code   RO          622    .text               c_p.l(sys_exit.o)
    0x000033c4   0x00000030   Code   RO          538    i.__ARM_common_ll_muluu  c_p.l(btod.o)
    0x000033f4   0x0000001c   Code   RO          130    i.__ARM_common_switch8  system_lpc8xx.o
    0x00003410   0x0000002c   Code   RO          558    i.__ARM_fpclassify  m_ps.l(fpclassify.o)
    0x0000343c   0x0000000e   Code   RO          452    i._is_digit         c_p.l(__printf_wp.o)
    0x0000344a   0x00000002   PAD
    0x0000344c   0x0000002c   Code   RO          541    locale$$code        c_p.l(lc_numeric_c.o)
    0x00003478   0x0000002c   Code   RO          569    locale$$code        c_p.l(lc_ctype_c.o)
    0x000034a4   0x00000010   Code   RO          485    x$fpl$printf1       fz_ps.l(printf1.o)
    0x000034b4   0x00000008   Data   RO          411    .constdata          c_p.l(_printf_wctomb.o)
    0x000034bc   0x00000028   Data   RO          440    .constdata          c_p.l(_printf_hex_int_ll_ptr.o)
    0x000034e4   0x00000011   Data   RO          460    .constdata          c_p.l(__printf_flags_ss_wp.o)
    0x000034f5   0x00000003   PAD
    0x000034f8   0x00000094   Data   RO          534    .constdata          c_p.l(bigflt0.o)
    0x0000358c   0x00000052   Data   RO          239    .conststring        test.o
    0x000035de   0x00000002   PAD
    0x000035e0   0x00000020   Data   RO          692    Region$$Table       anon$$obj.o
    0x00003600   0x0000001c   Data   RO          540    locale$$data        c_p.l(lc_numeric_c.o)
    0x0000361c   0x00000110   Data   RO          568    locale$$data        c_p.l(lc_ctype_c.o)


    Execution Region ER_RW (Base: 0x10000000, Size: 0x00000014, Max: 0xffffffff, ABSOLUTE)

    Base Addr    Size         Type   Attr      Idx    E Section Name        Object

    0x10000000   0x0000000e   Data   RW           76    .data               lpc8xx_uart.o
    0x1000000e   0x00000002   PAD
    0x10000010   0x00000004   Data   RW          113    .data               system_lpc8xx.o


    Execution Region ER_ZI (Base: 0x10000014, Size: 0x0000038c, Max: 0xffffffff, ABSOLUTE)

    Base Addr    Size         Type   Attr      Idx    E Section Name        Object

    0x10000014   0x00000108   Zero   RW           75    .bss                lpc8xx_uart.o
    0x1000011c   0x0000001e   Zero   RW          238    .bss                test.o
    0x1000013a   0x00000002   PAD
    0x1000013c   0x00000060   Zero   RW          561    .bss                c_p.l(libspace.o)
    0x1000019c   0x00000004   PAD
    0x100001a0   0x00000000   Zero   RW          206    HEAP                startup_lpc82x.o
    0x100001a0   0x00000200   Zero   RW          205    STACK               startup_lpc82x.o


==============================================================================

Image component sizes


      Code (inc. data)   RO Data    RW Data    ZI Data      Debug   Object Name

      1154         26          0          0          0       5459   fm175xx.o
       280         24          0          0          0      15654   lpc8xx_gpio.o
       480         36          0          0          0       1773   lpc8xx_spi.o
       508         42          0         14        264       8769   lpc8xx_uart.o
       528         54          0          0          0       2104   main.o
       918          0          0          0          0       3604   mifare_card.o
        56         28        192          0        512        720   startup_lpc82x.o
       576         98          0          4          0       2045   system_lpc8xx.o
      1044        222         82          0         30       2392   test.o
      1388         28          0          0          0       3670   type_a.o
       312          0          0          0          0       1891   type_b.o
         0          0          0          0          0        280   uart.o
        78          0          0          0          0       1263   utility.o

    ----------------------------------------------------------------------
      7324        558        308         20        808      49624   Object Totals
         0          0         32          0          0          0   (incl. Generated)
         2          0          2          2          2          0   (incl. Padding)

    ----------------------------------------------------------------------

      Code (inc. data)   RO Data    RW Data    ZI Data      Debug   Library Member Name

         8          0          0          0          0         68   __main.o
       392          6         17          0          0         76   __printf_flags_ss_wp.o
        14          0          0          0          0         60   __printf_wp.o
         0          0          0          0          0          0   __rtentry.o
        12          0          0          0          0          0   __rtentry2.o
         6          0          0          0          0          0   __rtentry4.o
        60          8          0          0          0          0   __scatter.o
        26          0          0          0          0          0   __scatter_copy.o
        28          0          0          0          0          0   __scatter_zi.o
        10          0          0          0          0          0   _printf_a.o
        10          0          0          0          0          0   _printf_c.o
        46          0          0          0          0        100   _printf_char.o
        48          6          0          0          0         88   _printf_char_common.o
        38          0          0          0          0         60   _printf_charcount.o
        10          0          0          0          0          0   _printf_d.o
       108         18          0          0          0         76   _printf_dec.o
        10          0          0          0          0          0   _printf_e.o
        10          0          0          0          0          0   _printf_f.o
      1044         14          0          0          0        176   _printf_fp_dec.o
       136         16          0          0          0         76   _printf_fp_infnan.o
        10          0          0          0          0          0   _printf_g.o
       152          4         40          0          0        148   _printf_hex_int_ll_ptr.o
        10          0          0          0          0          0   _printf_i.o
       176          0          0          0          0         84   _printf_intcommon.o
        10          0          0          0          0          0   _printf_l.o
        10          0          0          0          0          0   _printf_lc.o
        10          0          0          0          0          0   _printf_ll.o
        10          0          0          0          0          0   _printf_lld.o
        10          0          0          0          0          0   _printf_lli.o
        10          0          0          0          0          0   _printf_llo.o
        10          0          0          0          0          0   _printf_llu.o
        10          0          0          0          0          0   _printf_llx.o
       112         18          0          0          0         76   _printf_longlong_dec.o
        10          0          0          0          0          0   _printf_ls.o
        10          0          0          0          0          0   _printf_n.o
        10          0          0          0          0          0   _printf_o.o
       112         10          0          0          0        112   _printf_oct_int_ll.o
        10          0          0          0          0          0   _printf_p.o
        78          0          0          0          0        100   _printf_pad.o
         2          0          0          0          0          0   _printf_percent.o
         4          0          0          0          0          0   _printf_percent_end.o
        10          0          0          0          0          0   _printf_s.o
        82          0          0          0          0         72   _printf_str.o
        36          0          0          0          0         76   _printf_truncate.o
        10          0          0          0          0          0   _printf_u.o
        46          0          0          0          0        100   _printf_wchar.o
       188          6          8          0          0         80   _printf_wctomb.o
        10          0          0          0          0          0   _printf_x.o
        10          0          0          0          0         60   _sputc.o
        64          0          0          0          0         72   _wcrtomb.o
        18          0          0          0          0         68   aeabi_memset.o
       346          0          0          0          0         92   aeabi_sdiv.o
       200          4        148          0          0         80   bigflt0.o
      1240         12          0          0          0        316   btod.o
        36          4          0          0          0         68   c89vsprintf.o
        12          0          0          0          0         64   exit.o
         6          0          0          0          0        136   heapauxi.o
         0          0          0          0          0          0   indicate_semi.o
        44         10        272          0          0         76   lc_ctype_c.o
        44         10         28          0          0         76   lc_numeric_c.o
         2          0          0          0          0          0   libinit.o
        30          0          0          0          0          0   libinit2.o
         2          0          0          0          0          0   libshutdown.o
         2          0          0          0          0          0   libshutdown2.o
         8          4          0          0         96         68   libspace.o
       122          0          0          0          0         72   lludiv10.o
        16          4          0          0          0         76   rt_ctype_table.o
         8          4          0          0          0         68   rt_locale_intlibspace.o
        64          0          0          0          0        108   rt_memclr.o
       186          0          0          0          0        144   rt_memcpy.o
         2          0          0          0          0          0   rtexit.o
        10          0          0          0          0          0   rtexit2.o
        40          0          0          0          0         60   rtudiv10.o
       136          4          0          0          0         72   strcmp.o
        12          4          0          0          0         60   sys_exit.o
        62          0          0          0          0         80   sys_stackheap_outer.o
         2          0          0          0          0         68   use_no_semi.o
        16          4          0          0          0         76   printf1.o
         0          0          0          0          0          0   usenofp.o
        44          4          0          0          0         60   fpclassify.o

    ----------------------------------------------------------------------
      5976        174        516          0        100       3748   Library Totals
        18          0          3          0          4          0   (incl. Padding)

    ----------------------------------------------------------------------

      Code (inc. data)   RO Data    RW Data    ZI Data      Debug   Library Name

      5898        166        513          0         96       3612   c_p.l
        16          4          0          0          0         76   fz_ps.l
        44          4          0          0          0         60   m_ps.l

    ----------------------------------------------------------------------
      5976        174        516          0        100       3748   Library Totals

    ----------------------------------------------------------------------

==============================================================================


      Code (inc. data)   RO Data    RW Data    ZI Data      Debug   

     13300        732        824         20        908      50936   Grand Totals
     13300        732        824         20        908      50936   ELF Image Totals
     13300        732        824         20          0          0   ROM Totals

==============================================================================

    Total RO  Size (Code + RO Data)                14124 (  13.79kB)
    Total RW  Size (RW Data + ZI Data)               928 (   0.91kB)
    Total ROM Size (Code + RO Data + RW Data)      14144 (  13.81kB)

==============================================================================

